Component: ARM Compiler 5.06 update 1 (build 61) Tool: armlink [4d35a8]

==============================================================================

Section Cross References

    main_test_pwm.o(i.Init_UART) refers to uart_lpc17xx.o(.constdata) for Driver_USART0
    main_test_pwm.o(i.Init_UART) refers to main_test_pwm.o(i.myUSART_callback) for myUSART_callback
    main_test_pwm.o(i.Thread_Data_Lidar) refers to rt_cmsis.o(i.osDelay) for osDelay
    main_test_pwm.o(i.Thread_Data_Lidar) refers to rt_cmsis.o(i.osSignalWait) for osSignalWait
    main_test_pwm.o(i.Thread_Data_Lidar) refers to glcd_mcb1700.o(i.GLCD_DrawString) for GLCD_DrawString
    main_test_pwm.o(i.Thread_Data_Lidar) refers to dflt_clz.o(x$fpl$dflt) for __aeabi_i2d
    main_test_pwm.o(i.Thread_Data_Lidar) refers to ddiv.o(x$fpl$ddiv) for __aeabi_ddiv
    main_test_pwm.o(i.Thread_Data_Lidar) refers to dfix.o(x$fpl$dfix) for __aeabi_d2iz
    main_test_pwm.o(i.Thread_Data_Lidar) refers to rt_cmsis.o(i.osMailAlloc) for osMailAlloc
    main_test_pwm.o(i.Thread_Data_Lidar) refers to rt_cmsis.o(i.osMailPut) for osMailPut
    main_test_pwm.o(i.Thread_Data_Lidar) refers to uart_lpc17xx.o(.constdata) for Driver_USART0
    main_test_pwm.o(i.Thread_Data_Lidar) refers to main_test_pwm.o(.data) for ID_BAL_DATALIDAR
    main_test_pwm.o(i.Thread_Print_Lidar) refers to _printf_percent.o(.ARM.Collect$$_printf_percent$$00000000) for _printf_percent
    main_test_pwm.o(i.Thread_Print_Lidar) refers to _printf_f.o(.ARM.Collect$$_printf_percent$$00000003) for _printf_f
    main_test_pwm.o(i.Thread_Print_Lidar) refers to printf1.o(x$fpl$printf1) for _printf_fp_dec
    main_test_pwm.o(i.Thread_Print_Lidar) refers to _printf_pad.o(.text) for _printf_pre_padding
    main_test_pwm.o(i.Thread_Print_Lidar) refers to rt_cmsis.o(i.osMailGet) for osMailGet
    main_test_pwm.o(i.Thread_Print_Lidar) refers to rt_cmsis.o(i.osMailFree) for osMailFree
    main_test_pwm.o(i.Thread_Print_Lidar) refers to dflt_clz.o(x$fpl$dflt) for __aeabi_i2d
    main_test_pwm.o(i.Thread_Print_Lidar) refers to dmul.o(x$fpl$dmul) for __aeabi_dmul
    main_test_pwm.o(i.Thread_Print_Lidar) refers to d2f.o(x$fpl$d2f) for __aeabi_d2f
    main_test_pwm.o(i.Thread_Print_Lidar) refers to fflt_clz.o(x$fpl$fflt) for __aeabi_i2f
    main_test_pwm.o(i.Thread_Print_Lidar) refers to f2d.o(x$fpl$f2d) for __aeabi_f2d
    main_test_pwm.o(i.Thread_Print_Lidar) refers to cos.o(i.cos) for cos
    main_test_pwm.o(i.Thread_Print_Lidar) refers to sin.o(i.sin) for sin
    main_test_pwm.o(i.Thread_Print_Lidar) refers to frleqf.o(x$fpl$frleqf) for __aeabi_cfrcmple
    main_test_pwm.o(i.Thread_Print_Lidar) refers to fleqf.o(x$fpl$fleqf) for __aeabi_cfcmple
    main_test_pwm.o(i.Thread_Print_Lidar) refers to noretval__2sprintf.o(.text) for __2sprintf
    main_test_pwm.o(i.Thread_Print_Lidar) refers to glcd_mcb1700.o(i.GLCD_DrawString) for GLCD_DrawString
    main_test_pwm.o(i.Thread_Print_Lidar) refers to main_test_pwm.o(.data) for ID_BAL_DATALIDAR
    main_test_pwm.o(i.main) refers to rt_cmsis.o(i.osKernelInitialize) for osKernelInitialize
    main_test_pwm.o(i.main) refers to glcd_mcb1700.o(i.GLCD_Initialize) for GLCD_Initialize
    main_test_pwm.o(i.main) refers to glcd_mcb1700.o(i.GLCD_SetBackgroundColor) for GLCD_SetBackgroundColor
    main_test_pwm.o(i.main) refers to glcd_mcb1700.o(i.GLCD_SetForegroundColor) for GLCD_SetForegroundColor
    main_test_pwm.o(i.main) refers to glcd_mcb1700.o(i.GLCD_SetFont) for GLCD_SetFont
    main_test_pwm.o(i.main) refers to glcd_mcb1700.o(i.GLCD_ClearScreen) for GLCD_ClearScreen
    main_test_pwm.o(i.main) refers to main_test_pwm.o(i.Init_UART) for Init_UART
    main_test_pwm.o(i.main) refers to main_test_pwm.o(i.pwm_init_lidar) for pwm_init_lidar
    main_test_pwm.o(i.main) refers to rt_cmsis.o(i.osMailCreate) for osMailCreate
    main_test_pwm.o(i.main) refers to rt_cmsis.o(i.osThreadCreate) for osThreadCreate
    main_test_pwm.o(i.main) refers to rt_cmsis.o(i.osKernelStart) for osKernelStart
    main_test_pwm.o(i.main) refers to rt_cmsis.o(i.osDelay) for osDelay
    main_test_pwm.o(i.main) refers to glcd_fonts.o(.constdata) for GLCD_Font_16x24
    main_test_pwm.o(i.main) refers to main_test_pwm.o(.constdata) for os_mailQ_def_BAL_DATALIDAR
    main_test_pwm.o(i.main) refers to main_test_pwm.o(.data) for ID_BAL_DATALIDAR
    main_test_pwm.o(i.myUSART_callback) refers to rt_cmsis.o(i.osSignalSet) for osSignalSet
    main_test_pwm.o(i.myUSART_callback) refers to main_test_pwm.o(.data) for ID_GetLidarData
    main_test_pwm.o(.constdata) refers to main_test_pwm.o(.data) for os_mailQ_p_BAL_DATALIDAR
    main_test_pwm.o(.constdata) refers to main_test_pwm.o(i.Thread_Data_Lidar) for Thread_Data_Lidar
    main_test_pwm.o(.constdata) refers to main_test_pwm.o(i.Thread_Print_Lidar) for Thread_Print_Lidar
    main_test_pwm.o(.data) refers to main_test_pwm.o(.bss) for os_mailQ_q_BAL_DATALIDAR
[...]
    background_color                         0x1000001e   Data           2  glcd_mcb1700.o(.data)
    active_font                              0x10000020   Data           4  glcd_mcb1700.o(.data)
    Himax                                    0x10000024   Data           1  glcd_mcb1700.o(.data)
    .data                                    0x10000028   Section       20  rtx_conf_cm.o(.data)
    nr_mutex                                 0x10000038   Data           4  rtx_conf_cm.o(.data)
    .data                                    0x1000003c   Section       16  ssp_lpc17xx.o(.data)
    SSP1_pin_sck                             0x1000003c   Data           2  ssp_lpc17xx.o(.data)
    SSP1_pin_miso                            0x1000003e   Data           2  ssp_lpc17xx.o(.data)
    SSP1_pin_mosi                            0x10000040   Data           2  ssp_lpc17xx.o(.data)
    SSP1_pin_ssel                            0x10000042   Data           2  ssp_lpc17xx.o(.data)
    dummy_data                               0x10000044   Data           4  ssp_lpc17xx.o(.data)
    dummy_data                               0x10000048   Data           4  ssp_lpc17xx.o(.data)
    .data                                    0x1000004c   Section        4  uart_lpc17xx.o(.data)
    USART0_pin_tx                            0x1000004c   Data           2  uart_lpc17xx.o(.data)
    USART0_pin_rx                            0x1000004e   Data           2  uart_lpc17xx.o(.data)
    .data                                    0x10000050   Section        8  gpdma_lpc17xx.o(.data)
    Channel_active                           0x10000050   Data           4  gpdma_lpc17xx.o(.data)
    Init_cnt                                 0x10000054   Data           4  gpdma_lpc17xx.o(.data)
    .data                                    0x10000058   Section        4  system_lpc17xx.o(.data)
    .data                                    0x1000005c   Section        8  rt_cmsis.o(.data)
    .data                                    0x10000064   Section        8  rt_task.o(.data)
    .data                                    0x1000006c   Section        8  rt_system.o(.data)
    os_lock                                  0x1000006c   Data           1  rt_system.o(.data)
    os_psh_flag                              0x1000006d   Data           1  rt_system.o(.data)
    pend_flags                               0x1000006e   Data           1  rt_system.o(.data)
    .data                                    0x10000074   Section        4  rt_time.o(.data)
    .data                                    0x10000078   Section        8  rt_robin.o(.data)
    .data                                    0x10000080   Section        1  hal_cm.o(.data)
    .bss                                     0x10000084   Section      156  main_test_pwm.o(.bss)
    .bss                                     0x10000120   Section    11244  rtx_conf_cm.o(.bss)
    std_libspace                             0x10002a4c   Data         576  rtx_conf_cm.o(.bss)
    std_libmutex                             0x10002c8c   Data         128  rtx_conf_cm.o(.bss)
    .bss                                     0x10002d0c   Section       40  ssp_lpc17xx.o(.bss)
    SSP1_Info                                0x10002d0c   Data          12  ssp_lpc17xx.o(.bss)
    SSP1_Xfer                                0x10002d18   Data          28  ssp_lpc17xx.o(.bss)
    .bss                                     0x10002d34   Section       52  uart_lpc17xx.o(.bss)
    USART0_Info                              0x10002d34   Data          52  uart_lpc17xx.o(.bss)
    .bss                                     0x10002d68   Section      160  gpdma_lpc17xx.o(.bss)
    Channel_info                             0x10002d68   Data         160  gpdma_lpc17xx.o(.bss)
    .bss                                     0x10002e08   Section       52  rt_task.o(.bss)
    .bss                                     0x10002e3c   Section       48  rt_list.o(.bss)
    .bss                                     0x10002e6c   Section       96  libspace.o(.bss)
    HEAP                                     0x10002ed0   Section        0  startup_lpc17xx.o(HEAP)
    STACK                                    0x10002ed0   Section      512  startup_lpc17xx.o(STACK)
    Heap_Mem                                 0x10002ed0   Data           0  startup_lpc17xx.o(HEAP)
    Stack_Mem                                0x10002ed0   Data         512  startup_lpc17xx.o(STACK)
    __initial_sp                             0x100030d0   Data           0  startup_lpc17xx.o(STACK)

    Global Symbols

    Symbol Name                              Value     Ov Type        Size  Object(Section)

    BuildAttributes$$THM_ISAv4$P$D$K$B$S$PE$A:L22UL41UL21$X:L11$S22US41US21$IEEE1$IW$USESV6$~STKCKD$USESV7$~SHL$OTIME$ROPI$IEEEX$EBA8$UX$STANDARDLIB$REQ8$PRES8$EABIv2 0x00000000   Number         0  anon$$obj.o ABSOLUTE
    __ARM_use_no_argv                        0x00000000   Number         0  main_test_pwm.o ABSOLUTE
    __Vectors                                0x00000000   Data           4  startup_lpc17xx.o(RESET)
    _printf_flags                            0x00000000   Number         0  printf_stubs.o ABSOLUTE
    _printf_return_value                     0x00000000   Number         0  printf_stubs.o ABSOLUTE
    _printf_sizespec                         0x00000000   Number         0  printf_stubs.o ABSOLUTE
    _printf_widthprec                        0x00000000   Number         0  printf_stubs.o ABSOLUTE
    __ARM_exceptions_init                     - Undefined Weak Reference
    __alloca_initialize                       - Undefined Weak Reference
    __arm_preinit_                            - Undefined Weak Reference
    __cpp_initialize__aeabi_                  - Undefined Weak Reference
    __cxa_finalize                            - Undefined Weak Reference
    __sigvec_lookup                           - Undefined Weak Reference
    _atexit_init                              - Undefined Weak Reference
    _call_atexit_fns                          - Undefined Weak Reference
    _clock_init                               - Undefined Weak Reference
    _fp_trap_init                             - Undefined Weak Reference
    _fp_trap_shutdown                         - Undefined Weak Reference
    _get_lc_collate                           - Undefined Weak Reference
    _get_lc_ctype                             - Undefined Weak Reference
    _get_lc_monetary                          - Undefined Weak Reference
    _get_lc_time                              - Undefined Weak Reference
    _getenv_init                              - Undefined Weak Reference
    _handle_redirection                       - Undefined Weak Reference
    _init_alloc                               - Undefined Weak Reference
    _init_user_alloc                          - Undefined Weak Reference
    _initio                                   - Undefined Weak Reference
    _rand_init                                - Undefined Weak Reference
    _signal_finish                            - Undefined Weak Reference
    _signal_init                              - Undefined Weak Reference
    _terminate_alloc                          - Undefined Weak Reference
    _terminate_user_alloc                     - Undefined Weak Reference
    _terminateio                              - Undefined Weak Reference
    __main                                   0x000000cd   Thumb Code     8  __main.o(!!!main)
    __scatterload                            0x000000d5   Thumb Code     0  __scatter.o(!!!scatter)
    __scatterload_rt2                        0x000000d5   Thumb Code    44  __scatter.o(!!!scatter)
    __scatterload_rt2_thumb_only             0x000000d5   Thumb Code     0  __scatter.o(!!!scatter)
    __scatterload_null                       0x000000e3   Thumb Code     0  __scatter.o(!!!scatter)
    __scatterload_copy                       0x00000109   Thumb Code    26  __scatter_copy.o(!!handler_copy)
    __scatterload_zeroinit                   0x00000125   Thumb Code    28  __scatter_zi.o(!!handler_zi)
    _printf_f                                0x00000141   Thumb Code     0  _printf_f.o(.ARM.Collect$$_printf_percent$$00000003)
    _printf_percent                          0x00000141   Thumb Code     0  _printf_percent.o(.ARM.Collect$$_printf_percent$$00000000)
    _printf_percent_end                      0x00000147   Thumb Code     0  _printf_percent_end.o(.ARM.Collect$$_printf_percent$$00000017)
    __rt_lib_init                            0x0000014b   Thumb Code     0  libinit.o(.ARM.Collect$$libinit$$00000000)
    __rt_lib_init_fp_1                       0x0000014d   Thumb Code     0  libinit2.o(.ARM.Collect$$libinit$$00000002)
    __rt_lib_init_heap_1                     0x0000014d   Thumb Code     0  libinit2.o(.ARM.Collect$$libinit$$0000000A)
    __rt_lib_init_lc_common                  0x0000014d   Thumb Code     0  libinit2.o(.ARM.Collect$$libinit$$0000000F)
    __rt_lib_init_preinit_1                  0x0000014d   Thumb Code     0  libinit2.o(.ARM.Collect$$libinit$$00000004)
    __rt_lib_init_rand_1                     0x0000014d   Thumb Code     0  libinit2.o(.ARM.Collect$$libinit$$0000000E)
    __rt_lib_init_user_alloc_1               0x0000014d   Thumb Code     0  libinit2.o(.ARM.Collect$$libinit$$0000000C)
    __rt_lib_init_lc_collate_1               0x00000153   Thumb Code     0  libinit2.o(.ARM.Collect$$libinit$$00000011)
    __rt_lib_init_lc_ctype_1                 0x00000153   Thumb Code     0  libinit2.o(.ARM.Collect$$libinit$$00000013)
    __rt_lib_init_lc_monetary_1              0x00000153   Thumb Code     0  libinit2.o(.ARM.Collect$$libinit$$00000015)
    __rt_lib_init_lc_numeric_2               0x00000153   Thumb Code     0  libinit2.o(.ARM.Collect$$libinit$$00000016)
    __rt_lib_init_alloca_1                   0x0000015d   Thumb Code     0  libinit2.o(.ARM.Collect$$libinit$$0000002E)
    __rt_lib_init_argv_1                     0x0000015d   Thumb Code     0  libinit2.o(.ARM.Collect$$libinit$$0000002C)
    __rt_lib_init_atexit_1                   0x0000015d   Thumb Code     0  libinit2.o(.ARM.Collect$$libinit$$0000001B)
    __rt_lib_init_clock_1                    0x0000015d   Thumb Code     0  libinit2.o(.ARM.Collect$$libinit$$00000021)
    __rt_lib_init_cpp_1                      0x0000015d   Thumb Code     0  libinit2.o(.ARM.Collect$$libinit$$00000032)
    __rt_lib_init_exceptions_1               0x0000015d   Thumb Code     0  libinit2.o(.ARM.Collect$$libinit$$00000030)
    __rt_lib_init_fp_trap_1                  0x0000015d   Thumb Code     0  libinit2.o(.ARM.Collect$$libinit$$0000001F)
    __rt_lib_init_getenv_1                   0x0000015d   Thumb Code     0  libinit2.o(.ARM.Collect$$libinit$$00000023)
    __rt_lib_init_lc_numeric_1               0x0000015d   Thumb Code     0  libinit2.o(.ARM.Collect$$libinit$$00000017)
    __rt_lib_init_lc_time_1                  0x0000015d   Thumb Code     0  libinit2.o(.ARM.Collect$$libinit$$00000019)
    __rt_lib_init_return                     0x0000015d   Thumb Code     0  libinit2.o(.ARM.Collect$$libinit$$00000033)
    __rt_lib_init_signal_1                   0x0000015d   Thumb Code     0  libinit2.o(.ARM.Collect$$libinit$$0000001D)
    __rt_lib_init_stdio_1                    0x0000015d   Thumb Code     0  libinit2.o(.ARM.Collect$$libinit$$00000025)
    __rt_lib_shutdown                        0x0000015f   Thumb Code     0  libshutdown.o(.ARM.Collect$$libshutdown$$00000000)
    __rt_lib_shutdown_cpp_1                  0x00000161   Thumb Code     0  libshutdown2.o(.ARM.Collect$$libshutdown$$00000002)
    __rt_lib_shutdown_fp_trap_1              0x00000161   Thumb Code     0  libshutdown2.o(.ARM.Collect$$libshutdown$$00000007)
    __rt_lib_shutdown_heap_1                 0x00000161   Thumb Code     0  libshutdown2.o(.ARM.Collect$$libshutdown$$0000000F)
    __rt_lib_shutdown_return                 0x00000161   Thumb Code     0  libshutdown2.o(.ARM.Collect$$libshutdown$$00000010)
    __rt_lib_shutdown_signal_1               0x00000161   Thumb Code     0  libshutdown2.o(.ARM.Collect$$libshutdown$$0000000A)
    __rt_lib_shutdown_stdio_1                0x00000161   Thumb Code     0  libshutdown2.o(.ARM.Collect$$libshutdown$$00000004)
    __rt_lib_shutdown_user_alloc_1           0x00000161   Thumb Code     0  libshutdown2.o(.ARM.Collect$$libshutdown$$0000000C)
    __rt_entry                               0x00000163   Thumb Code     0  __rtentry.o(.ARM.Collect$$rtentry$$00000000)
    __rt_entry_presh_1                       0x00000163   Thumb Code     0  __rtentry2.o(.ARM.Collect$$rtentry$$00000002)
    __rt_entry_sh                            0x00000163   Thumb Code     0  __rtentry4.o(.ARM.Collect$$rtentry$$00000004)
    __rt_entry_li                            0x00000169   Thumb Code     0  __rtentry2.o(.ARM.Collect$$rtentry$$0000000A)
    __rt_entry_postsh_1                      0x00000169   Thumb Code     0  __rtentry2.o(.ARM.Collect$$rtentry$$00000009)
    __rt_entry_postli_1                      0x0000016d   Thumb Code     0  __rtentry2.o(.ARM.Collect$$rtentry$$0000000B)
    __rt_entry_main                          0x00000175   Thumb Code     0  __rtentry2.o(.ARM.Collect$$rtentry$$0000000D)
    __rt_exit                                0x0000017d   Thumb Code     0  rtexit.o(.ARM.Collect$$rtexit$$00000000)
    __rt_exit_ls                             0x0000017f   Thumb Code     0  rtexit2.o(.ARM.Collect$$rtexit$$00000003)
    __rt_exit_prels_1                        0x0000017f   Thumb Code     0  rtexit2.o(.ARM.Collect$$rtexit$$00000002)
    __rt_exit_exit                           0x00000183   Thumb Code     0  rtexit2.o(.ARM.Collect$$rtexit$$00000004)
    _platform_post_lib_init                  0x00000189   Thumb Code    24  rtx_conf_cm.o(.emb_text)
    rt_set_PSP                               0x000001a5   Thumb Code     6  hal_cm3.o(.emb_text)
    rt_get_PSP                               0x000001ab   Thumb Code     6  hal_cm3.o(.emb_text)
    os_set_env                               0x000001b1   Thumb Code    24  hal_cm3.o(.emb_text)
    _alloc_box                               0x000001cd   Thumb Code    28  hal_cm3.o(.emb_text)
    _free_box                                0x000001ed   Thumb Code    28  hal_cm3.o(.emb_text)
    SVC_Handler                              0x0000020d   Thumb Code   108  hal_cm3.o(.emb_text)
    PendSV_Handler                           0x00000285   Thumb Code    56  hal_cm3.o(.emb_text)
    SysTick_Handler                          0x000002c1   Thumb Code     8  hal_cm3.o(.emb_text)
    OS_Tick_Handler                          0x000002c9   Thumb Code    12  hal_cm3.o(.emb_text)
    __user_libspace                          0x000002d5   Thumb Code     8  libspace.o(.text)
    __user_perproc_libspace                  0x000002d5   Thumb Code     0  libspace.o(.text)
    exit                                     0x000002dd   Thumb Code    18  exit.o(.text)
    __use_two_region_memory                  0x000002ef   Thumb Code     2  heapauxi.o(.text)
    __rt_heap_escrow$2region                 0x000002f1   Thumb Code     2  heapauxi.o(.text)
    __rt_heap_expand$2region                 0x000002f3   Thumb Code     2  heapauxi.o(.text)
    __aeabi_errno_addr                       0x000002f5   Thumb Code     4  rt_errno_addr_twolibspace.o(.text)
    __errno$twolibspace                      0x000002f5   Thumb Code     0  rt_errno_addr_twolibspace.o(.text)
    __rt_errno_addr$twolibspace              0x000002f5   Thumb Code     0  rt_errno_addr_twolibspace.o(.text)
    __I$use$semihosting                      0x000002f9   Thumb Code     0  use_no_semi.o(.text)
    __use_no_semihosting_swi                 0x000002f9   Thumb Code     2  use_no_semi.o(.text)
    __semihosting_library_function           0x000002fb   Thumb Code     0  indicate_semi.o(.text)
    os_tick_irqack                           0x000002fb   Thumb Code     2  rt_system.o(i.os_tick_irqack)
    Reset_Handler                            0x00000301   Thumb Code     8  startup_lpc17xx.o(.text)
    NMI_Handler                              0x00000309   Thumb Code     2  startup_lpc17xx.o(.text)
    HardFault_Handler                        0x0000030b   Thumb Code     2  startup_lpc17xx.o(.text)
    MemManage_Handler                        0x0000030d   Thumb Code     2  startup_lpc17xx.o(.text)
    BusFault_Handler                         0x0000030f   Thumb Code     2  startup_lpc17xx.o(.text)
    UsageFault_Handler                       0x00000311   Thumb Code     2  startup_lpc17xx.o(.text)
    DebugMon_Handler                         0x00000315   Thumb Code     2  startup_lpc17xx.o(.text)
    ADC_IRQHandler                           0x0000031b   Thumb Code     0  startup_lpc17xx.o(.text)
    BOD_IRQHandler                           0x0000031b   Thumb Code     0  startup_lpc17xx.o(.text)
    CANActivity_IRQHandler                   0x0000031b   Thumb Code     0  startup_lpc17xx.o(.text)
    CAN_IRQHandler                           0x0000031b   Thumb Code     0  startup_lpc17xx.o(.text)
    EINT0_IRQHandler                         0x0000031b   Thumb Code     0  startup_lpc17xx.o(.text)
    EINT1_IRQHandler                         0x0000031b   Thumb Code     0  startup_lpc17xx.o(.text)
    EINT2_IRQHandler                         0x0000031b   Thumb Code     0  startup_lpc17xx.o(.text)
    EINT3_IRQHandler                         0x0000031b   Thumb Code     0  startup_lpc17xx.o(.text)
    ENET_IRQHandler                          0x0000031b   Thumb Code     0  startup_lpc17xx.o(.text)
    I2C0_IRQHandler                          0x0000031b   Thumb Code     0  startup_lpc17xx.o(.text)
    I2C1_IRQHandler                          0x0000031b   Thumb Code     0  startup_lpc17xx.o(.text)
    I2C2_IRQHandler                          0x0000031b   Thumb Code     0  startup_lpc17xx.o(.text)
    I2S_IRQHandler                           0x0000031b   Thumb Code     0  startup_lpc17xx.o(.text)
    MCPWM_IRQHandler                         0x0000031b   Thumb Code     0  startup_lpc17xx.o(.text)
    PLL0_IRQHandler                          0x0000031b   Thumb Code     0  startup_lpc17xx.o(.text)
    PLL1_IRQHandler                          0x0000031b   Thumb Code     0  startup_lpc17xx.o(.text)
    PWM1_IRQHandler                          0x0000031b   Thumb Code     0  startup_lpc17xx.o(.text)
    QEI_IRQHandler                           0x0000031b   Thumb Code     0  startup_lpc17xx.o(.text)
    RIT_IRQHandler                           0x0000031b   Thumb Code     0  startup_lpc17xx.o(.text)
    RTC_IRQHandler                           0x0000031b   Thumb Code     0  startup_lpc17xx.o(.text)
    SPI_IRQHandler                           0x0000031b   Thumb Code     0  startup_lpc17xx.o(.text)
    SSP0_IRQHandler                          0x0000031b   Thumb Code     0  startup_lpc17xx.o(.text)
    TIMER0_IRQHandler                        0x0000031b   Thumb Code     0  startup_lpc17xx.o(.text)
    TIMER1_IRQHandler                        0x0000031b   Thumb Code     0  startup_lpc17xx.o(.text)
    TIMER2_IRQHandler                        0x0000031b   Thumb Code     0  startup_lpc17xx.o(.text)
    TIMER3_IRQHandler                        0x0000031b   Thumb Code     0  startup_lpc17xx.o(.text)
    UART1_IRQHandler                         0x0000031b   Thumb Code     0  startup_lpc17xx.o(.text)
    UART2_IRQHandler                         0x0000031b   Thumb Code     0  startup_lpc17xx.o(.text)
    UART3_IRQHandler                         0x0000031b   Thumb Code     0  startup_lpc17xx.o(.text)
    USBActivity_IRQHandler                   0x0000031b   Thumb Code     0  startup_lpc17xx.o(.text)
    USB_IRQHandler                           0x0000031b   Thumb Code     0  startup_lpc17xx.o(.text)
    WDT_IRQHandler                           0x0000031b   Thumb Code     0  startup_lpc17xx.o(.text)
    __user_initial_stackheap                 0x0000031d   Thumb Code     0  startup_lpc17xx.o(.text)
    __aeabi_uldivmod                         0x0000033d   Thumb Code     0  lludivv7m.o(.text)
    _ll_udiv                                 0x0000033d   Thumb Code   238  lludivv7m.o(.text)
    __2sprintf                               0x0000042d   Thumb Code    34  noretval__2sprintf.o(.text)
    _printf_pre_padding                      0x00000455   Thumb Code    44  _printf_pad.o(.text)
    _printf_post_padding                     0x00000481   Thumb Code    34  _printf_pad.o(.text)
    __RL_RTX_VER                             0x00000482   Number         0  rt_system.o ABSOLUTE
    __printf                                 0x000004a3   Thumb Code   270  __printf_wp.o(.text)
    __aeabi_memclr4                          0x000005b1   Thumb Code     0  rt_memclr_w.o(.text)
    __aeabi_memclr8                          0x000005b1   Thumb Code     0  rt_memclr_w.o(.text)
    __rt_memclr_w                            0x000005b1   Thumb Code    78  rt_memclr_w.o(.text)
    _memset_w                                0x000005b5   Thumb Code     0  rt_memclr_w.o(.text)
    __read_errno                             0x000005ff   Thumb Code    10  _rserrno.o(.text)
    __set_errno                              0x00000609   Thumb Code    12  _rserrno.o(.text)
    __lib_sel_fp_printf                      0x00000615   Thumb Code     2  _printf_fp_dec.o(.text)
    _printf_fp_dec_real                      0x000007c3   Thumb Code   620  _printf_fp_dec.o(.text)
    _printf_char_common                      0x00000a3b   Thumb Code    32  _printf_char_common.o(.text)
    _sputc                                   0x00000a61   Thumb Code    10  _sputc.o(.text)
    __rt_locale                              0x00000a6b   Thumb Code    10  rt_locale_twolibspace.o(.text)
    _ll_udiv10                               0x00000a75   Thumb Code   138  lludiv10.o(.text)
    _printf_fp_infnan                        0x00000b01   Thumb Code   112  _printf_fp_infnan.o(.text)
    _btod_etento                             0x00000b81   Thumb Code   216  bigflt0.o(.text)
    _sys_exit                                0x00000c5d   Thumb Code     8  sys_exit.o(.text)
    __user_setup_stackheap                   0x00000c69   Thumb Code    74  sys_stackheap_outer.o(.text)
    strcmp                                   0x00000cb5   Thumb Code   128  strcmpv7m.o(.text)
    _btod_d2e                                0x00000d35   Thumb Code    62  btod.o(CL$$btod_d2e)
    _d2e_denorm_low                          0x00000d73   Thumb Code    70  btod.o(CL$$btod_d2e_denorm_low)
    _d2e_norm_op1                            0x00000db9   Thumb Code    96  btod.o(CL$$btod_d2e_norm_op1)
    __btod_div_common                        0x00000e19   Thumb Code   696  btod.o(CL$$btod_div_common)
    _e2e                                     0x00001151   Thumb Code   198  btod.o(CL$$btod_e2e)
    _btod_ediv                               0x00001217   Thumb Code    40  btod.o(CL$$btod_ediv)
    _btod_emul                               0x0000123f   Thumb Code    40  btod.o(CL$$btod_emul)
    __btod_mult_common                       0x00001267   Thumb Code   580  btod.o(CL$$btod_mult_common)
    SVC_Count                                0x000014ac   Data           4  svc_table.o(SVC_TABLE)
    SVC_Table                                0x000014b0   Data           0  svc_table.o(SVC_TABLE)
    DMA_IRQHandler                           0x000014d1   Thumb Code   372  gpdma_lpc17xx.o(i.DMA_IRQHandler)
    GLCD_ClearScreen                         0x00001651   Thumb Code    44  glcd_mcb1700.o(i.GLCD_ClearScreen)
    GLCD_DrawChar                            0x00001681   Thumb Code   194  glcd_mcb1700.o(i.GLCD_DrawChar)
    GLCD_DrawString                          0x00001751   Thumb Code    38  glcd_mcb1700.o(i.GLCD_DrawString)
    GLCD_Initialize                          0x0000177d   Thumb Code  1462  glcd_mcb1700.o(i.GLCD_Initialize)
    GLCD_SetBackgroundColor                  0x00001d35   Thumb Code    10  glcd_mcb1700.o(i.GLCD_SetBackgroundColor)
    GLCD_SetFont                             0x00001d45   Thumb Code    10  glcd_mcb1700.o(i.GLCD_SetFont)
    GLCD_SetForegroundColor                  0x00001d55   Thumb Code    10  glcd_mcb1700.o(i.GLCD_SetForegroundColor)
    GLCD_SetWindow                           0x00001d65   Thumb Code   168  glcd_mcb1700.o(i.GLCD_SetWindow)
    GLCD_WindowMax                           0x00001e11   Thumb Code    18  glcd_mcb1700.o(i.GLCD_WindowMax)
    GPDMA_ChannelConfigure                   0x00001e25   Thumb Code   232  gpdma_lpc17xx.o(i.GPDMA_ChannelConfigure)
    GPDMA_ChannelDisable                     0x00001f19   Thumb Code    44  gpdma_lpc17xx.o(i.GPDMA_ChannelDisable)
    GPDMA_ChannelGetCount                    0x00001f49   Thumb Code    38  gpdma_lpc17xx.o(i.GPDMA_ChannelGetCount)
    GPDMA_Initialize                         0x00001f79   Thumb Code   154  gpdma_lpc17xx.o(i.GPDMA_Initialize)
    GPDMA_PeripheralSelect                   0x00002029   Thumb Code    62  gpdma_lpc17xx.o(i.GPDMA_PeripheralSelect)
    GPDMA_Uninitialize                       0x0000206d   Thumb Code   116  gpdma_lpc17xx.o(i.GPDMA_Uninitialize)
    GPIO_PinRead                             0x000020ed   Thumb Code    28  gpio_lpc17xx.o(i.GPIO_PinRead)
    GPIO_PinWrite                            0x0000210d   Thumb Code    36  gpio_lpc17xx.o(i.GPIO_PinWrite)
    GPIO_PortClock                           0x00002135   Thumb Code    38  gpio_lpc17xx.o(i.GPIO_PortClock)
    GPIO_SetDir                              0x00002161   Thumb Code    52  gpio_lpc17xx.o(i.GPIO_SetDir)
    Init_UART                                0x00002221   Thumb Code    52  main_test_pwm.o(i.Init_UART)
    PIN_Configure                            0x0000225d   Thumb Code   246  pin_lpc17xx.o(i.PIN_Configure)
    SSP1_GPDMA_Rx_SignalEvent                0x00002371   Thumb Code    14  ssp_lpc17xx.o(i.SSP1_GPDMA_Rx_SignalEvent)
    SSP1_GPDMA_Tx_SignalEvent                0x00002385   Thumb Code    14  ssp_lpc17xx.o(i.SSP1_GPDMA_Tx_SignalEvent)
    SSP1_IRQHandler                          0x000023b9   Thumb Code    10  ssp_lpc17xx.o(i.SSP1_IRQHandler)
    SSPx_GPDMA_Rx_SignalEvent                0x00002987   Thumb Code    54  ssp_lpc17xx.o(i.SSPx_GPDMA_Rx_SignalEvent)
    SSPx_GPDMA_Tx_SignalEvent                0x000029bd   Thumb Code    28  ssp_lpc17xx.o(i.SSPx_GPDMA_Tx_SignalEvent)
    SystemInit                               0x00003275   Thumb Code   302  system_lpc17xx.o(i.SystemInit)
    Thread_Data_Lidar                        0x000033b5   Thumb Code   214  main_test_pwm.o(i.Thread_Data_Lidar)
    Thread_Print_Lidar                       0x000034a5   Thumb Code   322  main_test_pwm.o(i.Thread_Print_Lidar)
    UART0_IRQHandler                         0x00003631   Thumb Code    10  uart_lpc17xx.o(i.UART0_IRQHandler)
    USART0_GPDMA_Rx_Event                    0x00003659   Thumb Code    14  uart_lpc17xx.o(i.USART0_GPDMA_Rx_Event)
    USART0_GPDMA_Tx_Event                    0x0000366d   Thumb Code    14  uart_lpc17xx.o(i.USART0_GPDMA_Tx_Event)
    USART_SetBaudrate                        0x000048bd   Thumb Code   302  uart_lpc17xx.o(i.USART_SetBaudrate)
    __ARM_fpclassify                         0x00004bfd   Thumb Code    40  fpclassify.o(i.__ARM_fpclassify)
    __ieee754_rem_pio2                       0x00004c79   Thumb Code   828  rred.o(i.__ieee754_rem_pio2)
    __kernel_cos                             0x00005001   Thumb Code   230  cos_i.o(i.__kernel_cos)
    __kernel_poly                            0x000050fd   Thumb Code   170  poly.o(i.__kernel_poly)
    __kernel_sin                             0x000051a9   Thumb Code   224  sin_i.o(i.__kernel_sin)
    __mathlib_dbl_infnan                     0x00005295   Thumb Code     6  dunder.o(i.__mathlib_dbl_infnan)
    __mathlib_dbl_invalid                    0x0000529b   Thumb Code    12  dunder.o(i.__mathlib_dbl_invalid)
    __mathlib_dbl_underflow                  0x000052a9   Thumb Code    10  dunder.o(i.__mathlib_dbl_underflow)
    __user_perthread_libspace                0x000052b9   Thumb Code    32  rtx_conf_cm.o(i.__user_perthread_libspace)
    _init_box                                0x000052e5   Thumb Code    70  rt_membox.o(i._init_box)
    _is_digit                                0x0000532b   Thumb Code    14  __printf_wp.o(i._is_digit)
    _mutex_acquire                           0x00005339   Thumb Code    22  rtx_conf_cm.o(i._mutex_acquire)
    _mutex_release                           0x00005359   Thumb Code    18  rtx_conf_cm.o(i._mutex_release)
    cos                                      0x00005375   Thumb Code   148  cos.o(i.cos)
    dbg_init                                 0x00005411   Thumb Code    34  hal_cm.o(i.dbg_init)
    dbg_task_notify                          0x00005441   Thumb Code    32  hal_cm.o(i.dbg_task_notify)
    dbg_task_switch                          0x00005461   Thumb Code    16  hal_cm.o(i.dbg_task_switch)
    isrMessageGet                            0x0000549d   Thumb Code    42  rt_cmsis.o(i.isrMessageGet)
    isrMessagePut                            0x000054c7   Thumb Code    44  rt_cmsis.o(i.isrMessagePut)
    isrSignalSet                             0x000054f3   Thumb Code    36  rt_cmsis.o(i.isrSignalSet)
    isr_evt_set                              0x00005519   Thumb Code    34  rt_event.o(i.isr_evt_set)
    isr_mbx_receive                          0x00005541   Thumb Code    86  rt_mailbox.o(i.isr_mbx_receive)
    isr_mbx_send                             0x00005597   Thumb Code    14  rt_mailbox.o(i.isr_mbx_send)
    main                                     0x000055a5   Thumb Code    96  main_test_pwm.o(i.main)
    myUSART_callback                         0x00005621   Thumb Code    40  main_test_pwm.o(i.myUSART_callback)
    osDelay                                  0x0000564d   Thumb Code    18  rt_cmsis.o(i.osDelay)
    osKernelInitialize                       0x00005665   Thumb Code    30  rt_cmsis.o(i.osKernelInitialize)
    osKernelStart                            0x00005689   Thumb Code    98  rt_cmsis.o(i.osKernelStart)
    osMailAlloc                              0x000056f5   Thumb Code    22  rt_cmsis.o(i.osMailAlloc)
    osMailCreate                             0x00005711   Thumb Code    36  rt_cmsis.o(i.osMailCreate)
    osMailFree                               0x0000573d   Thumb Code    22  rt_cmsis.o(i.osMailFree)
    osMailGet                                0x00005759   Thumb Code    22  rt_cmsis.o(i.osMailGet)
    osMailPut                                0x0000576f   Thumb Code    20  rt_cmsis.o(i.osMailPut)
    osMessageGet                             0x00005785   Thumb Code    18  rt_cmsis.o(i.osMessageGet)
    osMessagePut                             0x0000579d   Thumb Code    18  rt_cmsis.o(i.osMessagePut)
    osSignalSet                              0x000057b5   Thumb Code    18  rt_cmsis.o(i.osSignalSet)
    osSignalWait                             0x000057cd   Thumb Code    18  rt_cmsis.o(i.osSignalWait)
    osThreadCreate                           0x000057e5   Thumb Code    36  rt_cmsis.o(i.osThreadCreate)
    osThreadExit                             0x00005811   Thumb Code    14  rt_cmsis.o(i.osThreadExit)
    os_error                                 0x00005829   Thumb Code    34  rtx_conf_cm.o(i.os_error)
    os_idle_demon                            0x0000584b   Thumb Code     4  rtx_conf_cm.o(i.os_idle_demon)
    os_tick_init                             0x00005851   Thumb Code    32  rt_system.o(i.os_tick_init)
    pwm_init_lidar                           0x00005879   Thumb Code    80  main_test_pwm.o(i.pwm_init_lidar)
    rt_alloc_box                             0x000059f1   Thumb Code    26  rt_membox.o(i.rt_alloc_box)
    rt_alloc_mem                             0x00005a0b   Thumb Code    62  rt_memory.o(i.rt_alloc_mem)
    rt_block                                 0x00005a49   Thumb Code    48  rt_task.o(i.rt_block)
    rt_chk_robin                             0x00005a81   Thumb Code    60  rt_robin.o(i.rt_chk_robin)
    rt_dec_dly                               0x00005ac9   Thumb Code   102  rt_list.o(i.rt_dec_dly)
    rt_dispatch                              0x00005b39   Thumb Code    60  rt_task.o(i.rt_dispatch)
    rt_dly_wait                              0x00005b7d   Thumb Code     6  rt_time.o(i.rt_dly_wait)
    rt_evt_psh                               0x00005b85   Thumb Code    76  rt_event.o(i.rt_evt_psh)
    rt_evt_set                               0x00005bd5   Thumb Code    88  rt_event.o(i.rt_evt_set)
    rt_evt_wait                              0x00005c31   Thumb Code    56  rt_event.o(i.rt_evt_wait)
    rt_free_box                              0x00005c6d   Thumb Code    44  rt_membox.o(i.rt_free_box)
    rt_free_mem                              0x00005c99   Thumb Code    40  rt_memory.o(i.rt_free_mem)
    rt_get_first                             0x00005cc1   Thumb Code    40  rt_list.o(i.rt_get_first)
    rt_init_mem                              0x00005d31   Thumb Code    26  rt_memory.o(i.rt_init_mem)
    rt_init_robin                            0x00005d4d   Thumb Code    14  rt_robin.o(i.rt_init_robin)
    rt_init_stack                            0x00005d65   Thumb Code   118  hal_cm.o(i.rt_init_stack)
    rt_mbx_check                             0x00005de5   Thumb Code     8  rt_mailbox.o(i.rt_mbx_check)
    rt_mbx_init                              0x00005ded   Thumb Code    26  rt_mailbox.o(i.rt_mbx_init)
    rt_mbx_psh                               0x00005e09   Thumb Code   236  rt_mailbox.o(i.rt_mbx_psh)
    rt_mbx_send                              0x00005ef9   Thumb Code   148  rt_mailbox.o(i.rt_mbx_send)
    rt_mbx_wait                              0x00005f91   Thumb Code   174  rt_mailbox.o(i.rt_mbx_wait)
    rt_mut_release                           0x00006089   Thumb Code   208  rt_mutex.o(i.rt_mut_release)
    rt_mut_wait                              0x00006161   Thumb Code   114  rt_mutex.o(i.rt_mut_wait)
    rt_pop_req                               0x000061d9   Thumb Code   112  rt_system.o(i.rt_pop_req)
    rt_psh_req                               0x00006255   Thumb Code    22  rt_system.o(i.rt_psh_req)
    rt_psq_enq                               0x00006275   Thumb Code    88  rt_list.o(i.rt_psq_enq)
    rt_put_dly                               0x000062d1   Thumb Code    68  rt_list.o(i.rt_put_dly)
    rt_put_prio                              0x00006319   Thumb Code    54  rt_list.o(i.rt_put_prio)
    rt_put_rdy_first                         0x00006351   Thumb Code    14  rt_list.o(i.rt_put_rdy_first)
    rt_resort_prio                           0x00006365   Thumb Code    46  rt_list.o(i.rt_resort_prio)
    rt_ret_val                               0x00006399   Thumb Code     6  hal_cm.o(i.rt_ret_val)
    rt_ret_val2                              0x0000639f   Thumb Code     8  hal_cm.o(i.rt_ret_val2)
    rt_rmv_dly                               0x000063a7   Thumb Code    40  rt_list.o(i.rt_rmv_dly)
    rt_rmv_list                              0x000063d1   Thumb Code    44  rt_list.o(i.rt_rmv_list)
    rt_sem_psh                               0x00006401   Thumb Code    48  rt_semaphore.o(i.rt_sem_psh)
    rt_stk_check                             0x00006435   Thumb Code    28  rt_system.o(i.rt_stk_check)
    rt_switch_req                            0x00006459   Thumb Code    30  rt_task.o(i.rt_switch_req)
    rt_sys_init                              0x00006481   Thumb Code   138  rt_task.o(i.rt_sys_init)
    rt_sys_start                             0x0000654d   Thumb Code   110  rt_task.o(i.rt_sys_start)
    rt_systick                               0x000065c5   Thumb Code    50  rt_system.o(i.rt_systick)
    rt_tsk_create                            0x0000664d   Thumb Code   118  rt_task.o(i.rt_tsk_create)
    rt_tsk_delete                            0x000066d5   Thumb Code   352  rt_task.o(i.rt_tsk_delete)
    rt_tsk_prio                              0x00006851   Thumb Code   108  rt_task.o(i.rt_tsk_prio)
    rt_tsk_self                              0x000068cd   Thumb Code    12  rt_task.o(i.rt_tsk_self)
    sin                                      0x000068dd   Thumb Code   150  sin.o(i.sin)
    svcDelay                                 0x00006a31   Thumb Code    18  rt_cmsis.o(i.svcDelay)
    svcKernelInitialize                      0x00006a45   Thumb Code    80  rt_cmsis.o(i.svcKernelInitialize)
    svcKernelStart                           0x00006ab5   Thumb Code    62  rt_cmsis.o(i.svcKernelStart)
    svcMailCreate                            0x00006afd   Thumb Code    66  rt_cmsis.o(i.svcMailCreate)
    svcMessageCreate                         0x00006b3f   Thumb Code    36  rt_cmsis.o(i.svcMessageCreate)
    svcMessageGet                            0x00006b63   Thumb Code    58  rt_cmsis.o(i.svcMessageGet)
    svcMessagePut                            0x00006b9d   Thumb Code    54  rt_cmsis.o(i.svcMessagePut)
    svcSignalSet                             0x00006bd3   Thumb Code    36  rt_cmsis.o(i.svcSignalSet)
    svcSignalWait                            0x00006bf9   Thumb Code    80  rt_cmsis.o(i.svcSignalWait)
    svcThreadCreate                          0x00006c4d   Thumb Code    96  rt_cmsis.o(i.svcThreadCreate)
    svcThreadGetId                           0x00006cb9   Thumb Code    22  rt_cmsis.o(i.svcThreadGetId)
    svcThreadTerminate                       0x00006cd5   Thumb Code    50  rt_cmsis.o(i.svcThreadTerminate)
    sysMailAlloc                             0x00006d0d   Thumb Code    84  rt_cmsis.o(i.sysMailAlloc)
    sysMailFree                              0x00006d65   Thumb Code    96  rt_cmsis.o(i.sysMailFree)
    sysTimerTick                             0x00006dc5   Thumb Code    84  rt_cmsis.o(i.sysTimerTick)
    _get_lc_numeric                          0x00006f5d   Thumb Code    44  lc_numeric_c.o(locale$$code)
    __aeabi_d2f                              0x00006f89   Thumb Code     0  d2f.o(x$fpl$d2f)
    _d2f                                     0x00006f89   Thumb Code    98  d2f.o(x$fpl$d2f)
    __aeabi_dadd                             0x00006fed   Thumb Code     0  daddsub_clz.o(x$fpl$dadd)
    _dadd                                    0x00006fed   Thumb Code   332  daddsub_clz.o(x$fpl$dadd)
    __fpl_dcheck_NaN1                        0x0000713d   Thumb Code    10  dcheck1.o(x$fpl$dcheck1)
    __aeabi_ddiv                             0x0000714d   Thumb Code     0  ddiv.o(x$fpl$ddiv)
    _ddiv                                    0x0000714d   Thumb Code   552  ddiv.o(x$fpl$ddiv)
    __aeabi_d2iz                             0x000073fd   Thumb Code     0  dfix.o(x$fpl$dfix)
    _dfix                                    0x000073fd   Thumb Code    94  dfix.o(x$fpl$dfix)
    __aeabi_i2d                              0x0000745b   Thumb Code     0  dflt_clz.o(x$fpl$dflt)
    _dflt                                    0x0000745b   Thumb Code    46  dflt_clz.o(x$fpl$dflt)
    __aeabi_ui2d                             0x00007489   Thumb Code     0  dflt_clz.o(x$fpl$dfltu)
    _dfltu                                   0x00007489   Thumb Code    38  dflt_clz.o(x$fpl$dfltu)
    __aeabi_dmul                             0x000074b1   Thumb Code     0  dmul.o(x$fpl$dmul)
    _dmul                                    0x000074b1   Thumb Code   332  dmul.o(x$fpl$dmul)
    __fpl_dnaninf                            0x00007605   Thumb Code   156  dnaninf.o(x$fpl$dnaninf)
    __fpl_dretinf                            0x000076a1   Thumb Code    12  dretinf.o(x$fpl$dretinf)
    __aeabi_drsub                            0x000076ad   Thumb Code     0  daddsub_clz.o(x$fpl$drsb)
    _drsb                                    0x000076ad   Thumb Code    22  daddsub_clz.o(x$fpl$drsb)
    __aeabi_dsub                             0x000076c5   Thumb Code     0  daddsub_clz.o(x$fpl$dsub)
    _dsub                                    0x000076c5   Thumb Code   464  daddsub_clz.o(x$fpl$dsub)
    __aeabi_f2d                              0x00007899   Thumb Code     0  f2d.o(x$fpl$f2d)
    _f2d                                     0x00007899   Thumb Code    86  f2d.o(x$fpl$f2d)
    __fpl_fcmp_Inf                           0x000078ef   Thumb Code    24  fcmpi.o(x$fpl$fcmpinf)
    __aeabi_i2f                              0x00007909   Thumb Code     0  fflt_clz.o(x$fpl$fflt)
    _fflt                                    0x00007909   Thumb Code    48  fflt_clz.o(x$fpl$fflt)
    __aeabi_cfcmple                          0x00007939   Thumb Code     0  fleqf.o(x$fpl$fleqf)
    _fcmple                                  0x00007939   Thumb Code   104  fleqf.o(x$fpl$fleqf)
    __fpl_fcmple_InfNaN                      0x0000798b   Thumb Code     0  fleqf.o(x$fpl$fleqf)
    __fpl_fnaninf                            0x000079a1   Thumb Code   140  fnaninf.o(x$fpl$fnaninf)
    __fpl_fretinf                            0x00007a2d   Thumb Code    10  fretinf.o(x$fpl$fretinf)
    __aeabi_cfrcmple                         0x00007a37   Thumb Code     0  frleqf.o(x$fpl$frleqf)
    _frcmple                                 0x00007a37   Thumb Code    98  frleqf.o(x$fpl$frleqf)
    _printf_fp_dec                           0x00007a99   Thumb Code     4  printf1.o(x$fpl$printf1)
    __fpl_return_NaN                         0x00007a9d   Thumb Code   100  retnan.o(x$fpl$retnan)
    __ARM_scalbn                             0x00007b01   Thumb Code    92  scalbn.o(x$fpl$scalbn)
    __fpl_cmpreturn                          0x00007b5d   Thumb Code    48  trapv.o(x$fpl$trapveneer)
    __I$use$fp                               0x00007b8c   Number         0  usenofp.o(x$fpl$usenofp)
    os_mailQ_def_BAL_DATALIDAR               0x00007b8c   Data          12  main_test_pwm.o(.constdata)
    os_thread_def_Thread_Data_Lidar          0x00007b98   Data          16  main_test_pwm.o(.constdata)
    os_thread_def_Thread_Print_Lidar         0x00007ba8   Data          16  main_test_pwm.o(.constdata)
    GLCD_Font_6x8                            0x00009438   Data          16  glcd_fonts.o(.constdata)
    GLCD_Font_16x24                          0x00009448   Data          16  glcd_fonts.o(.constdata)
    os_maxtaskrun                            0x00009458   Data           2  rtx_conf_cm.o(.constdata)
    os_stackinfo                             0x0000945c   Data           4  rtx_conf_cm.o(.constdata)
    os_rrobin                                0x00009460   Data           4  rtx_conf_cm.o(.constdata)
    os_tickfreq                              0x00009464   Data           4  rtx_conf_cm.o(.constdata)
    os_tickus_i                              0x00009468   Data           2  rtx_conf_cm.o(.constdata)
    os_tickus_f                              0x0000946a   Data           2  rtx_conf_cm.o(.constdata)
    os_trv                                   0x0000946c   Data           4  rtx_conf_cm.o(.constdata)
    os_flags                                 0x00009470   Data           1  rtx_conf_cm.o(.constdata)
    CMSIS_RTOS_API_Version                   0x00009474   Data           4  rtx_conf_cm.o(.constdata)
    CMSIS_RTOS_RTX_Version                   0x00009478   Data           4  rtx_conf_cm.o(.constdata)
    os_clockrate                             0x0000947c   Data           4  rtx_conf_cm.o(.constdata)
    os_timernum                              0x00009480   Data           4  rtx_conf_cm.o(.constdata)
    mp_tcb_size                              0x00009484   Data           2  rtx_conf_cm.o(.constdata)
    mp_stk_size                              0x00009488   Data           4  rtx_conf_cm.o(.constdata)
    os_stack_sz                              0x0000948c   Data           4  rtx_conf_cm.o(.constdata)
    os_fifo_size                             0x00009490   Data           1  rtx_conf_cm.o(.constdata)
    os_thread_def_osTimerThread              0x00009494   Data          16  rtx_conf_cm.o(.constdata)
    os_messageQ_def_osTimerMessageQ          0x000094a4   Data           8  rtx_conf_cm.o(.constdata)
    mp_tmr_size                              0x000094ac   Data           2  rtx_conf_cm.o(.constdata)
    os_thread_def_main                       0x000094b0   Data          16  rtx_conf_cm.o(.constdata)
    Driver_SPI1                              0x00009510   Data          44  ssp_lpc17xx.o(.constdata)
    Driver_USART0                            0x000096d4   Data          56  uart_lpc17xx.o(.constdata)
    Region$$Table$$Base                      0x000098c4   Number         0  anon$$obj.o(Region$$Table)
    Region$$Table$$Limit                     0x000098e4   Number         0  anon$$obj.o(Region$$Table)
    ID_GetLidarData                          0x10000000   Data           4  main_test_pwm.o(.data)
    ID_PrintLidarData                        0x10000004   Data           4  main_test_pwm.o(.data)
    ID_BAL_DATALIDAR                         0x10000008   Data           4  main_test_pwm.o(.data)
    os_mailQ_p_BAL_DATALIDAR                 0x1000000c   Data           8  main_test_pwm.o(.data)
    osThreadId_osTimerThread                 0x10000028   Data           4  rtx_conf_cm.o(.data)
    osMessageQId_osTimerMessageQ             0x1000002c   Data           4  rtx_conf_cm.o(.data)
    os_tmr                                   0x10000030   Data           4  rtx_conf_cm.o(.data)
    m_tmr                                    0x10000034   Data           4  rtx_conf_cm.o(.data)
    SystemCoreClock                          0x10000058   Data           4  system_lpc17xx.o(.data)
    os_initialized                           0x1000005c   Data           1  rt_cmsis.o(.data)
    os_running                               0x1000005d   Data           1  rt_cmsis.o(.data)
    os_timer_head                            0x10000060   Data           4  rt_cmsis.o(.data)
    os_tsk                                   0x10000064   Data           8  rt_task.o(.data)
    os_tick_irqn                             0x10000070   Data           4  rt_system.o(.data)
    os_time                                  0x10000074   Data           4  rt_time.o(.data)
    os_robin                                 0x10000078   Data           8  rt_robin.o(.data)
    dbg_msg                                  0x10000080   Data           1  hal_cm.o(.data)
    os_mailQ_q_BAL_DATALIDAR                 0x10000084   Data          80  main_test_pwm.o(.bss)
    os_mailQ_m_BAL_DATALIDAR                 0x100000d4   Data          76  main_test_pwm.o(.bss)
    mp_tcb                                   0x10000120   Data         324  rtx_conf_cm.o(.bss)
    mp_stk                                   0x10000268   Data        9616  rtx_conf_cm.o(.bss)
    os_stack_mem                             0x100027f8   Data         424  rtx_conf_cm.o(.bss)
    os_fifo                                  0x100029a0   Data         132  rtx_conf_cm.o(.bss)
    os_active_TCB                            0x10002a24   Data          24  rtx_conf_cm.o(.bss)
    os_messageQ_q_osTimerMessageQ            0x10002a3c   Data          16  rtx_conf_cm.o(.bss)
    os_idle_TCB                              0x10002e08   Data          52  rt_task.o(.bss)
    os_rdy                                   0x10002e3c   Data          24  rt_list.o(.bss)
    os_dly                                   0x10002e54   Data          24  rt_list.o(.bss)
    __libspace_start                         0x10002e6c   Data          96  libspace.o(.bss)
    __temporary_stack_top$libspace           0x10002ecc   Data           0  libspace.o(.bss)



==============================================================================

Memory Map of the image

  Image Entry point : 0x000000cd

  Load Region LR_IROM1 (Base: 0x00000000, Size: 0x00009984, Max: 0x00080000, ABSOLUTE)

    Execution Region ER_IROM1 (Base: 0x00000000, Size: 0x00009900, Max: 0x00080000, ABSOLUTE)

    Base Addr    Size         Type   Attr      Idx    E Section Name        Object

    0x00000000   0x000000cc   Data   RO          978    RESET               startup_lpc17xx.o
    0x000000cc   0x00000008   Code   RO         2276  * !!!main             c_w.l(__main.o)
    0x000000d4   0x00000034   Code   RO         2603    !!!scatter          c_w.l(__scatter.o)
    0x00000108   0x0000001a   Code   RO         2605    !!handler_copy      c_w.l(__scatter_copy.o)
    0x00000122   0x00000002   PAD
    0x00000124   0x0000001c   Code   RO         2607    !!handler_zi        c_w.l(__scatter_zi.o)
    0x00000140   0x00000000   Code   RO         2269    .ARM.Collect$$_printf_percent$$00000000  c_w.l(_printf_percent.o)
    0x00000140   0x00000006   Code   RO         2268    .ARM.Collect$$_printf_percent$$00000003  c_w.l(_printf_f.o)
    0x00000146   0x00000004   Code   RO         2341    .ARM.Collect$$_printf_percent$$00000017  c_w.l(_printf_percent_end.o)
    0x0000014a   0x00000002   Code   RO         2483    .ARM.Collect$$libinit$$00000000  c_w.l(libinit.o)
    0x0000014c   0x00000000   Code   RO         2485    .ARM.Collect$$libinit$$00000002  c_w.l(libinit2.o)
    0x0000014c   0x00000000   Code   RO         2487    .ARM.Collect$$libinit$$00000004  c_w.l(libinit2.o)
    0x0000014c   0x00000000   Code   RO         2490    .ARM.Collect$$libinit$$0000000A  c_w.l(libinit2.o)
    0x0000014c   0x00000000   Code   RO         2492    .ARM.Collect$$libinit$$0000000C  c_w.l(libinit2.o)
    0x0000014c   0x00000000   Code   RO         2494    .ARM.Collect$$libinit$$0000000E  c_w.l(libinit2.o)
    0x0000014c   0x00000006   Code   RO         2495    .ARM.Collect$$libinit$$0000000F  c_w.l(libinit2.o)
    0x00000152   0x00000000   Code   RO         2497    .ARM.Collect$$libinit$$00000011  c_w.l(libinit2.o)
    0x00000152   0x00000000   Code   RO         2499    .ARM.Collect$$libinit$$00000013  c_w.l(libinit2.o)
    0x00000152   0x00000000   Code   RO         2501    .ARM.Collect$$libinit$$00000015  c_w.l(libinit2.o)
    0x00000152   0x0000000a   Code   RO         2502    .ARM.Collect$$libinit$$00000016  c_w.l(libinit2.o)
    0x0000015c   0x00000000   Code   RO         2503    .ARM.Collect$$libinit$$00000017  c_w.l(libinit2.o)
    0x0000015c   0x00000000   Code   RO         2505    .ARM.Collect$$libinit$$00000019  c_w.l(libinit2.o)
    0x0000015c   0x00000000   Code   RO         2507    .ARM.Collect$$libinit$$0000001B  c_w.l(libinit2.o)
    0x0000015c   0x00000000   Code   RO         2509    .ARM.Collect$$libinit$$0000001D  c_w.l(libinit2.o)
    0x0000015c   0x00000000   Code   RO         2511    .ARM.Collect$$libinit$$0000001F  c_w.l(libinit2.o)
    0x0000015c   0x00000000   Code   RO         2513    .ARM.Collect$$libinit$$00000021  c_w.l(libinit2.o)
    0x0000015c   0x00000000   Code   RO         2515    .ARM.Collect$$libinit$$00000023  c_w.l(libinit2.o)
    0x0000015c   0x00000000   Code   RO         2517    .ARM.Collect$$libinit$$00000025  c_w.l(libinit2.o)
    0x0000015c   0x00000000   Code   RO         2521    .ARM.Collect$$libinit$$0000002C  c_w.l(libinit2.o)
    0x0000015c   0x00000000   Code   RO         2523    .ARM.Collect$$libinit$$0000002E  c_w.l(libinit2.o)
    0x0000015c   0x00000000   Code   RO         2525    .ARM.Collect$$libinit$$00000030  c_w.l(libinit2.o)
    0x0000015c   0x00000000   Code   RO         2527    .ARM.Collect$$libinit$$00000032  c_w.l(libinit2.o)
    0x0000015c   0x00000002   Code   RO         2528    .ARM.Collect$$libinit$$00000033  c_w.l(libinit2.o)
    0x0000015e   0x00000002   Code   RO         2529    .ARM.Collect$$libshutdown$$00000000  c_w.l(libshutdown.o)
    0x00000160   0x00000000   Code   RO         2544    .ARM.Collect$$libshutdown$$00000002  c_w.l(libshutdown2.o)
    0x00000160   0x00000000   Code   RO         2546    .ARM.Collect$$libshutdown$$00000004  c_w.l(libshutdown2.o)
    0x00000160   0x00000000   Code   RO         2549    .ARM.Collect$$libshutdown$$00000007  c_w.l(libshutdown2.o)
    0x00000160   0x00000000   Code   RO         2552    .ARM.Collect$$libshutdown$$0000000A  c_w.l(libshutdown2.o)
    0x00000160   0x00000000   Code   RO         2554    .ARM.Collect$$libshutdown$$0000000C  c_w.l(libshutdown2.o)
    0x00000160   0x00000000   Code   RO         2557    .ARM.Collect$$libshutdown$$0000000F  c_w.l(libshutdown2.o)
    0x00000160   0x00000002   Code   RO         2558    .ARM.Collect$$libshutdown$$00000010  c_w.l(libshutdown2.o)
    0x00000162   0x00000000   Code   RO         2326    .ARM.Collect$$rtentry$$00000000  c_w.l(__rtentry.o)
    0x00000162   0x00000000   Code   RO         2382    .ARM.Collect$$rtentry$$00000002  c_w.l(__rtentry2.o)
    0x00000162   0x00000006   Code   RO         2394    .ARM.Collect$$rtentry$$00000004  c_w.l(__rtentry4.o)
    0x00000168   0x00000000   Code   RO         2384    .ARM.Collect$$rtentry$$00000009  c_w.l(__rtentry2.o)
    0x00000168   0x00000004   Code   RO         2385    .ARM.Collect$$rtentry$$0000000A  c_w.l(__rtentry2.o)
    0x0000016c   0x00000008   Code   RO         2386    .ARM.Collect$$rtentry$$0000000B  c_w.l(__rtentry2.o)
    0x00000174   0x00000008   Code   RO         2388    .ARM.Collect$$rtentry$$0000000D  c_w.l(__rtentry2.o)
    0x0000017c   0x00000002   Code   RO         2327    .ARM.Collect$$rtexit$$00000000  c_w.l(rtexit.o)
    0x0000017e   0x00000000   Code   RO         2397    .ARM.Collect$$rtexit$$00000002  c_w.l(rtexit2.o)
    0x0000017e   0x00000004   Code   RO         2398    .ARM.Collect$$rtexit$$00000003  c_w.l(rtexit2.o)
    0x00000182   0x00000006   Code   RO         2399    .ARM.Collect$$rtexit$$00000004  c_w.l(rtexit2.o)
    0x00000188   0x0000001c   Code   RO          336    .emb_text           rtx_conf_cm.o
    0x000001a4   0x00000130   Code   RO         2220    .emb_text           RTX_CM3.lib(hal_cm3.o)
    0x000002d4   0x00000008   Code   RO         2235    .text               c_w.l(libspace.o)
    0x000002dc   0x00000012   Code   RO         2270    .text               c_w.l(exit.o)
    0x000002ee   0x00000006   Code   RO         2274    .text               c_w.l(heapauxi.o)
    0x000002f4   0x00000004   Code   RO         2417    .text               c_w.l(rt_errno_addr_twolibspace.o)
    0x000002f8   0x00000002   Code   RO         2532    .text               c_w.l(use_no_semi.o)
    0x000002fa   0x00000000   Code   RO         2534    .text               c_w.l(indicate_semi.o)
    0x000002fa   0x00000002   Code   RO         1767    i.os_tick_irqack    RTX_CM3.lib(rt_system.o)
    0x000002fc   0x00000004   Code   RO          979    .ARM.__at_0x02FC    startup_lpc17xx.o
    0x00000300   0x0000003c   Code   RO          980    .text               startup_lpc17xx.o
    0x0000033c   0x000000ee   Code   RO         2238    .text               c_w.l(lludivv7m.o)
    0x0000042a   0x00000002   PAD
    0x0000042c   0x00000028   Code   RO         2242    .text               c_w.l(noretval__2sprintf.o)
    0x00000454   0x0000004e   Code   RO         2246    .text               c_w.l(_printf_pad.o)
    0x000004a2   0x0000010e   Code   RO         2256    .text               c_w.l(__printf_wp.o)
    0x000005b0   0x0000004e   Code   RO         2272    .text               c_w.l(rt_memclr_w.o)
    0x000005fe   0x00000016   Code   RO         2333    .text               c_w.l(_rserrno.o)
    0x00000614   0x0000041a   Code   RO         2335    .text               c_w.l(_printf_fp_dec.o)
    0x00000a2e   0x00000002   PAD
    0x00000a30   0x00000030   Code   RO         2337    .text               c_w.l(_printf_char_common.o)
    0x00000a60   0x0000000a   Code   RO         2339    .text               c_w.l(_sputc.o)
    0x00000a6a   0x0000000a   Code   RO         2410    .text               c_w.l(rt_locale_twolibspace.o)
    0x00000a74   0x0000008a   Code   RO         2419    .text               c_w.l(lludiv10.o)
    0x00000afe   0x00000002   PAD
    0x00000b00   0x00000080   Code   RO         2421    .text               c_w.l(_printf_fp_infnan.o)
    0x00000b80   0x000000dc   Code   RO         2425    .text               c_w.l(bigflt0.o)
    0x00000c5c   0x0000000c   Code   RO         2467    .text               c_w.l(sys_exit.o)
    0x00000c68   0x0000004a   Code   RO         2469    .text               c_w.l(sys_stackheap_outer.o)
    0x00000cb2   0x00000002   PAD
    0x00000cb4   0x00000080   Code   RO         2475    .text               c_w.l(strcmpv7m.o)
    0x00000d34   0x0000003e   Code   RO         2428    CL$$btod_d2e        c_w.l(btod.o)
    0x00000d72   0x00000046   Code   RO         2430    CL$$btod_d2e_denorm_low  c_w.l(btod.o)
    0x00000db8   0x00000060   Code   RO         2429    CL$$btod_d2e_norm_op1  c_w.l(btod.o)
    0x00000e18   0x00000338   Code   RO         2438    CL$$btod_div_common  c_w.l(btod.o)
    0x00001150   0x000000c6   Code   RO         2435    CL$$btod_e2e        c_w.l(btod.o)
    0x00001216   0x00000028   Code   RO         2432    CL$$btod_ediv       c_w.l(btod.o)
    0x0000123e   0x00000028   Code   RO         2431    CL$$btod_emul       c_w.l(btod.o)
    0x00001266   0x00000244   Code   RO         2437    CL$$btod_mult_common  c_w.l(btod.o)
    0x000014aa   0x00000002   PAD
    0x000014ac   0x00000004   Code   RO         2230    SVC_TABLE           RTX_CM3.lib(svc_table.o)
    0x000014b0   0x00000020   Code   RO          799    i.Clear_Channel_active_flag  gpdma_lpc17xx.o
    0x000014d0   0x00000180   Code   RO          800    i.DMA_IRQHandler    gpdma_lpc17xx.o
    0x00001650   0x00000030   Code   RO          135    i.GLCD_ClearScreen  glcd_mcb1700.o
    0x00001680   0x000000d0   Code   RO          138    i.GLCD_DrawChar     glcd_mcb1700.o
    0x00001750   0x0000002c   Code   RO          142    i.GLCD_DrawString   glcd_mcb1700.o
    0x0000177c   0x000005b6   Code   RO          146    i.GLCD_Initialize   glcd_mcb1700.o
    0x00001d32   0x00000002   PAD
    0x00001d34   0x00000010   Code   RO          147    i.GLCD_SetBackgroundColor  glcd_mcb1700.o
    0x00001d44   0x00000010   Code   RO          148    i.GLCD_SetFont      glcd_mcb1700.o
    0x00001d54   0x00000010   Code   RO          149    i.GLCD_SetForegroundColor  glcd_mcb1700.o
    0x00001d64   0x000000ac   Code   RO          150    i.GLCD_SetWindow    glcd_mcb1700.o
    0x00001e10   0x00000012   Code   RO          153    i.GLCD_WindowMax    glcd_mcb1700.o
    0x00001e22   0x00000002   PAD
    0x00001e24   0x000000f4   Code   RO          801    i.GPDMA_ChannelConfigure  gpdma_lpc17xx.o
    0x00001f18   0x00000030   Code   RO          802    i.GPDMA_ChannelDisable  gpdma_lpc17xx.o
    0x00001f48   0x00000030   Code   RO          804    i.GPDMA_ChannelGetCount  gpdma_lpc17xx.o
    0x00001f78   0x000000b0   Code   RO          806    i.GPDMA_Initialize  gpdma_lpc17xx.o
    0x00002028   0x00000044   Code   RO          807    i.GPDMA_PeripheralSelect  gpdma_lpc17xx.o
    0x0000206c   0x00000080   Code   RO          808    i.GPDMA_Uninitialize  gpdma_lpc17xx.o
    0x000020ec   0x00000020   Code   RO          889    i.GPIO_PinRead      gpio_lpc17xx.o
    0x0000210c   0x00000028   Code   RO          890    i.GPIO_PinWrite     gpio_lpc17xx.o
    0x00002134   0x0000002c   Code   RO          891    i.GPIO_PortClock    gpio_lpc17xx.o
    0x00002160   0x00000038   Code   RO          894    i.GPIO_SetDir       gpio_lpc17xx.o
    0x00002198   0x00000044   Code   RO          397    i.GetSSPClockFreq   ssp_lpc17xx.o
    0x000021dc   0x00000044   Code   RO          584    i.GetUsartClockFreq  uart_lpc17xx.o
    0x00002220   0x0000003c   Code   RO            4    i.Init_UART         main_test_pwm.o
    0x0000225c   0x000000fc   Code   RO          943    i.PIN_Configure     pin_lpc17xx.o
    0x00002358   0x00000018   Code   RO          398    i.SSP1_Control      ssp_lpc17xx.o
    0x00002370   0x00000014   Code   RO          399    i.SSP1_GPDMA_Rx_SignalEvent  ssp_lpc17xx.o
    0x00002384   0x00000014   Code   RO          400    i.SSP1_GPDMA_Tx_SignalEvent  ssp_lpc17xx.o
    0x00002398   0x00000010   Code   RO          401    i.SSP1_GetDataCount  ssp_lpc17xx.o
    0x000023a8   0x00000010   Code   RO          402    i.SSP1_GetStatus    ssp_lpc17xx.o
    0x000023b8   0x00000010   Code   RO          403    i.SSP1_IRQHandler   ssp_lpc17xx.o
    0x000023c8   0x00000014   Code   RO          404    i.SSP1_Initialize   ssp_lpc17xx.o
    0x000023dc   0x00000014   Code   RO          405    i.SSP1_PowerControl  ssp_lpc17xx.o
    0x000023f0   0x00000018   Code   RO          406    i.SSP1_Receive      ssp_lpc17xx.o
    0x00002408   0x00000018   Code   RO          407    i.SSP1_Send         ssp_lpc17xx.o
    0x00002420   0x0000001c   Code   RO          408    i.SSP1_Transfer     ssp_lpc17xx.o
    0x0000243c   0x00000010   Code   RO          409    i.SSP1_Uninitialize  ssp_lpc17xx.o
    0x0000244c   0x0000000c   Code   RO          410    i.SSP_GetCapabilities  ssp_lpc17xx.o
    0x00002458   0x00000010   Code   RO          411    i.SSP_GetVersion    ssp_lpc17xx.o
    0x00002468   0x0000051e   Code   RO          412    i.SSPx_Control      ssp_lpc17xx.o
    0x00002986   0x00000036   Code   RO          413    i.SSPx_GPDMA_Rx_SignalEvent  ssp_lpc17xx.o
    0x000029bc   0x0000001c   Code   RO          414    i.SSPx_GPDMA_Tx_SignalEvent  ssp_lpc17xx.o
    0x000029d8   0x0000002c   Code   RO          415    i.SSPx_GetDataCount  ssp_lpc17xx.o
    0x00002a04   0x0000005a   Code   RO          416    i.SSPx_GetStatus    ssp_lpc17xx.o
    0x00002a5e   0x00000104   Code   RO          417    i.SSPx_IRQHandler   ssp_lpc17xx.o
    0x00002b62   0x000000a8   Code   RO          418    i.SSPx_Initialize   ssp_lpc17xx.o
    0x00002c0a   0x00000002   PAD
    0x00002c0c   0x000001bc   Code   RO          419    i.SSPx_PowerControl  ssp_lpc17xx.o
    0x00002dc8   0x0000015c   Code   RO          420    i.SSPx_Receive      ssp_lpc17xx.o
    0x00002f24   0x00000154   Code   RO          421    i.SSPx_Send         ssp_lpc17xx.o
    0x00003078   0x00000152   Code   RO          422    i.SSPx_Transfer     ssp_lpc17xx.o
    0x000031ca   0x00000070   Code   RO          423    i.SSPx_Uninitialize  ssp_lpc17xx.o
    0x0000323a   0x00000002   PAD
    0x0000323c   0x00000038   Code   RO          809    i.Set_Channel_active_flag  gpdma_lpc17xx.o
    0x00003274   0x00000140   Code   RO          990    i.SystemInit        system_lpc17xx.o
    0x000033b4   0x000000f0   Code   RO            5    i.Thread_Data_Lidar  main_test_pwm.o
    0x000034a4   0x0000018c   Code   RO            6    i.Thread_Print_Lidar  main_test_pwm.o
    0x00003630   0x00000010   Code   RO          585    i.UART0_IRQHandler  uart_lpc17xx.o
    0x00003640   0x00000018   Code   RO          586    i.USART0_Control    uart_lpc17xx.o
    0x00003658   0x00000014   Code   RO          587    i.USART0_GPDMA_Rx_Event  uart_lpc17xx.o
    0x0000366c   0x00000014   Code   RO          588    i.USART0_GPDMA_Tx_Event  uart_lpc17xx.o
    0x00003680   0x00000010   Code   RO          589    i.USART0_GetCapabilities  uart_lpc17xx.o
    0x00003690   0x00000010   Code   RO          590    i.USART0_GetModemStatus  uart_lpc17xx.o
    0x000036a0   0x00000010   Code   RO          591    i.USART0_GetRxCount  uart_lpc17xx.o
    0x000036b0   0x00000010   Code   RO          592    i.USART0_GetStatus  uart_lpc17xx.o
    0x000036c0   0x00000010   Code   RO          593    i.USART0_GetTxCount  uart_lpc17xx.o
    0x000036d0   0x00000014   Code   RO          594    i.USART0_Initialize  uart_lpc17xx.o
    0x000036e4   0x00000014   Code   RO          595    i.USART0_PowerControl  uart_lpc17xx.o
    0x000036f8   0x00000018   Code   RO          596    i.USART0_Receive    uart_lpc17xx.o
    0x00003710   0x00000018   Code   RO          597    i.USART0_Send       uart_lpc17xx.o
    0x00003728   0x00000014   Code   RO          598    i.USART0_SetModemControl  uart_lpc17xx.o
    0x0000373c   0x0000001c   Code   RO          599    i.USART0_Transfer   uart_lpc17xx.o
    0x00003758   0x00000010   Code   RO          600    i.USART0_Uninitialize  uart_lpc17xx.o
    0x00003768   0x00000644   Code   RO          601    i.USART_Control     uart_lpc17xx.o
    0x00003dac   0x00000086   Code   RO          602    i.USART_GPDMA_Rx_Event  uart_lpc17xx.o
    0x00003e32   0x0000004a   Code   RO          603    i.USART_GPDMA_Tx_Event  uart_lpc17xx.o
    0x00003e7c   0x00000006   Code   RO          604    i.USART_GetCapabilities  uart_lpc17xx.o
    0x00003e82   0x000000ec   Code   RO          605    i.USART_GetModemStatus  uart_lpc17xx.o
    0x00003f6e   0x0000001c   Code   RO          606    i.USART_GetRxCount  uart_lpc17xx.o
    0x00003f8a   0x000000bc   Code   RO          607    i.USART_GetStatus   uart_lpc17xx.o
    0x00004046   0x0000001c   Code   RO          608    i.USART_GetTxCount  uart_lpc17xx.o
    0x00004062   0x00000216   Code   RO          609    i.USART_IRQHandler  uart_lpc17xx.o
    0x00004278   0x000000fe   Code   RO          610    i.USART_Initialize  uart_lpc17xx.o
    0x00004376   0x00000002   PAD
    0x00004378   0x00000230   Code   RO          611    i.USART_PowerControl  uart_lpc17xx.o
    0x000045a8   0x00000110   Code   RO          612    i.USART_Receive     uart_lpc17xx.o
    0x000046b8   0x00000068   Code   RO          613    i.USART_RxLineIntHandler  uart_lpc17xx.o
    0x00004720   0x0000019c   Code   RO          614    i.USART_Send        uart_lpc17xx.o
    0x000048bc   0x00000134   Code   RO          615    i.USART_SetBaudrate  uart_lpc17xx.o
    0x000049f0   0x000000a0   Code   RO          616    i.USART_SetModemControl  uart_lpc17xx.o
    0x00004a90   0x0000007a   Code   RO          617    i.USART_Transfer    uart_lpc17xx.o
    0x00004b0a   0x000000e2   Code   RO          618    i.USART_Uninitialize  uart_lpc17xx.o
    0x00004bec   0x00000010   Code   RO          619    i.USARTx_GetVersion  uart_lpc17xx.o
    0x00004bfc   0x00000028   Code   RO         2463    i.__ARM_fpclassify  m_ws.l(fpclassify.o)
    0x00004c24   0x0000001c   Code   RO          424    i.__NVIC_ClearPendingIRQ  ssp_lpc17xx.o
    0x00004c40   0x0000001c   Code   RO          620    i.__NVIC_ClearPendingIRQ  uart_lpc17xx.o
    0x00004c5c   0x0000001c   Code   RO          810    i.__NVIC_ClearPendingIRQ  gpdma_lpc17xx.o
    0x00004c78   0x00000388   Code   RO         2370    i.__ieee754_rem_pio2  m_ws.l(rred.o)
    0x00005000   0x000000fc   Code   RO         2353    i.__kernel_cos      m_ws.l(cos_i.o)
    0x000050fc   0x000000aa   Code   RO         2465    i.__kernel_poly     m_ws.l(poly.o)
    0x000051a6   0x00000002   PAD
    0x000051a8   0x000000ec   Code   RO         2375    i.__kernel_sin      m_ws.l(sin_i.o)
    0x00005294   0x00000006   Code   RO         2357    i.__mathlib_dbl_infnan  m_ws.l(dunder.o)
    0x0000529a   0x0000000c   Code   RO         2359    i.__mathlib_dbl_invalid  m_ws.l(dunder.o)
    0x000052a6   0x00000002   PAD
    0x000052a8   0x00000010   Code   RO         2362    i.__mathlib_dbl_underflow  m_ws.l(dunder.o)
    0x000052b8   0x0000002c   Code   RO          337    i.__user_perthread_libspace  rtx_conf_cm.o
    0x000052e4   0x00000046   Code   RO         2119    i._init_box         RTX_CM3.lib(rt_membox.o)
    0x0000532a   0x0000000e   Code   RO         2258    i._is_digit         c_w.l(__printf_wp.o)
    0x00005338   0x00000020   Code   RO          338    i._mutex_acquire    rtx_conf_cm.o
    0x00005358   0x0000001c   Code   RO          340    i._mutex_release    rtx_conf_cm.o
    0x00005374   0x0000009c   Code   RO         2311    i.cos               m_ws.l(cos.o)
    0x00005410   0x00000030   Code   RO         2172    i.dbg_init          RTX_CM3.lib(hal_cm.o)
    0x00005440   0x00000020   Code   RO         2173    i.dbg_task_notify   RTX_CM3.lib(hal_cm.o)
    0x00005460   0x00000010   Code   RO         2174    i.dbg_task_switch   RTX_CM3.lib(hal_cm.o)
    0x00005470   0x0000002c   Code   RO          154    i.delay_ms          glcd_mcb1700.o
    0x0000549c   0x0000002a   Code   RO         1025    i.isrMessageGet     RTX_CM3.lib(rt_cmsis.o)
    0x000054c6   0x0000002c   Code   RO         1026    i.isrMessagePut     RTX_CM3.lib(rt_cmsis.o)
    0x000054f2   0x00000024   Code   RO         1028    i.isrSignalSet      RTX_CM3.lib(rt_cmsis.o)
    0x00005516   0x00000002   PAD
    0x00005518   0x00000028   Code   RO         1856    i.isr_evt_set       RTX_CM3.lib(rt_event.o)
    0x00005540   0x00000056   Code   RO         1974    i.isr_mbx_receive   RTX_CM3.lib(rt_mailbox.o)
    0x00005596   0x0000000e   Code   RO         1975    i.isr_mbx_send      RTX_CM3.lib(rt_mailbox.o)
    0x000055a4   0x0000007c   Code   RO            7    i.main              main_test_pwm.o
    0x00005620   0x0000002c   Code   RO            8    i.myUSART_callback  main_test_pwm.o
    0x0000564c   0x00000018   Code   RO         1029    i.osDelay           RTX_CM3.lib(rt_cmsis.o)
    0x00005664   0x00000024   Code   RO         1030    i.osKernelInitialize  RTX_CM3.lib(rt_cmsis.o)
    0x00005688   0x0000006c   Code   RO         1032    i.osKernelStart     RTX_CM3.lib(rt_cmsis.o)
    0x000056f4   0x0000001c   Code   RO         1034    i.osMailAlloc       RTX_CM3.lib(rt_cmsis.o)
    0x00005710   0x0000002c   Code   RO         1036    i.osMailCreate      RTX_CM3.lib(rt_cmsis.o)
    0x0000573c   0x0000001c   Code   RO         1037    i.osMailFree        RTX_CM3.lib(rt_cmsis.o)
    0x00005758   0x00000016   Code   RO         1038    i.osMailGet         RTX_CM3.lib(rt_cmsis.o)
    0x0000576e   0x00000014   Code   RO         1039    i.osMailPut         RTX_CM3.lib(rt_cmsis.o)
    0x00005782   0x00000002   PAD
    0x00005784   0x00000018   Code   RO         1041    i.osMessageGet      RTX_CM3.lib(rt_cmsis.o)
    0x0000579c   0x00000018   Code   RO         1042    i.osMessagePut      RTX_CM3.lib(rt_cmsis.o)
    0x000057b4   0x00000018   Code   RO         1056    i.osSignalSet       RTX_CM3.lib(rt_cmsis.o)
    0x000057cc   0x00000018   Code   RO         1057    i.osSignalWait      RTX_CM3.lib(rt_cmsis.o)
    0x000057e4   0x0000002c   Code   RO         1058    i.osThreadCreate    RTX_CM3.lib(rt_cmsis.o)
    0x00005810   0x00000018   Code   RO         1059    i.osThreadExit      RTX_CM3.lib(rt_cmsis.o)
    0x00005828   0x00000022   Code   RO          341    i.os_error          rtx_conf_cm.o
    0x0000584a   0x00000004   Code   RO          342    i.os_idle_demon     rtx_conf_cm.o
    0x0000584e   0x00000002   PAD
    0x00005850   0x00000028   Code   RO         1766    i.os_tick_init      RTX_CM3.lib(rt_system.o)
    0x00005878   0x0000005c   Code   RO            9    i.pwm_init_lidar    main_test_pwm.o
    0x000058d4   0x00000044   Code   RO          155    i.rd_dat            glcd_mcb1700.o
    0x00005918   0x000000c8   Code   RO          156    i.rd_id_man         glcd_mcb1700.o
    0x000059e0   0x00000010   Code   RO          157    i.rd_reg            glcd_mcb1700.o
    0x000059f0   0x0000001a   Code   RO         2120    i.rt_alloc_box      RTX_CM3.lib(rt_membox.o)
    0x00005a0a   0x0000003e   Code   RO         2148    i.rt_alloc_mem      RTX_CM3.lib(rt_memory.o)
    0x00005a48   0x00000038   Code   RO         1647    i.rt_block          RTX_CM3.lib(rt_task.o)
    0x00005a80   0x00000048   Code   RO         2097    i.rt_chk_robin      RTX_CM3.lib(rt_robin.o)
    0x00005ac8   0x00000070   Code   RO         1898    i.rt_dec_dly        RTX_CM3.lib(rt_list.o)
    0x00005b38   0x00000044   Code   RO         1648    i.rt_dispatch       RTX_CM3.lib(rt_task.o)
    0x00005b7c   0x00000006   Code   RO         2064    i.rt_dly_wait       RTX_CM3.lib(rt_time.o)
    0x00005b82   0x00000002   PAD
    0x00005b84   0x00000050   Code   RO         1859    i.rt_evt_psh        RTX_CM3.lib(rt_event.o)
    0x00005bd4   0x0000005c   Code   RO         1860    i.rt_evt_set        RTX_CM3.lib(rt_event.o)
    0x00005c30   0x0000003c   Code   RO         1861    i.rt_evt_wait       RTX_CM3.lib(rt_event.o)
    0x00005c6c   0x0000002c   Code   RO         2121    i.rt_free_box       RTX_CM3.lib(rt_membox.o)
    0x00005c98   0x00000028   Code   RO         2149    i.rt_free_mem       RTX_CM3.lib(rt_memory.o)
    0x00005cc0   0x00000028   Code   RO         1899    i.rt_get_first      RTX_CM3.lib(rt_list.o)
    0x00005ce8   0x00000048   Code   RO         1649    i.rt_init_context   RTX_CM3.lib(rt_task.o)
    0x00005d30   0x0000001a   Code   RO         2150    i.rt_init_mem       RTX_CM3.lib(rt_memory.o)
    0x00005d4a   0x00000002   PAD
    0x00005d4c   0x00000018   Code   RO         2098    i.rt_init_robin     RTX_CM3.lib(rt_robin.o)
    0x00005d64   0x00000080   Code   RO         2175    i.rt_init_stack     RTX_CM3.lib(hal_cm.o)
    0x00005de4   0x00000008   Code   RO         1976    i.rt_mbx_check      RTX_CM3.lib(rt_mailbox.o)
    0x00005dec   0x0000001a   Code   RO         1977    i.rt_mbx_init       RTX_CM3.lib(rt_mailbox.o)
    0x00005e06   0x00000002   PAD
    0x00005e08   0x000000f0   Code   RO         1978    i.rt_mbx_psh        RTX_CM3.lib(rt_mailbox.o)
    0x00005ef8   0x00000098   Code   RO         1979    i.rt_mbx_send       RTX_CM3.lib(rt_mailbox.o)
    0x00005f90   0x000000b4   Code   RO         1980    i.rt_mbx_wait       RTX_CM3.lib(rt_mailbox.o)
    0x00006044   0x00000044   Code   RO         1076    i.rt_ms2tick        RTX_CM3.lib(rt_cmsis.o)
    0x00006088   0x000000d8   Code   RO         1733    i.rt_mut_release    RTX_CM3.lib(rt_mutex.o)
    0x00006160   0x00000078   Code   RO         1734    i.rt_mut_wait       RTX_CM3.lib(rt_mutex.o)
    0x000061d8   0x0000007c   Code   RO         1770    i.rt_pop_req        RTX_CM3.lib(rt_system.o)
    0x00006254   0x00000020   Code   RO         1771    i.rt_psh_req        RTX_CM3.lib(rt_system.o)
    0x00006274   0x0000005c   Code   RO         1901    i.rt_psq_enq        RTX_CM3.lib(rt_list.o)
    0x000062d0   0x00000048   Code   RO         1902    i.rt_put_dly        RTX_CM3.lib(rt_list.o)
    0x00006318   0x00000036   Code   RO         1903    i.rt_put_prio       RTX_CM3.lib(rt_list.o)
    0x0000634e   0x00000002   PAD
    0x00006350   0x00000014   Code   RO         1904    i.rt_put_rdy_first  RTX_CM3.lib(rt_list.o)
    0x00006364   0x00000034   Code   RO         1905    i.rt_resort_prio    RTX_CM3.lib(rt_list.o)
    0x00006398   0x00000006   Code   RO         2176    i.rt_ret_val        RTX_CM3.lib(hal_cm.o)
    0x0000639e   0x00000008   Code   RO         2177    i.rt_ret_val2       RTX_CM3.lib(hal_cm.o)
    0x000063a6   0x00000028   Code   RO         1906    i.rt_rmv_dly        RTX_CM3.lib(rt_list.o)
    0x000063ce   0x00000002   PAD
    0x000063d0   0x00000030   Code   RO         1907    i.rt_rmv_list       RTX_CM3.lib(rt_list.o)
    0x00006400   0x00000034   Code   RO         2025    i.rt_sem_psh        RTX_CM3.lib(rt_semaphore.o)
    0x00006434   0x00000024   Code   RO         1773    i.rt_stk_check      RTX_CM3.lib(rt_system.o)
    0x00006458   0x00000028   Code   RO         1650    i.rt_switch_req     RTX_CM3.lib(rt_task.o)
    0x00006480   0x000000cc   Code   RO         1651    i.rt_sys_init       RTX_CM3.lib(rt_task.o)
    0x0000654c   0x00000078   Code   RO         1652    i.rt_sys_start      RTX_CM3.lib(rt_task.o)
    0x000065c4   0x00000040   Code   RO         1775    i.rt_systick        RTX_CM3.lib(rt_system.o)
    0x00006604   0x00000012   Code   RO         1077    i.rt_tid2ptcb       RTX_CM3.lib(rt_cmsis.o)
    0x00006616   0x00000002   PAD
    0x00006618   0x00000034   Code   RO         1078    i.rt_timer_insert   RTX_CM3.lib(rt_cmsis.o)
    0x0000664c   0x00000088   Code   RO         1653    i.rt_tsk_create     RTX_CM3.lib(rt_task.o)
    0x000066d4   0x0000017c   Code   RO         1654    i.rt_tsk_delete     RTX_CM3.lib(rt_task.o)
    0x00006850   0x0000007c   Code   RO         1656    i.rt_tsk_prio       RTX_CM3.lib(rt_task.o)
    0x000068cc   0x00000010   Code   RO         1657    i.rt_tsk_self       RTX_CM3.lib(rt_task.o)
    0x000068dc   0x000000a0   Code   RO         2319    i.sin               m_ws.l(sin.o)
    0x0000697c   0x0000002c   Code   RO          158    i.spi_tran          glcd_mcb1700.o
    0x000069a8   0x00000088   Code   RO          159    i.spi_tran_man      glcd_mcb1700.o
    0x00006a30   0x00000012   Code   RO         1080    i.svcDelay          RTX_CM3.lib(rt_cmsis.o)
    0x00006a42   0x00000002   PAD
    0x00006a44   0x00000070   Code   RO         1081    i.svcKernelInitialize  RTX_CM3.lib(rt_cmsis.o)
    0x00006ab4   0x00000048   Code   RO         1083    i.svcKernelStart    RTX_CM3.lib(rt_cmsis.o)
    0x00006afc   0x00000042   Code   RO         1085    i.svcMailCreate     RTX_CM3.lib(rt_cmsis.o)
    0x00006b3e   0x00000024   Code   RO         1086    i.svcMessageCreate  RTX_CM3.lib(rt_cmsis.o)
    0x00006b62   0x0000003a   Code   RO         1087    i.svcMessageGet     RTX_CM3.lib(rt_cmsis.o)
    0x00006b9c   0x00000036   Code   RO         1088    i.svcMessagePut     RTX_CM3.lib(rt_cmsis.o)
    0x00006bd2   0x00000024   Code   RO         1099    i.svcSignalSet      RTX_CM3.lib(rt_cmsis.o)
    0x00006bf6   0x00000002   PAD
    0x00006bf8   0x00000054   Code   RO         1100    i.svcSignalWait     RTX_CM3.lib(rt_cmsis.o)
    0x00006c4c   0x0000006c   Code   RO         1101    i.svcThreadCreate   RTX_CM3.lib(rt_cmsis.o)
    0x00006cb8   0x0000001c   Code   RO         1102    i.svcThreadGetId    RTX_CM3.lib(rt_cmsis.o)
    0x00006cd4   0x00000038   Code   RO         1105    i.svcThreadTerminate  RTX_CM3.lib(rt_cmsis.o)
    0x00006d0c   0x00000058   Code   RO         1112    i.sysMailAlloc      RTX_CM3.lib(rt_cmsis.o)
    0x00006d64   0x00000060   Code   RO         1113    i.sysMailFree       RTX_CM3.lib(rt_cmsis.o)
    0x00006dc4   0x0000005c   Code   RO         1116    i.sysTimerTick      RTX_CM3.lib(rt_cmsis.o)
    0x00006e20   0x0000004c   Code   RO          160    i.wr_cmd            glcd_mcb1700.o
    0x00006e6c   0x00000034   Code   RO          162    i.wr_dat_only       glcd_mcb1700.o
    0x00006ea0   0x00000018   Code   RO          163    i.wr_dat_start      glcd_mcb1700.o
    0x00006eb8   0x00000014   Code   RO          164    i.wr_dat_stop       glcd_mcb1700.o
    0x00006ecc   0x00000090   Code   RO          165    i.wr_reg            glcd_mcb1700.o
    0x00006f5c   0x0000002c   Code   RO         2451    locale$$code        c_w.l(lc_numeric_c.o)
    0x00006f88   0x00000062   Code   RO         2278    x$fpl$d2f           fz_ws.l(d2f.o)
    0x00006fea   0x00000002   PAD
    0x00006fec   0x00000150   Code   RO         2453    x$fpl$dadd          fz_ws.l(daddsub_clz.o)
    0x0000713c   0x00000010   Code   RO         2530    x$fpl$dcheck1       fz_ws.l(dcheck1.o)
    0x0000714c   0x000002b0   Code   RO         2281    x$fpl$ddiv          fz_ws.l(ddiv.o)
    0x000073fc   0x0000005e   Code   RO         2284    x$fpl$dfix          fz_ws.l(dfix.o)
    0x0000745a   0x0000002e   Code   RO         2289    x$fpl$dflt          fz_ws.l(dflt_clz.o)
    0x00007488   0x00000026   Code   RO         2288    x$fpl$dfltu         fz_ws.l(dflt_clz.o)
    0x000074ae   0x00000002   PAD
    0x000074b0   0x00000154   Code   RO         2294    x$fpl$dmul          fz_ws.l(dmul.o)
    0x00007604   0x0000009c   Code   RO         2342    x$fpl$dnaninf       fz_ws.l(dnaninf.o)
    0x000076a0   0x0000000c   Code   RO         2344    x$fpl$dretinf       fz_ws.l(dretinf.o)
    0x000076ac   0x00000016   Code   RO         2454    x$fpl$drsb          fz_ws.l(daddsub_clz.o)
    0x000076c2   0x00000002   PAD
    0x000076c4   0x000001d4   Code   RO         2455    x$fpl$dsub          fz_ws.l(daddsub_clz.o)
    0x00007898   0x00000056   Code   RO         2296    x$fpl$f2d           fz_ws.l(f2d.o)
    0x000078ee   0x00000018   Code   RO         2346    x$fpl$fcmpinf       fz_ws.l(fcmpi.o)
    0x00007906   0x00000002   PAD
    0x00007908   0x00000030   Code   RO         2299    x$fpl$fflt          fz_ws.l(fflt_clz.o)
    0x00007938   0x00000068   Code   RO         2304    x$fpl$fleqf         fz_ws.l(fleqf.o)
    0x000079a0   0x0000008c   Code   RO         2348    x$fpl$fnaninf       fz_ws.l(fnaninf.o)
    0x00007a2c   0x0000000a   Code   RO         2350    x$fpl$fretinf       fz_ws.l(fretinf.o)
    0x00007a36   0x00000062   Code   RO         2306    x$fpl$frleqf        fz_ws.l(frleqf.o)
    0x00007a98   0x00000004   Code   RO         2308    x$fpl$printf1       fz_ws.l(printf1.o)
    0x00007a9c   0x00000064   Code   RO         2561    x$fpl$retnan        fz_ws.l(retnan.o)
    0x00007b00   0x0000005c   Code   RO         2461    x$fpl$scalbn        fz_ws.l(scalbn.o)
    0x00007b5c   0x00000030   Code   RO         2571    x$fpl$trapveneer    fz_ws.l(trapv.o)
    0x00007b8c   0x00000000   Code   RO         2352    x$fpl$usenofp       fz_ws.l(usenofp.o)
    0x00007b8c   0x0000002c   Data   RO           11    .constdata          main_test_pwm.o
    0x00007bb8   0x000018a0   Data   RO          123    .constdata          glcd_fonts.o
    0x00009458   0x00000068   Data   RO          344    .constdata          rtx_conf_cm.o
    0x000094c0   0x0000007c   Data   RO          426    .constdata          ssp_lpc17xx.o
    0x0000953c   0x000001d0   Data   RO          622    .constdata          uart_lpc17xx.o
    0x0000970c   0x00000004   PAD
    0x00009710   0x00000030   Data   RO         2354    .constdata          m_ws.l(cos_i.o)
    0x00009740   0x000000c8   Data   RO         2372    .constdata          m_ws.l(rred.o)
    0x00009808   0x00000028   Data   RO         2376    .constdata          m_ws.l(sin_i.o)
    0x00009830   0x00000094   Data   RO         2426    .constdata          c_w.l(bigflt0.o)
    0x000098c4   0x00000020   Data   RO         2601    Region$$Table       anon$$obj.o
    0x000098e4   0x0000001c   Data   RO         2450    locale$$data        c_w.l(lc_numeric_c.o)


    Execution Region RW_IRAM1 (Base: 0x10000000, Size: 0x000030d0, Max: 0x00008000, ABSOLUTE)

    Base Addr    Size         Type   Attr      Idx    E Section Name        Object

    0x10000000   0x00000014   Data   RW           12    .data               main_test_pwm.o
    0x10000014   0x00000011   Data   RW          166    .data               glcd_mcb1700.o
    0x10000025   0x00000003   PAD
    0x10000028   0x00000014   Data   RW          345    .data               rtx_conf_cm.o
    0x1000003c   0x00000010   Data   RW          427    .data               ssp_lpc17xx.o
    0x1000004c   0x00000004   Data   RW          623    .data               uart_lpc17xx.o
    0x10000050   0x00000008   Data   RW          812    .data               gpdma_lpc17xx.o
    0x10000058   0x00000004   Data   RW          991    .data               system_lpc17xx.o
    0x1000005c   0x00000008   Data   RW         1119    .data               RTX_CM3.lib(rt_cmsis.o)
    0x10000064   0x00000008   Data   RW         1659    .data               RTX_CM3.lib(rt_task.o)
    0x1000006c   0x00000008   Data   RW         1778    .data               RTX_CM3.lib(rt_system.o)
    0x10000074   0x00000004   Data   RW         2068    .data               RTX_CM3.lib(rt_time.o)
    0x10000078   0x00000008   Data   RW         2099    .data               RTX_CM3.lib(rt_robin.o)
    0x10000080   0x00000001   Data   RW         2178    .data               RTX_CM3.lib(hal_cm.o)
    0x10000081   0x00000003   PAD
    0x10000084   0x0000009c   Zero   RW           10    .bss                main_test_pwm.o
    0x10000120   0x00002bec   Zero   RW          343    .bss                rtx_conf_cm.o
    0x10002d0c   0x00000028   Zero   RW          425    .bss                ssp_lpc17xx.o
    0x10002d34   0x00000034   Zero   RW          621    .bss                uart_lpc17xx.o
    0x10002d68   0x000000a0   Zero   RW          811    .bss                gpdma_lpc17xx.o
    0x10002e08   0x00000034   Zero   RW         1658    .bss                RTX_CM3.lib(rt_task.o)
    0x10002e3c   0x00000030   Zero   RW         1908    .bss                RTX_CM3.lib(rt_list.o)
    0x10002e6c   0x00000060   Zero   RW         2236    .bss                c_w.l(libspace.o)
    0x10002ecc   0x00000004   PAD
    0x10002ed0   0x00000000   Zero   RW          977    HEAP                startup_lpc17xx.o
    0x10002ed0   0x00000200   Zero   RW          976    STACK               startup_lpc17xx.o


==============================================================================

Image component sizes


      Code (inc. data)   RO Data    RW Data    ZI Data      Debug   Object Name

         0          0       6304          0          0        736   glcd_fonts.o
      2824        110          0         17          0      18610   glcd_mcb1700.o
      1212         94          0          8        160       8082   gpdma_lpc17xx.o
       172         18          0          0          0       2294   gpio_lpc17xx.o
       956        152         44         20        156      37714   main_test_pwm.o
       252          6          0          0          0        804   pin_lpc17xx.o
       170         38        104         20      11244       9515   rtx_conf_cm.o
      3904        106        124         16         40      53059   ssp_lpc17xx.o
        64         26        204          0        512        956   startup_lpc17xx.o
       320         18          0          4          0        763   system_lpc17xx.o
      5674        152        464          4         52      32679   uart_lpc17xx.o

    ----------------------------------------------------------------------
     15560        720       7280         92      12164     165212   Object Totals
         0          0         32          0          0          0   (incl. Generated)
        12          0          4          3          0          0   (incl. Padding)

    ----------------------------------------------------------------------

      Code (inc. data)   RO Data    RW Data    ZI Data      Debug   Library Member Name

       238         24          0          1          0       3268   hal_cm.o
       304         36          0          0          0        760   hal_cm3.o
      1738        180          0          8          0      41334   rt_cmsis.o
       272         18          0          0          0       2618   rt_event.o
       530         34          0          0         48       8169   rt_list.o
       706         14          0          0          0       4731   rt_mailbox.o
       140          0          0          0          0       1901   rt_membox.o
       128          0          0          0          0       2275   rt_memory.o
       336         14          0          0          0       1631   rt_mutex.o
        96         22          0          8          0       1134   rt_robin.o
        52          4          0          0          0        565   rt_semaphore.o
       298         52          0          8          0       6151   rt_system.o
      1216        174          0          8         52       9565   rt_task.o
         6          0          0          4          0        644   rt_time.o
         4          4          0          0          0        200   svc_table.o
         8          0          0          0          0         68   __main.o
       284          0          0          0          0        156   __printf_wp.o
         0          0          0          0          0          0   __rtentry.o
        20          0          0          0          0          0   __rtentry2.o
         6          0          0          0          0          0   __rtentry4.o
        52          8          0          0          0          0   __scatter.o
        26          0          0          0          0          0   __scatter_copy.o
        28          0          0          0          0          0   __scatter_zi.o
        48          6          0          0          0         96   _printf_char_common.o
         6          0          0          0          0          0   _printf_f.o
      1050          0          0          0          0        216   _printf_fp_dec.o
       128         16          0          0          0         84   _printf_fp_infnan.o
        78          0          0          0          0        108   _printf_pad.o
         0          0          0          0          0          0   _printf_percent.o
         4          0          0          0          0          0   _printf_percent_end.o
        22          0          0          0          0        100   _rserrno.o
        10          0          0          0          0         68   _sputc.o
       220          4        148          0          0         96   bigflt0.o
      1910        128          0          0          0        672   btod.o
        18          0          0          0          0         80   exit.o
         6          0          0          0          0        152   heapauxi.o
         0          0          0          0          0          0   indicate_semi.o
        44         10         28          0          0         76   lc_numeric_c.o
         2          0          0          0          0          0   libinit.o
        18          0          0          0          0          0   libinit2.o
         2          0          0          0          0          0   libshutdown.o
         2          0          0          0          0          0   libshutdown2.o
         8          4          0          0         96         68   libspace.o
       138          0          0          0          0         80   lludiv10.o
       238          0          0          0          0        100   lludivv7m.o
        40          6          0          0          0         84   noretval__2sprintf.o
         4          0          0          0          0         68   rt_errno_addr_twolibspace.o
        10          0          0          0          0         76   rt_locale_twolibspace.o
        78          0          0          0          0         80   rt_memclr_w.o
         2          0          0          0          0          0   rtexit.o
        10          0          0          0          0          0   rtexit2.o
       128          0          0          0          0         68   strcmpv7m.o
        12          4          0          0          0         68   sys_exit.o
        74          0          0          0          0         80   sys_stackheap_outer.o
         2          0          0          0          0         68   use_no_semi.o
        98          4          0          0          0         92   d2f.o
       826         16          0          0          0        348   daddsub_clz.o
        16          4          0          0          0         68   dcheck1.o
       688        140          0          0          0        208   ddiv.o
        94          4          0          0          0         92   dfix.o
        84          0          0          0          0        136   dflt_clz.o
       340         12          0          0          0        104   dmul.o
       156          4          0          0          0         92   dnaninf.o
        12          0          0          0          0         68   dretinf.o
        86          4          0          0          0         84   f2d.o
        24          0          0          0          0         68   fcmpi.o
        48          0          0          0          0         68   fflt_clz.o
       104          4          0          0          0         84   fleqf.o
       140          4          0          0          0         84   fnaninf.o
        10          0          0          0          0         68   fretinf.o
        98          0          0          0          0         68   frleqf.o
         4          0          0          0          0         68   printf1.o
       100          0          0          0          0         68   retnan.o
        92          0          0          0          0         68   scalbn.o
        48          0          0          0          0         68   trapv.o
         0          0          0          0          0          0   usenofp.o
       156          8          0          0          0        104   cos.o
       252         22         48          0          0        124   cos_i.o
        34          6          0          0          0        204   dunder.o
        40          0          0          0          0         68   fpclassify.o
       170          0          0          0          0         96   poly.o
       904         76        200          0          0        140   rred.o
       160         10          0          0          0        108   sin.o
       236         12         40          0          0        128   sin_i.o

    ----------------------------------------------------------------------
     15864       1092        464         40        200      90734   Library Totals
        44          0          0          3          4          0   (incl. Padding)

    ----------------------------------------------------------------------

      Code (inc. data)   RO Data    RW Data    ZI Data      Debug   Library Name

      6064        576          0         37        100      84946   RTX_CM3.lib
      4736        186        176          0         96       2812   c_w.l
      3068        196          0          0          0       2004   fz_ws.l
      1952        134        288          0          0        972   m_ws.l

    ----------------------------------------------------------------------
     15864       1092        464         40        200      90734   Library Totals

    ----------------------------------------------------------------------

==============================================================================


      Code (inc. data)   RO Data    RW Data    ZI Data      Debug   

     31424       1812       7744        132      12364     242630   Grand Totals
     31424       1812       7744        132      12364     242630   ELF Image Totals
     31424       1812       7744        132          0          0   ROM Totals

==============================================================================

    Total RO  Size (Code + RO Data)                39168 (  38.25kB)
    Total RW  Size (RW Data + ZI Data)             12496 (  12.20kB)
    Total ROM Size (Code + RO Data + RW Data)      39300 (  38.38kB)

==============================================================================

