Component: ARM Compiler 5.06 update 1 (build 61) Tool: armlink [4d35a8]

==============================================================================

Section Cross References

    main_test_pwm.o(i.Init_UART) refers to uart_lpc17xx.o(.constdata) for Driver_USART0
    main_test_pwm.o(i.Thread_Data_Lidar) refers to dflt_clz.o(x$fpl$dflt) for __aeabi_i2d
    main_test_pwm.o(i.Thread_Data_Lidar) refers to ddiv.o(x$fpl$ddiv) for __aeabi_ddiv
    main_test_pwm.o(i.Thread_Data_Lidar) refers to dfix.o(x$fpl$dfix) for __aeabi_d2iz
    main_test_pwm.o(i.Thread_Data_Lidar) refers to rt_cmsis.o(i.osMailAlloc) for osMailAlloc
    main_test_pwm.o(i.Thread_Data_Lidar) refers to rt_cmsis.o(i.osMailPut) for osMailPut
    main_test_pwm.o(i.Thread_Data_Lidar) refers to uart_lpc17xx.o(.constdata) for Driver_USART0
    main_test_pwm.o(i.Thread_Data_Lidar) refers to main_test_pwm.o(.data) for ID_BAL_DATALIDAR
    main_test_pwm.o(i.Thread_Print_Lidar) refers to rt_cmsis.o(i.osMailGet) for osMailGet
    main_test_pwm.o(i.Thread_Print_Lidar) refers to rt_cmsis.o(i.osMailFree) for osMailFree
    main_test_pwm.o(i.Thread_Print_Lidar) refers to dflt_clz.o(x$fpl$dflt) for __aeabi_i2d
    main_test_pwm.o(i.Thread_Print_Lidar) refers to dmul.o(x$fpl$dmul) for __aeabi_dmul
    main_test_pwm.o(i.Thread_Print_Lidar) refers to d2f.o(x$fpl$d2f) for __aeabi_d2f
    main_test_pwm.o(i.Thread_Print_Lidar) refers to fflt_clz.o(x$fpl$fflt) for __aeabi_i2f
    main_test_pwm.o(i.Thread_Print_Lidar) refers to f2d.o(x$fpl$f2d) for __aeabi_f2d
    main_test_pwm.o(i.Thread_Print_Lidar) refers to cos.o(i.cos) for cos
    main_test_pwm.o(i.Thread_Print_Lidar) refers to sin.o(i.sin) for sin
    main_test_pwm.o(i.Thread_Print_Lidar) refers to frleqf.o(x$fpl$frleqf) for __aeabi_cfrcmple
    main_test_pwm.o(i.Thread_Print_Lidar) refers to fleqf.o(x$fpl$fleqf) for __aeabi_cfcmple
    main_test_pwm.o(i.Thread_Print_Lidar) refers to faddsub_clz.o(x$fpl$fadd) for __aeabi_fadd
    main_test_pwm.o(i.Thread_Print_Lidar) refers to ffixu.o(x$fpl$ffixu) for __aeabi_f2uiz
    main_test_pwm.o(i.Thread_Print_Lidar) refers to glcd_mcb1700.o(i.GLCD_DrawPixel) for GLCD_DrawPixel
    main_test_pwm.o(i.Thread_Print_Lidar) refers to main_test_pwm.o(.data) for ID_BAL_DATALIDAR
    main_test_pwm.o(i.main) refers to rt_cmsis.o(i.osKernelInitialize) for osKernelInitialize
    main_test_pwm.o(i.main) refers to glcd_mcb1700.o(i.GLCD_Initialize) for GLCD_Initialize
    main_test_pwm.o(i.main) refers to glcd_mcb1700.o(i.GLCD_SetBackgroundColor) for GLCD_SetBackgroundColor
    main_test_pwm.o(i.main) refers to glcd_mcb1700.o(i.GLCD_SetForegroundColor) for GLCD_SetForegroundColor
    main_test_pwm.o(i.main) refers to glcd_mcb1700.o(i.GLCD_SetFont) for GLCD_SetFont
    main_test_pwm.o(i.main) refers to glcd_mcb1700.o(i.GLCD_ClearScreen) for GLCD_ClearScreen
    main_test_pwm.o(i.main) refers to main_test_pwm.o(i.Init_UART) for Init_UART
    main_test_pwm.o(i.main) refers to main_test_pwm.o(i.pwm_init_lidar) for pwm_init_lidar
    main_test_pwm.o(i.main) refers to rt_cmsis.o(i.osMailCreate) for osMailCreate
    main_test_pwm.o(i.main) refers to rt_cmsis.o(i.osThreadCreate) for osThreadCreate
    main_test_pwm.o(i.main) refers to rt_cmsis.o(i.osKernelStart) for osKernelStart
    main_test_pwm.o(i.main) refers to rt_cmsis.o(i.osDelay) for osDelay
    main_test_pwm.o(i.main) refers to glcd_fonts.o(.constdata) for GLCD_Font_16x24
    main_test_pwm.o(i.main) refers to main_test_pwm.o(.constdata) for os_mailQ_def_BAL_DATALIDAR
    main_test_pwm.o(i.main) refers to main_test_pwm.o(.data) for ID_BAL_DATALIDAR
    main_test_pwm.o(i.main) refers to uart_lpc17xx.o(.constdata) for Driver_USART0
    main_test_pwm.o(.constdata) refers to main_test_pwm.o(.data) for os_mailQ_p_BAL_DATALIDAR
    main_test_pwm.o(.constdata) refers to main_test_pwm.o(i.Thread_Data_Lidar) for Thread_Data_Lidar
    main_test_pwm.o(.constdata) refers to main_test_pwm.o(i.Thread_Print_Lidar) for Thread_Print_Lidar
    main_test_pwm.o(.data) refers to main_test_pwm.o(.bss) for os_mailQ_q_BAL_DATALIDAR
    glcd_mcb1700.o(i.GLCD_ClearScreen) refers to glcd_mcb1700.o(i.GLCD_WindowMax) for GLCD_WindowMax
    glcd_mcb1700.o(i.GLCD_ClearScreen) refers to glcd_mcb1700.o(i.wr_cmd) for wr_cmd
    glcd_mcb1700.o(i.GLCD_ClearScreen) refers to glcd_mcb1700.o(i.wr_dat_start) for wr_dat_start
    glcd_mcb1700.o(i.GLCD_ClearScreen) refers to glcd_mcb1700.o(i.wr_dat_only) for wr_dat_only
    glcd_mcb1700.o(i.GLCD_ClearScreen) refers to glcd_mcb1700.o(i.wr_dat_stop) for wr_dat_stop
    glcd_mcb1700.o(i.GLCD_ClearScreen) refers to glcd_mcb1700.o(.data) for background_color
    glcd_mcb1700.o(i.GLCD_DrawBargraph) refers to glcd_mcb1700.o(i.GLCD_SetWindow) for GLCD_SetWindow
    glcd_mcb1700.o(i.GLCD_DrawBargraph) refers to glcd_mcb1700.o(i.wr_cmd) for wr_cmd
    glcd_mcb1700.o(i.GLCD_DrawBargraph) refers to glcd_mcb1700.o(i.wr_dat_start) for wr_dat_start
[...]
    i.svcKernelStart                         0x000058a4   Section        0  rt_cmsis.o(i.svcKernelStart)
    i.svcMailCreate                          0x000058ec   Section        0  rt_cmsis.o(i.svcMailCreate)
    i.svcMessageCreate                       0x0000592e   Section        0  rt_cmsis.o(i.svcMessageCreate)
    i.svcMessageGet                          0x00005952   Section        0  rt_cmsis.o(i.svcMessageGet)
    i.svcMessagePut                          0x0000598c   Section        0  rt_cmsis.o(i.svcMessagePut)
    i.svcThreadCreate                        0x000059c4   Section        0  rt_cmsis.o(i.svcThreadCreate)
    i.svcThreadGetId                         0x00005a30   Section        0  rt_cmsis.o(i.svcThreadGetId)
    i.svcThreadTerminate                     0x00005a4c   Section        0  rt_cmsis.o(i.svcThreadTerminate)
    i.sysMailAlloc                           0x00005a84   Section        0  rt_cmsis.o(i.sysMailAlloc)
    i.sysMailFree                            0x00005adc   Section        0  rt_cmsis.o(i.sysMailFree)
    i.sysTimerTick                           0x00005b3c   Section        0  rt_cmsis.o(i.sysTimerTick)
    i.wr_cmd                                 0x00005b98   Section        0  glcd_mcb1700.o(i.wr_cmd)
    wr_cmd                                   0x00005b99   Thumb Code    70  glcd_mcb1700.o(i.wr_cmd)
    i.wr_dat                                 0x00005be4   Section        0  glcd_mcb1700.o(i.wr_dat)
    wr_dat                                   0x00005be5   Thumb Code    72  glcd_mcb1700.o(i.wr_dat)
    i.wr_dat_only                            0x00005c30   Section        0  glcd_mcb1700.o(i.wr_dat_only)
    wr_dat_only                              0x00005c31   Thumb Code    46  glcd_mcb1700.o(i.wr_dat_only)
    i.wr_dat_start                           0x00005c64   Section        0  glcd_mcb1700.o(i.wr_dat_start)
    wr_dat_start                             0x00005c65   Thumb Code    20  glcd_mcb1700.o(i.wr_dat_start)
    i.wr_dat_stop                            0x00005c7c   Section        0  glcd_mcb1700.o(i.wr_dat_stop)
    wr_dat_stop                              0x00005c7d   Thumb Code    14  glcd_mcb1700.o(i.wr_dat_stop)
    i.wr_reg                                 0x00005c90   Section        0  glcd_mcb1700.o(i.wr_reg)
    wr_reg                                   0x00005c91   Thumb Code   140  glcd_mcb1700.o(i.wr_reg)
    x$fpl$d2f                                0x00005d20   Section       98  d2f.o(x$fpl$d2f)
    x$fpl$dadd                               0x00005d84   Section      336  daddsub_clz.o(x$fpl$dadd)
    _dadd1                                   0x00005d95   Thumb Code     0  daddsub_clz.o(x$fpl$dadd)
    x$fpl$dcheck1                            0x00005ed4   Section       16  dcheck1.o(x$fpl$dcheck1)
    x$fpl$ddiv                               0x00005ee4   Section      688  ddiv.o(x$fpl$ddiv)
    ddiv_entry                               0x00005eeb   Thumb Code     0  ddiv.o(x$fpl$ddiv)
    x$fpl$dfix                               0x00006194   Section       94  dfix.o(x$fpl$dfix)
    x$fpl$dflt                               0x000061f2   Section       46  dflt_clz.o(x$fpl$dflt)
    x$fpl$dfltu                              0x00006220   Section       38  dflt_clz.o(x$fpl$dfltu)
    x$fpl$dmul                               0x00006248   Section      340  dmul.o(x$fpl$dmul)
    x$fpl$dnaninf                            0x0000639c   Section      156  dnaninf.o(x$fpl$dnaninf)
    x$fpl$dretinf                            0x00006438   Section       12  dretinf.o(x$fpl$dretinf)
    x$fpl$drsb                               0x00006444   Section       22  daddsub_clz.o(x$fpl$drsb)
    x$fpl$dsub                               0x0000645c   Section      468  daddsub_clz.o(x$fpl$dsub)
    _dsub1                                   0x0000646d   Thumb Code     0  daddsub_clz.o(x$fpl$dsub)
    x$fpl$f2d                                0x00006630   Section       86  f2d.o(x$fpl$f2d)
    x$fpl$fadd                               0x00006688   Section      196  faddsub_clz.o(x$fpl$fadd)
    _fadd1                                   0x00006697   Thumb Code     0  faddsub_clz.o(x$fpl$fadd)
    x$fpl$fcmpinf                            0x0000674c   Section       24  fcmpi.o(x$fpl$fcmpinf)
    x$fpl$ffixu                              0x00006764   Section       62  ffixu.o(x$fpl$ffixu)
    x$fpl$fflt                               0x000067a4   Section       48  fflt_clz.o(x$fpl$fflt)
    x$fpl$fleqf                              0x000067d4   Section      104  fleqf.o(x$fpl$fleqf)
    x$fpl$fnaninf                            0x0000683c   Section      140  fnaninf.o(x$fpl$fnaninf)
    x$fpl$fretinf                            0x000068c8   Section       10  fretinf.o(x$fpl$fretinf)
    x$fpl$frleqf                             0x000068d2   Section       98  frleqf.o(x$fpl$frleqf)
    x$fpl$fsub                               0x00006934   Section      234  faddsub_clz.o(x$fpl$fsub)
    _fsub1                                   0x00006943   Thumb Code     0  faddsub_clz.o(x$fpl$fsub)
    x$fpl$retnan                             0x00006a1e   Section      100  retnan.o(x$fpl$retnan)
    x$fpl$scalbn                             0x00006a82   Section       92  scalbn.o(x$fpl$scalbn)
    x$fpl$trapveneer                         0x00006ade   Section       48  trapv.o(x$fpl$trapveneer)
    x$fpl$usenofp                            0x00006b0e   Section        0  usenofp.o(x$fpl$usenofp)
    .constdata                               0x00006b10   Section       44  main_test_pwm.o(.constdata)
    .constdata                               0x00006b3c   Section     6304  glcd_fonts.o(.constdata)
    Font_6x8_h                               0x00006b3c   Data         896  glcd_fonts.o(.constdata)
    Font_16x24_h                             0x00006ebc   Data        5376  glcd_fonts.o(.constdata)
    .constdata                               0x000083dc   Section      104  rtx_conf_cm.o(.constdata)
    __tagsym$$used                           0x000083f8   Number         0  rtx_conf_cm.o(.constdata)
    __tagsym$$used                           0x000083fc   Number         0  rtx_conf_cm.o(.constdata)
    __tagsym$$used                           0x00008400   Number         0  rtx_conf_cm.o(.constdata)
    __tagsym$$used                           0x00008404   Number         0  rtx_conf_cm.o(.constdata)
    .constdata                               0x00008444   Section      124  ssp_lpc17xx.o(.constdata)
    DriverVersion                            0x00008444   Data           4  ssp_lpc17xx.o(.constdata)
    DriverCapabilities                       0x00008448   Data           4  ssp_lpc17xx.o(.constdata)
    SSP1_Resources                           0x0000844c   Data          72  ssp_lpc17xx.o(.constdata)
    .constdata                               0x000084c0   Section      464  uart_lpc17xx.o(.constdata)
    usart_driver_version                     0x000084c0   Data           4  uart_lpc17xx.o(.constdata)
    fract_div_lookup_table                   0x000084c4   Data         288  uart_lpc17xx.o(.constdata)
    UART0_DMA_Tx                             0x000085e4   Data           8  uart_lpc17xx.o(.constdata)
    UART0_DMA_Rx                             0x000085ec   Data           8  uart_lpc17xx.o(.constdata)
    USART0_Resources                         0x000085f4   Data         100  uart_lpc17xx.o(.constdata)
    .constdata                               0x00008690   Section       48  cos_i.o(.constdata)
    C                                        0x00008690   Data          48  cos_i.o(.constdata)
    .constdata                               0x000086c0   Section      200  rred.o(.constdata)
    pio2s                                    0x000086c0   Data          48  rred.o(.constdata)
    twooverpi                                0x000086f0   Data         152  rred.o(.constdata)
    .constdata                               0x00008788   Section       40  sin_i.o(.constdata)
    S                                        0x00008788   Data          40  sin_i.o(.constdata)
    .data                                    0x10000000   Section       20  main_test_pwm.o(.data)
    .data                                    0x10000014   Section       17  glcd_mcb1700.o(.data)
    spi1_pins                                0x10000014   Data           8  glcd_mcb1700.o(.data)
    foreground_color                         0x1000001c   Data           2  glcd_mcb1700.o(.data)
    background_color                         0x1000001e   Data           2  glcd_mcb1700.o(.data)
    active_font                              0x10000020   Data           4  glcd_mcb1700.o(.data)
    Himax                                    0x10000024   Data           1  glcd_mcb1700.o(.data)
    .data                                    0x10000028   Section       20  rtx_conf_cm.o(.data)
    nr_mutex                                 0x10000038   Data           4  rtx_conf_cm.o(.data)
    .data                                    0x1000003c   Section       16  ssp_lpc17xx.o(.data)
    SSP1_pin_sck                             0x1000003c   Data           2  ssp_lpc17xx.o(.data)
    SSP1_pin_miso                            0x1000003e   Data           2  ssp_lpc17xx.o(.data)
    SSP1_pin_mosi                            0x10000040   Data           2  ssp_lpc17xx.o(.data)
    SSP1_pin_ssel                            0x10000042   Data           2  ssp_lpc17xx.o(.data)
    dummy_data                               0x10000044   Data           4  ssp_lpc17xx.o(.data)
    dummy_data                               0x10000048   Data           4  ssp_lpc17xx.o(.data)
    .data                                    0x1000004c   Section        4  uart_lpc17xx.o(.data)
    USART0_pin_tx                            0x1000004c   Data           2  uart_lpc17xx.o(.data)
    USART0_pin_rx                            0x1000004e   Data           2  uart_lpc17xx.o(.data)
    .data                                    0x10000050   Section        8  gpdma_lpc17xx.o(.data)
    Channel_active                           0x10000050   Data           4  gpdma_lpc17xx.o(.data)
    Init_cnt                                 0x10000054   Data           4  gpdma_lpc17xx.o(.data)
    .data                                    0x10000058   Section        4  system_lpc17xx.o(.data)
    .data                                    0x1000005c   Section        8  rt_cmsis.o(.data)
    .data                                    0x10000064   Section        8  rt_task.o(.data)
    .data                                    0x1000006c   Section        8  rt_system.o(.data)
    os_lock                                  0x1000006c   Data           1  rt_system.o(.data)
    os_psh_flag                              0x1000006d   Data           1  rt_system.o(.data)
    pend_flags                               0x1000006e   Data           1  rt_system.o(.data)
    .data                                    0x10000074   Section        4  rt_time.o(.data)
    .data                                    0x10000078   Section        8  rt_robin.o(.data)
    .data                                    0x10000080   Section        1  hal_cm.o(.data)
    .bss                                     0x10000084   Section      156  main_test_pwm.o(.bss)
    .bss                                     0x10000120   Section    11244  rtx_conf_cm.o(.bss)
    std_libspace                             0x10002a4c   Data         576  rtx_conf_cm.o(.bss)
    std_libmutex                             0x10002c8c   Data         128  rtx_conf_cm.o(.bss)
    .bss                                     0x10002d0c   Section       40  ssp_lpc17xx.o(.bss)
    SSP1_Info                                0x10002d0c   Data          12  ssp_lpc17xx.o(.bss)
    SSP1_Xfer                                0x10002d18   Data          28  ssp_lpc17xx.o(.bss)
    .bss                                     0x10002d34   Section       52  uart_lpc17xx.o(.bss)
    USART0_Info                              0x10002d34   Data          52  uart_lpc17xx.o(.bss)
    .bss                                     0x10002d68   Section      160  gpdma_lpc17xx.o(.bss)
    Channel_info                             0x10002d68   Data         160  gpdma_lpc17xx.o(.bss)
    .bss                                     0x10002e08   Section       52  rt_task.o(.bss)
    .bss                                     0x10002e3c   Section       48  rt_list.o(.bss)
    .bss                                     0x10002e6c   Section       96  libspace.o(.bss)
    HEAP                                     0x10002ed0   Section        0  startup_lpc17xx.o(HEAP)
    STACK                                    0x10002ed0   Section      512  startup_lpc17xx.o(STACK)
    Heap_Mem                                 0x10002ed0   Data           0  startup_lpc17xx.o(HEAP)
    Stack_Mem                                0x10002ed0   Data         512  startup_lpc17xx.o(STACK)
    __initial_sp                             0x100030d0   Data           0  startup_lpc17xx.o(STACK)

    Global Symbols

    Symbol Name                              Value     Ov Type        Size  Object(Section)

    BuildAttributes$$THM_ISAv4$P$D$K$B$S$PE$A:L22UL41UL21$X:L11$S22US41US21$IEEE1$IW$USESV6$~STKCKD$USESV7$~SHL$OTIME$ROPI$IEEEX$EBA8$UX$STANDARDLIB$REQ8$PRES8$EABIv2 0x00000000   Number         0  anon$$obj.o ABSOLUTE
    __ARM_use_no_argv                        0x00000000   Number         0  main_test_pwm.o ABSOLUTE
    __Vectors                                0x00000000   Data           4  startup_lpc17xx.o(RESET)
    __ARM_exceptions_init                     - Undefined Weak Reference
    __alloca_initialize                       - Undefined Weak Reference
    __arm_preinit_                            - Undefined Weak Reference
    __cpp_initialize__aeabi_                  - Undefined Weak Reference
    __cxa_finalize                            - Undefined Weak Reference
    __rt_locale                               - Undefined Weak Reference
    __sigvec_lookup                           - Undefined Weak Reference
    _atexit_init                              - Undefined Weak Reference
    _call_atexit_fns                          - Undefined Weak Reference
    _clock_init                               - Undefined Weak Reference
    _fp_trap_init                             - Undefined Weak Reference
    _fp_trap_shutdown                         - Undefined Weak Reference
    _get_lc_collate                           - Undefined Weak Reference
    _get_lc_ctype                             - Undefined Weak Reference
    _get_lc_monetary                          - Undefined Weak Reference
    _get_lc_numeric                           - Undefined Weak Reference
    _get_lc_time                              - Undefined Weak Reference
    _getenv_init                              - Undefined Weak Reference
    _handle_redirection                       - Undefined Weak Reference
    _init_alloc                               - Undefined Weak Reference
    _init_user_alloc                          - Undefined Weak Reference
    _initio                                   - Undefined Weak Reference
    _rand_init                                - Undefined Weak Reference
    _signal_finish                            - Undefined Weak Reference
    _signal_init                              - Undefined Weak Reference
    _terminate_alloc                          - Undefined Weak Reference
    _terminate_user_alloc                     - Undefined Weak Reference
    _terminateio                              - Undefined Weak Reference
    __main                                   0x000000cd   Thumb Code     8  __main.o(!!!main)
    __scatterload                            0x000000d5   Thumb Code     0  __scatter.o(!!!scatter)
    __scatterload_rt2                        0x000000d5   Thumb Code    44  __scatter.o(!!!scatter)
    __scatterload_rt2_thumb_only             0x000000d5   Thumb Code     0  __scatter.o(!!!scatter)
    __scatterload_null                       0x000000e3   Thumb Code     0  __scatter.o(!!!scatter)
    __scatterload_copy                       0x00000109   Thumb Code    26  __scatter_copy.o(!!handler_copy)
    __scatterload_zeroinit                   0x00000125   Thumb Code    28  __scatter_zi.o(!!handler_zi)
    __rt_lib_init                            0x00000141   Thumb Code     0  libinit.o(.ARM.Collect$$libinit$$00000000)
    __rt_lib_init_alloca_1                   0x00000143   Thumb Code     0  libinit2.o(.ARM.Collect$$libinit$$0000002E)
    __rt_lib_init_argv_1                     0x00000143   Thumb Code     0  libinit2.o(.ARM.Collect$$libinit$$0000002C)
    __rt_lib_init_atexit_1                   0x00000143   Thumb Code     0  libinit2.o(.ARM.Collect$$libinit$$0000001B)
    __rt_lib_init_clock_1                    0x00000143   Thumb Code     0  libinit2.o(.ARM.Collect$$libinit$$00000021)
    __rt_lib_init_cpp_1                      0x00000143   Thumb Code     0  libinit2.o(.ARM.Collect$$libinit$$00000032)
    __rt_lib_init_exceptions_1               0x00000143   Thumb Code     0  libinit2.o(.ARM.Collect$$libinit$$00000030)
    __rt_lib_init_fp_1                       0x00000143   Thumb Code     0  libinit2.o(.ARM.Collect$$libinit$$00000002)
    __rt_lib_init_fp_trap_1                  0x00000143   Thumb Code     0  libinit2.o(.ARM.Collect$$libinit$$0000001F)
    __rt_lib_init_getenv_1                   0x00000143   Thumb Code     0  libinit2.o(.ARM.Collect$$libinit$$00000023)
    __rt_lib_init_heap_1                     0x00000143   Thumb Code     0  libinit2.o(.ARM.Collect$$libinit$$0000000A)
    __rt_lib_init_lc_collate_1               0x00000143   Thumb Code     0  libinit2.o(.ARM.Collect$$libinit$$00000011)
    __rt_lib_init_lc_ctype_1                 0x00000143   Thumb Code     0  libinit2.o(.ARM.Collect$$libinit$$00000013)
    __rt_lib_init_lc_monetary_1              0x00000143   Thumb Code     0  libinit2.o(.ARM.Collect$$libinit$$00000015)
    __rt_lib_init_lc_numeric_1               0x00000143   Thumb Code     0  libinit2.o(.ARM.Collect$$libinit$$00000017)
    __rt_lib_init_lc_time_1                  0x00000143   Thumb Code     0  libinit2.o(.ARM.Collect$$libinit$$00000019)
    __rt_lib_init_preinit_1                  0x00000143   Thumb Code     0  libinit2.o(.ARM.Collect$$libinit$$00000004)
    __rt_lib_init_rand_1                     0x00000143   Thumb Code     0  libinit2.o(.ARM.Collect$$libinit$$0000000E)
    __rt_lib_init_return                     0x00000143   Thumb Code     0  libinit2.o(.ARM.Collect$$libinit$$00000033)
    __rt_lib_init_signal_1                   0x00000143   Thumb Code     0  libinit2.o(.ARM.Collect$$libinit$$0000001D)
    __rt_lib_init_stdio_1                    0x00000143   Thumb Code     0  libinit2.o(.ARM.Collect$$libinit$$00000025)
    __rt_lib_init_user_alloc_1               0x00000143   Thumb Code     0  libinit2.o(.ARM.Collect$$libinit$$0000000C)
    __rt_lib_shutdown                        0x00000145   Thumb Code     0  libshutdown.o(.ARM.Collect$$libshutdown$$00000000)
    __rt_lib_shutdown_cpp_1                  0x00000147   Thumb Code     0  libshutdown2.o(.ARM.Collect$$libshutdown$$00000002)
    __rt_lib_shutdown_fp_trap_1              0x00000147   Thumb Code     0  libshutdown2.o(.ARM.Collect$$libshutdown$$00000007)
    __rt_lib_shutdown_heap_1                 0x00000147   Thumb Code     0  libshutdown2.o(.ARM.Collect$$libshutdown$$0000000F)
    __rt_lib_shutdown_return                 0x00000147   Thumb Code     0  libshutdown2.o(.ARM.Collect$$libshutdown$$00000010)
    __rt_lib_shutdown_signal_1               0x00000147   Thumb Code     0  libshutdown2.o(.ARM.Collect$$libshutdown$$0000000A)
    __rt_lib_shutdown_stdio_1                0x00000147   Thumb Code     0  libshutdown2.o(.ARM.Collect$$libshutdown$$00000004)
    __rt_lib_shutdown_user_alloc_1           0x00000147   Thumb Code     0  libshutdown2.o(.ARM.Collect$$libshutdown$$0000000C)
    __rt_entry                               0x00000149   Thumb Code     0  __rtentry.o(.ARM.Collect$$rtentry$$00000000)
    __rt_entry_presh_1                       0x00000149   Thumb Code     0  __rtentry2.o(.ARM.Collect$$rtentry$$00000002)
    __rt_entry_sh                            0x00000149   Thumb Code     0  __rtentry4.o(.ARM.Collect$$rtentry$$00000004)
    __rt_entry_li                            0x0000014f   Thumb Code     0  __rtentry2.o(.ARM.Collect$$rtentry$$0000000A)
    __rt_entry_postsh_1                      0x0000014f   Thumb Code     0  __rtentry2.o(.ARM.Collect$$rtentry$$00000009)
    __rt_entry_postli_1                      0x00000153   Thumb Code     0  __rtentry2.o(.ARM.Collect$$rtentry$$0000000B)
    __rt_entry_main                          0x0000015b   Thumb Code     0  __rtentry2.o(.ARM.Collect$$rtentry$$0000000D)
    __rt_exit                                0x00000163   Thumb Code     0  rtexit.o(.ARM.Collect$$rtexit$$00000000)
    __rt_exit_ls                             0x00000165   Thumb Code     0  rtexit2.o(.ARM.Collect$$rtexit$$00000003)
    __rt_exit_prels_1                        0x00000165   Thumb Code     0  rtexit2.o(.ARM.Collect$$rtexit$$00000002)
    __rt_exit_exit                           0x00000169   Thumb Code     0  rtexit2.o(.ARM.Collect$$rtexit$$00000004)
    _platform_post_lib_init                  0x00000171   Thumb Code    24  rtx_conf_cm.o(.emb_text)
    rt_set_PSP                               0x0000018d   Thumb Code     6  hal_cm3.o(.emb_text)
    rt_get_PSP                               0x00000193   Thumb Code     6  hal_cm3.o(.emb_text)
    os_set_env                               0x00000199   Thumb Code    24  hal_cm3.o(.emb_text)
    _alloc_box                               0x000001b5   Thumb Code    28  hal_cm3.o(.emb_text)
    _free_box                                0x000001d5   Thumb Code    28  hal_cm3.o(.emb_text)
    SVC_Handler                              0x000001f5   Thumb Code   108  hal_cm3.o(.emb_text)
    PendSV_Handler                           0x0000026d   Thumb Code    56  hal_cm3.o(.emb_text)
    SysTick_Handler                          0x000002a9   Thumb Code     8  hal_cm3.o(.emb_text)
    OS_Tick_Handler                          0x000002b1   Thumb Code    12  hal_cm3.o(.emb_text)
    Reset_Handler                            0x000002bd   Thumb Code     8  startup_lpc17xx.o(.text)
    NMI_Handler                              0x000002c5   Thumb Code     2  startup_lpc17xx.o(.text)
    HardFault_Handler                        0x000002c7   Thumb Code     2  startup_lpc17xx.o(.text)
    MemManage_Handler                        0x000002c9   Thumb Code     2  startup_lpc17xx.o(.text)
    BusFault_Handler                         0x000002cb   Thumb Code     2  startup_lpc17xx.o(.text)
    UsageFault_Handler                       0x000002cd   Thumb Code     2  startup_lpc17xx.o(.text)
    DebugMon_Handler                         0x000002d1   Thumb Code     2  startup_lpc17xx.o(.text)
    ADC_IRQHandler                           0x000002d7   Thumb Code     0  startup_lpc17xx.o(.text)
    BOD_IRQHandler                           0x000002d7   Thumb Code     0  startup_lpc17xx.o(.text)
    CANActivity_IRQHandler                   0x000002d7   Thumb Code     0  startup_lpc17xx.o(.text)
    CAN_IRQHandler                           0x000002d7   Thumb Code     0  startup_lpc17xx.o(.text)
    EINT0_IRQHandler                         0x000002d7   Thumb Code     0  startup_lpc17xx.o(.text)
    EINT1_IRQHandler                         0x000002d7   Thumb Code     0  startup_lpc17xx.o(.text)
    EINT2_IRQHandler                         0x000002d7   Thumb Code     0  startup_lpc17xx.o(.text)
    EINT3_IRQHandler                         0x000002d7   Thumb Code     0  startup_lpc17xx.o(.text)
    ENET_IRQHandler                          0x000002d7   Thumb Code     0  startup_lpc17xx.o(.text)
    I2C0_IRQHandler                          0x000002d7   Thumb Code     0  startup_lpc17xx.o(.text)
    I2C1_IRQHandler                          0x000002d7   Thumb Code     0  startup_lpc17xx.o(.text)
    I2C2_IRQHandler                          0x000002d7   Thumb Code     0  startup_lpc17xx.o(.text)
    I2S_IRQHandler                           0x000002d7   Thumb Code     0  startup_lpc17xx.o(.text)
    MCPWM_IRQHandler                         0x000002d7   Thumb Code     0  startup_lpc17xx.o(.text)
    PLL0_IRQHandler                          0x000002d7   Thumb Code     0  startup_lpc17xx.o(.text)
    PLL1_IRQHandler                          0x000002d7   Thumb Code     0  startup_lpc17xx.o(.text)
    PWM1_IRQHandler                          0x000002d7   Thumb Code     0  startup_lpc17xx.o(.text)
    QEI_IRQHandler                           0x000002d7   Thumb Code     0  startup_lpc17xx.o(.text)
    RIT_IRQHandler                           0x000002d7   Thumb Code     0  startup_lpc17xx.o(.text)
    RTC_IRQHandler                           0x000002d7   Thumb Code     0  startup_lpc17xx.o(.text)
    SPI_IRQHandler                           0x000002d7   Thumb Code     0  startup_lpc17xx.o(.text)
    SSP0_IRQHandler                          0x000002d7   Thumb Code     0  startup_lpc17xx.o(.text)
    TIMER0_IRQHandler                        0x000002d7   Thumb Code     0  startup_lpc17xx.o(.text)
    TIMER1_IRQHandler                        0x000002d7   Thumb Code     0  startup_lpc17xx.o(.text)
    TIMER2_IRQHandler                        0x000002d7   Thumb Code     0  startup_lpc17xx.o(.text)
    TIMER3_IRQHandler                        0x000002d7   Thumb Code     0  startup_lpc17xx.o(.text)
    UART1_IRQHandler                         0x000002d7   Thumb Code     0  startup_lpc17xx.o(.text)
    UART2_IRQHandler                         0x000002d7   Thumb Code     0  startup_lpc17xx.o(.text)
    UART3_IRQHandler                         0x000002d7   Thumb Code     0  startup_lpc17xx.o(.text)
    USBActivity_IRQHandler                   0x000002d7   Thumb Code     0  startup_lpc17xx.o(.text)
    USB_IRQHandler                           0x000002d7   Thumb Code     0  startup_lpc17xx.o(.text)
    WDT_IRQHandler                           0x000002d7   Thumb Code     0  startup_lpc17xx.o(.text)
    __user_initial_stackheap                 0x000002d9   Thumb Code     0  startup_lpc17xx.o(.text)
    __aeabi_errno_addr                       0x000002f9   Thumb Code     4  rt_errno_addr_twolibspace.o(.text)
    __errno$twolibspace                      0x000002f9   Thumb Code     0  rt_errno_addr_twolibspace.o(.text)
    __rt_errno_addr$twolibspace              0x000002f9   Thumb Code     0  rt_errno_addr_twolibspace.o(.text)
    __user_libspace                          0x00000301   Thumb Code     8  libspace.o(.text)
    __user_perproc_libspace                  0x00000301   Thumb Code     0  libspace.o(.text)
    __aeabi_uldivmod                         0x00000309   Thumb Code     0  lludivv7m.o(.text)
    _ll_udiv                                 0x00000309   Thumb Code   238  lludivv7m.o(.text)
    exit                                     0x000003f7   Thumb Code    18  exit.o(.text)
    __aeabi_memclr4                          0x00000409   Thumb Code     0  rt_memclr_w.o(.text)
    __aeabi_memclr8                          0x00000409   Thumb Code     0  rt_memclr_w.o(.text)
    __rt_memclr_w                            0x00000409   Thumb Code    78  rt_memclr_w.o(.text)
    _memset_w                                0x0000040d   Thumb Code     0  rt_memclr_w.o(.text)
    __use_two_region_memory                  0x00000457   Thumb Code     2  heapauxi.o(.text)
    __rt_heap_escrow$2region                 0x00000459   Thumb Code     2  heapauxi.o(.text)
    __rt_heap_expand$2region                 0x0000045b   Thumb Code     2  heapauxi.o(.text)
    __read_errno                             0x0000045d   Thumb Code    10  _rserrno.o(.text)
    __set_errno                              0x00000467   Thumb Code    12  _rserrno.o(.text)
    _sys_exit                                0x00000475   Thumb Code     8  sys_exit.o(.text)
    __user_setup_stackheap                   0x00000481   Thumb Code    74  sys_stackheap_outer.o(.text)
    __RL_RTX_VER                             0x00000482   Number         0  rt_system.o ABSOLUTE
    __I$use$semihosting                      0x000004cb   Thumb Code     0  use_no_semi.o(.text)
    __use_no_semihosting_swi                 0x000004cb   Thumb Code     2  use_no_semi.o(.text)
    SVC_Count                                0x000004cc   Data           4  svc_table.o(SVC_TABLE)
    __semihosting_library_function           0x000004cd   Thumb Code     0  indicate_semi.o(.text)
    SVC_Table                                0x000004d0   Data           0  svc_table.o(SVC_TABLE)
    DMA_IRQHandler                           0x000004f1   Thumb Code   372  gpdma_lpc17xx.o(i.DMA_IRQHandler)
    GLCD_ClearScreen                         0x00000671   Thumb Code    44  glcd_mcb1700.o(i.GLCD_ClearScreen)
    GLCD_DrawPixel                           0x000006a1   Thumb Code   120  glcd_mcb1700.o(i.GLCD_DrawPixel)
    GLCD_Initialize                          0x00000721   Thumb Code  1462  glcd_mcb1700.o(i.GLCD_Initialize)
    GLCD_SetBackgroundColor                  0x00000cd9   Thumb Code    10  glcd_mcb1700.o(i.GLCD_SetBackgroundColor)
    GLCD_SetFont                             0x00000ce9   Thumb Code    10  glcd_mcb1700.o(i.GLCD_SetFont)
    GLCD_SetForegroundColor                  0x00000cf9   Thumb Code    10  glcd_mcb1700.o(i.GLCD_SetForegroundColor)
    GLCD_SetWindow                           0x00000d09   Thumb Code   168  glcd_mcb1700.o(i.GLCD_SetWindow)
    GLCD_WindowMax                           0x00000db5   Thumb Code    18  glcd_mcb1700.o(i.GLCD_WindowMax)
    GPDMA_ChannelConfigure                   0x00000dc9   Thumb Code   232  gpdma_lpc17xx.o(i.GPDMA_ChannelConfigure)
    GPDMA_ChannelDisable                     0x00000ebd   Thumb Code    44  gpdma_lpc17xx.o(i.GPDMA_ChannelDisable)
    GPDMA_ChannelGetCount                    0x00000eed   Thumb Code    38  gpdma_lpc17xx.o(i.GPDMA_ChannelGetCount)
    GPDMA_Initialize                         0x00000f1d   Thumb Code   154  gpdma_lpc17xx.o(i.GPDMA_Initialize)
    GPDMA_PeripheralSelect                   0x00000fcd   Thumb Code    62  gpdma_lpc17xx.o(i.GPDMA_PeripheralSelect)
    GPDMA_Uninitialize                       0x00001011   Thumb Code   116  gpdma_lpc17xx.o(i.GPDMA_Uninitialize)
    GPIO_PinRead                             0x00001091   Thumb Code    28  gpio_lpc17xx.o(i.GPIO_PinRead)
    GPIO_PinWrite                            0x000010b1   Thumb Code    36  gpio_lpc17xx.o(i.GPIO_PinWrite)
    GPIO_PortClock                           0x000010d9   Thumb Code    38  gpio_lpc17xx.o(i.GPIO_PortClock)
    GPIO_SetDir                              0x00001105   Thumb Code    52  gpio_lpc17xx.o(i.GPIO_SetDir)
    Init_UART                                0x000011c5   Thumb Code    52  main_test_pwm.o(i.Init_UART)
    PIN_Configure                            0x000011fd   Thumb Code   246  pin_lpc17xx.o(i.PIN_Configure)
    SSP1_GPDMA_Rx_SignalEvent                0x00001311   Thumb Code    14  ssp_lpc17xx.o(i.SSP1_GPDMA_Rx_SignalEvent)
    SSP1_GPDMA_Tx_SignalEvent                0x00001325   Thumb Code    14  ssp_lpc17xx.o(i.SSP1_GPDMA_Tx_SignalEvent)
    SSP1_IRQHandler                          0x00001359   Thumb Code    10  ssp_lpc17xx.o(i.SSP1_IRQHandler)
    SSPx_GPDMA_Rx_SignalEvent                0x00001927   Thumb Code    54  ssp_lpc17xx.o(i.SSPx_GPDMA_Rx_SignalEvent)
    SSPx_GPDMA_Tx_SignalEvent                0x0000195d   Thumb Code    28  ssp_lpc17xx.o(i.SSPx_GPDMA_Tx_SignalEvent)
    SystemInit                               0x00002215   Thumb Code   302  system_lpc17xx.o(i.SystemInit)
    Thread_Data_Lidar                        0x00002355   Thumb Code   144  main_test_pwm.o(i.Thread_Data_Lidar)
    Thread_Print_Lidar                       0x000023f5   Thumb Code   264  main_test_pwm.o(i.Thread_Print_Lidar)
    UART0_IRQHandler                         0x00002521   Thumb Code    10  uart_lpc17xx.o(i.UART0_IRQHandler)
    USART0_GPDMA_Rx_Event                    0x00002549   Thumb Code    14  uart_lpc17xx.o(i.USART0_GPDMA_Rx_Event)
    USART0_GPDMA_Tx_Event                    0x0000255d   Thumb Code    14  uart_lpc17xx.o(i.USART0_GPDMA_Tx_Event)
    USART_SetBaudrate                        0x000037ad   Thumb Code   302  uart_lpc17xx.o(i.USART_SetBaudrate)
    __ARM_fpclassify                         0x00003aed   Thumb Code    40  fpclassify.o(i.__ARM_fpclassify)
    __ieee754_rem_pio2                       0x00003b69   Thumb Code   828  rred.o(i.__ieee754_rem_pio2)
    __kernel_cos                             0x00003ef1   Thumb Code   230  cos_i.o(i.__kernel_cos)
    __kernel_poly                            0x00003fed   Thumb Code   170  poly.o(i.__kernel_poly)
    __kernel_sin                             0x00004099   Thumb Code   224  sin_i.o(i.__kernel_sin)
    __mathlib_dbl_infnan                     0x00004185   Thumb Code     6  dunder.o(i.__mathlib_dbl_infnan)
    __mathlib_dbl_invalid                    0x0000418b   Thumb Code    12  dunder.o(i.__mathlib_dbl_invalid)
    __mathlib_dbl_underflow                  0x00004199   Thumb Code    10  dunder.o(i.__mathlib_dbl_underflow)
    __user_perthread_libspace                0x000041a9   Thumb Code    32  rtx_conf_cm.o(i.__user_perthread_libspace)
    _init_box                                0x000041d5   Thumb Code    70  rt_membox.o(i._init_box)
    _mutex_acquire                           0x0000421d   Thumb Code    22  rtx_conf_cm.o(i._mutex_acquire)
    _mutex_release                           0x0000423d   Thumb Code    18  rtx_conf_cm.o(i._mutex_release)
    cos                                      0x00004259   Thumb Code   148  cos.o(i.cos)
    dbg_init                                 0x000042f5   Thumb Code    34  hal_cm.o(i.dbg_init)
    dbg_task_notify                          0x00004325   Thumb Code    32  hal_cm.o(i.dbg_task_notify)
    dbg_task_switch                          0x00004345   Thumb Code    16  hal_cm.o(i.dbg_task_switch)
    isrMessageGet                            0x00004381   Thumb Code    42  rt_cmsis.o(i.isrMessageGet)
    isrMessagePut                            0x000043ab   Thumb Code    44  rt_cmsis.o(i.isrMessagePut)
    isr_mbx_receive                          0x000043d9   Thumb Code    86  rt_mailbox.o(i.isr_mbx_receive)
    isr_mbx_send                             0x0000442f   Thumb Code    14  rt_mailbox.o(i.isr_mbx_send)
    main                                     0x0000443d   Thumb Code   152  main_test_pwm.o(i.main)
    osDelay                                  0x00004501   Thumb Code    18  rt_cmsis.o(i.osDelay)
    osKernelInitialize                       0x00004519   Thumb Code    30  rt_cmsis.o(i.osKernelInitialize)
    osKernelStart                            0x0000453d   Thumb Code    98  rt_cmsis.o(i.osKernelStart)
    osMailAlloc                              0x000045a9   Thumb Code    22  rt_cmsis.o(i.osMailAlloc)
    osMailCreate                             0x000045c5   Thumb Code    36  rt_cmsis.o(i.osMailCreate)
    osMailFree                               0x000045f1   Thumb Code    22  rt_cmsis.o(i.osMailFree)
    osMailGet                                0x0000460d   Thumb Code    22  rt_cmsis.o(i.osMailGet)
    osMailPut                                0x00004623   Thumb Code    20  rt_cmsis.o(i.osMailPut)
    osMessageGet                             0x00004639   Thumb Code    18  rt_cmsis.o(i.osMessageGet)
    osMessagePut                             0x00004651   Thumb Code    18  rt_cmsis.o(i.osMessagePut)
    osThreadCreate                           0x00004669   Thumb Code    36  rt_cmsis.o(i.osThreadCreate)
    osThreadExit                             0x00004695   Thumb Code    14  rt_cmsis.o(i.osThreadExit)
    os_error                                 0x000046ad   Thumb Code    34  rtx_conf_cm.o(i.os_error)
    os_idle_demon                            0x000046cf   Thumb Code     4  rtx_conf_cm.o(i.os_idle_demon)
    os_tick_init                             0x000046d5   Thumb Code    32  rt_system.o(i.os_tick_init)
    os_tick_irqack                           0x000046fd   Thumb Code     2  rt_system.o(i.os_tick_irqack)
    pwm_init_lidar                           0x00004701   Thumb Code    80  main_test_pwm.o(i.pwm_init_lidar)
    rt_alloc_box                             0x00004879   Thumb Code    26  rt_membox.o(i.rt_alloc_box)
    rt_alloc_mem                             0x00004893   Thumb Code    62  rt_memory.o(i.rt_alloc_mem)
    rt_block                                 0x000048d1   Thumb Code    48  rt_task.o(i.rt_block)
    rt_chk_robin                             0x00004909   Thumb Code    60  rt_robin.o(i.rt_chk_robin)
    rt_dec_dly                               0x00004951   Thumb Code   102  rt_list.o(i.rt_dec_dly)
    rt_dispatch                              0x000049c1   Thumb Code    60  rt_task.o(i.rt_dispatch)
    rt_dly_wait                              0x00004a05   Thumb Code     6  rt_time.o(i.rt_dly_wait)
    rt_evt_psh                               0x00004a0d   Thumb Code    76  rt_event.o(i.rt_evt_psh)
    rt_free_box                              0x00004a5d   Thumb Code    44  rt_membox.o(i.rt_free_box)
    rt_free_mem                              0x00004a89   Thumb Code    40  rt_memory.o(i.rt_free_mem)
    rt_get_first                             0x00004ab1   Thumb Code    40  rt_list.o(i.rt_get_first)
    rt_init_mem                              0x00004b21   Thumb Code    26  rt_memory.o(i.rt_init_mem)
    rt_init_robin                            0x00004b3d   Thumb Code    14  rt_robin.o(i.rt_init_robin)
    rt_init_stack                            0x00004b55   Thumb Code   118  hal_cm.o(i.rt_init_stack)
    rt_mbx_check                             0x00004bd5   Thumb Code     8  rt_mailbox.o(i.rt_mbx_check)
    rt_mbx_init                              0x00004bdd   Thumb Code    26  rt_mailbox.o(i.rt_mbx_init)
    rt_mbx_psh                               0x00004bf9   Thumb Code   236  rt_mailbox.o(i.rt_mbx_psh)
    rt_mbx_send                              0x00004ce9   Thumb Code   148  rt_mailbox.o(i.rt_mbx_send)
    rt_mbx_wait                              0x00004d81   Thumb Code   174  rt_mailbox.o(i.rt_mbx_wait)
    rt_mut_release                           0x00004e79   Thumb Code   208  rt_mutex.o(i.rt_mut_release)
    rt_mut_wait                              0x00004f51   Thumb Code   114  rt_mutex.o(i.rt_mut_wait)
    rt_pop_req                               0x00004fc9   Thumb Code   112  rt_system.o(i.rt_pop_req)
    rt_psh_req                               0x00005045   Thumb Code    22  rt_system.o(i.rt_psh_req)
    rt_psq_enq                               0x00005065   Thumb Code    88  rt_list.o(i.rt_psq_enq)
    rt_put_dly                               0x000050c1   Thumb Code    68  rt_list.o(i.rt_put_dly)
    rt_put_prio                              0x00005109   Thumb Code    54  rt_list.o(i.rt_put_prio)
    rt_put_rdy_first                         0x00005141   Thumb Code    14  rt_list.o(i.rt_put_rdy_first)
    rt_resort_prio                           0x00005155   Thumb Code    46  rt_list.o(i.rt_resort_prio)
    rt_ret_val                               0x00005189   Thumb Code     6  hal_cm.o(i.rt_ret_val)
    rt_ret_val2                              0x0000518f   Thumb Code     8  hal_cm.o(i.rt_ret_val2)
    rt_rmv_dly                               0x00005197   Thumb Code    40  rt_list.o(i.rt_rmv_dly)
    rt_rmv_list                              0x000051c1   Thumb Code    44  rt_list.o(i.rt_rmv_list)
    rt_sem_psh                               0x000051f1   Thumb Code    48  rt_semaphore.o(i.rt_sem_psh)
    rt_stk_check                             0x00005225   Thumb Code    28  rt_system.o(i.rt_stk_check)
    rt_switch_req                            0x00005249   Thumb Code    30  rt_task.o(i.rt_switch_req)
    rt_sys_init                              0x00005271   Thumb Code   138  rt_task.o(i.rt_sys_init)
    rt_sys_start                             0x0000533d   Thumb Code   110  rt_task.o(i.rt_sys_start)
    rt_systick                               0x000053b5   Thumb Code    50  rt_system.o(i.rt_systick)
    rt_tsk_create                            0x0000543d   Thumb Code   118  rt_task.o(i.rt_tsk_create)
    rt_tsk_delete                            0x000054c5   Thumb Code   352  rt_task.o(i.rt_tsk_delete)
    rt_tsk_prio                              0x00005641   Thumb Code   108  rt_task.o(i.rt_tsk_prio)
    rt_tsk_self                              0x000056bd   Thumb Code    12  rt_task.o(i.rt_tsk_self)
    sin                                      0x000056cd   Thumb Code   150  sin.o(i.sin)
    svcDelay                                 0x00005821   Thumb Code    18  rt_cmsis.o(i.svcDelay)
    svcKernelInitialize                      0x00005835   Thumb Code    80  rt_cmsis.o(i.svcKernelInitialize)
    svcKernelStart                           0x000058a5   Thumb Code    62  rt_cmsis.o(i.svcKernelStart)
    svcMailCreate                            0x000058ed   Thumb Code    66  rt_cmsis.o(i.svcMailCreate)
    svcMessageCreate                         0x0000592f   Thumb Code    36  rt_cmsis.o(i.svcMessageCreate)
    svcMessageGet                            0x00005953   Thumb Code    58  rt_cmsis.o(i.svcMessageGet)
    svcMessagePut                            0x0000598d   Thumb Code    54  rt_cmsis.o(i.svcMessagePut)
    svcThreadCreate                          0x000059c5   Thumb Code    96  rt_cmsis.o(i.svcThreadCreate)
    svcThreadGetId                           0x00005a31   Thumb Code    22  rt_cmsis.o(i.svcThreadGetId)
    svcThreadTerminate                       0x00005a4d   Thumb Code    50  rt_cmsis.o(i.svcThreadTerminate)
    sysMailAlloc                             0x00005a85   Thumb Code    84  rt_cmsis.o(i.sysMailAlloc)
    sysMailFree                              0x00005add   Thumb Code    96  rt_cmsis.o(i.sysMailFree)
    sysTimerTick                             0x00005b3d   Thumb Code    84  rt_cmsis.o(i.sysTimerTick)
    __aeabi_d2f                              0x00005d21   Thumb Code     0  d2f.o(x$fpl$d2f)
    _d2f                                     0x00005d21   Thumb Code    98  d2f.o(x$fpl$d2f)
    __aeabi_dadd                             0x00005d85   Thumb Code     0  daddsub_clz.o(x$fpl$dadd)
    _dadd                                    0x00005d85   Thumb Code   332  daddsub_clz.o(x$fpl$dadd)
    __fpl_dcheck_NaN1                        0x00005ed5   Thumb Code    10  dcheck1.o(x$fpl$dcheck1)
    __aeabi_ddiv                             0x00005ee5   Thumb Code     0  ddiv.o(x$fpl$ddiv)
    _ddiv                                    0x00005ee5   Thumb Code   552  ddiv.o(x$fpl$ddiv)
    __aeabi_d2iz                             0x00006195   Thumb Code     0  dfix.o(x$fpl$dfix)
    _dfix                                    0x00006195   Thumb Code    94  dfix.o(x$fpl$dfix)
    __aeabi_i2d                              0x000061f3   Thumb Code     0  dflt_clz.o(x$fpl$dflt)
    _dflt                                    0x000061f3   Thumb Code    46  dflt_clz.o(x$fpl$dflt)
    __aeabi_ui2d                             0x00006221   Thumb Code     0  dflt_clz.o(x$fpl$dfltu)
    _dfltu                                   0x00006221   Thumb Code    38  dflt_clz.o(x$fpl$dfltu)
    __aeabi_dmul                             0x00006249   Thumb Code     0  dmul.o(x$fpl$dmul)
    _dmul                                    0x00006249   Thumb Code   332  dmul.o(x$fpl$dmul)
    __fpl_dnaninf                            0x0000639d   Thumb Code   156  dnaninf.o(x$fpl$dnaninf)
    __fpl_dretinf                            0x00006439   Thumb Code    12  dretinf.o(x$fpl$dretinf)
    __aeabi_drsub                            0x00006445   Thumb Code     0  daddsub_clz.o(x$fpl$drsb)
    _drsb                                    0x00006445   Thumb Code    22  daddsub_clz.o(x$fpl$drsb)
    __aeabi_dsub                             0x0000645d   Thumb Code     0  daddsub_clz.o(x$fpl$dsub)
    _dsub                                    0x0000645d   Thumb Code   464  daddsub_clz.o(x$fpl$dsub)
    __aeabi_f2d                              0x00006631   Thumb Code     0  f2d.o(x$fpl$f2d)
    _f2d                                     0x00006631   Thumb Code    86  f2d.o(x$fpl$f2d)
    __aeabi_fadd                             0x00006689   Thumb Code     0  faddsub_clz.o(x$fpl$fadd)
    _fadd                                    0x00006689   Thumb Code   196  faddsub_clz.o(x$fpl$fadd)
    __fpl_fcmp_Inf                           0x0000674d   Thumb Code    24  fcmpi.o(x$fpl$fcmpinf)
    __aeabi_f2uiz                            0x00006765   Thumb Code     0  ffixu.o(x$fpl$ffixu)
    _ffixu                                   0x00006765   Thumb Code    62  ffixu.o(x$fpl$ffixu)
    __aeabi_i2f                              0x000067a5   Thumb Code     0  fflt_clz.o(x$fpl$fflt)
    _fflt                                    0x000067a5   Thumb Code    48  fflt_clz.o(x$fpl$fflt)
    __aeabi_cfcmple                          0x000067d5   Thumb Code     0  fleqf.o(x$fpl$fleqf)
    _fcmple                                  0x000067d5   Thumb Code   104  fleqf.o(x$fpl$fleqf)
    __fpl_fcmple_InfNaN                      0x00006827   Thumb Code     0  fleqf.o(x$fpl$fleqf)
    __fpl_fnaninf                            0x0000683d   Thumb Code   140  fnaninf.o(x$fpl$fnaninf)
    __fpl_fretinf                            0x000068c9   Thumb Code    10  fretinf.o(x$fpl$fretinf)
    __aeabi_cfrcmple                         0x000068d3   Thumb Code     0  frleqf.o(x$fpl$frleqf)
    _frcmple                                 0x000068d3   Thumb Code    98  frleqf.o(x$fpl$frleqf)
    __aeabi_fsub                             0x00006935   Thumb Code     0  faddsub_clz.o(x$fpl$fsub)
    _fsub                                    0x00006935   Thumb Code   234  faddsub_clz.o(x$fpl$fsub)
    __fpl_return_NaN                         0x00006a1f   Thumb Code   100  retnan.o(x$fpl$retnan)
    __ARM_scalbn                             0x00006a83   Thumb Code    92  scalbn.o(x$fpl$scalbn)
    __fpl_cmpreturn                          0x00006adf   Thumb Code    48  trapv.o(x$fpl$trapveneer)
    __I$use$fp                               0x00006b0e   Number         0  usenofp.o(x$fpl$usenofp)
    os_mailQ_def_BAL_DATALIDAR               0x00006b10   Data          12  main_test_pwm.o(.constdata)
    os_thread_def_Thread_Data_Lidar          0x00006b1c   Data          16  main_test_pwm.o(.constdata)
    os_thread_def_Thread_Print_Lidar         0x00006b2c   Data          16  main_test_pwm.o(.constdata)
    GLCD_Font_6x8                            0x000083bc   Data          16  glcd_fonts.o(.constdata)
    GLCD_Font_16x24                          0x000083cc   Data          16  glcd_fonts.o(.constdata)
    os_maxtaskrun                            0x000083dc   Data           2  rtx_conf_cm.o(.constdata)
    os_stackinfo                             0x000083e0   Data           4  rtx_conf_cm.o(.constdata)
    os_rrobin                                0x000083e4   Data           4  rtx_conf_cm.o(.constdata)
    os_tickfreq                              0x000083e8   Data           4  rtx_conf_cm.o(.constdata)
    os_tickus_i                              0x000083ec   Data           2  rtx_conf_cm.o(.constdata)
    os_tickus_f                              0x000083ee   Data           2  rtx_conf_cm.o(.constdata)
    os_trv                                   0x000083f0   Data           4  rtx_conf_cm.o(.constdata)
    os_flags                                 0x000083f4   Data           1  rtx_conf_cm.o(.constdata)
    CMSIS_RTOS_API_Version                   0x000083f8   Data           4  rtx_conf_cm.o(.constdata)
    CMSIS_RTOS_RTX_Version                   0x000083fc   Data           4  rtx_conf_cm.o(.constdata)
    os_clockrate                             0x00008400   Data           4  rtx_conf_cm.o(.constdata)
    os_timernum                              0x00008404   Data           4  rtx_conf_cm.o(.constdata)
    mp_tcb_size                              0x00008408   Data           2  rtx_conf_cm.o(.constdata)
    mp_stk_size                              0x0000840c   Data           4  rtx_conf_cm.o(.constdata)
    os_stack_sz                              0x00008410   Data           4  rtx_conf_cm.o(.constdata)
    os_fifo_size                             0x00008414   Data           1  rtx_conf_cm.o(.constdata)
    os_thread_def_osTimerThread              0x00008418   Data          16  rtx_conf_cm.o(.constdata)
    os_messageQ_def_osTimerMessageQ          0x00008428   Data           8  rtx_conf_cm.o(.constdata)
    mp_tmr_size                              0x00008430   Data           2  rtx_conf_cm.o(.constdata)
    os_thread_def_main                       0x00008434   Data          16  rtx_conf_cm.o(.constdata)
    Driver_SPI1                              0x00008494   Data          44  ssp_lpc17xx.o(.constdata)
    Driver_USART0                            0x00008658   Data          56  uart_lpc17xx.o(.constdata)
    Region$$Table$$Base                      0x000087b0   Number         0  anon$$obj.o(Region$$Table)
    Region$$Table$$Limit                     0x000087d0   Number         0  anon$$obj.o(Region$$Table)
    ID_GetLidarData                          0x10000000   Data           4  main_test_pwm.o(.data)
    ID_PrintLidarData                        0x10000004   Data           4  main_test_pwm.o(.data)
    ID_BAL_DATALIDAR                         0x10000008   Data           4  main_test_pwm.o(.data)
    os_mailQ_p_BAL_DATALIDAR                 0x1000000c   Data           8  main_test_pwm.o(.data)
    osThreadId_osTimerThread                 0x10000028   Data           4  rtx_conf_cm.o(.data)
    osMessageQId_osTimerMessageQ             0x1000002c   Data           4  rtx_conf_cm.o(.data)
    os_tmr                                   0x10000030   Data           4  rtx_conf_cm.o(.data)
    m_tmr                                    0x10000034   Data           4  rtx_conf_cm.o(.data)
    SystemCoreClock                          0x10000058   Data           4  system_lpc17xx.o(.data)
    os_initialized                           0x1000005c   Data           1  rt_cmsis.o(.data)
    os_running                               0x1000005d   Data           1  rt_cmsis.o(.data)
    os_timer_head                            0x10000060   Data           4  rt_cmsis.o(.data)
    os_tsk                                   0x10000064   Data           8  rt_task.o(.data)
    os_tick_irqn                             0x10000070   Data           4  rt_system.o(.data)
    os_time                                  0x10000074   Data           4  rt_time.o(.data)
    os_robin                                 0x10000078   Data           8  rt_robin.o(.data)
    dbg_msg                                  0x10000080   Data           1  hal_cm.o(.data)
    os_mailQ_q_BAL_DATALIDAR                 0x10000084   Data          80  main_test_pwm.o(.bss)
    os_mailQ_m_BAL_DATALIDAR                 0x100000d4   Data          76  main_test_pwm.o(.bss)
    mp_tcb                                   0x10000120   Data         324  rtx_conf_cm.o(.bss)
    mp_stk                                   0x10000268   Data        9616  rtx_conf_cm.o(.bss)
    os_stack_mem                             0x100027f8   Data         424  rtx_conf_cm.o(.bss)
    os_fifo                                  0x100029a0   Data         132  rtx_conf_cm.o(.bss)
    os_active_TCB                            0x10002a24   Data          24  rtx_conf_cm.o(.bss)
    os_messageQ_q_osTimerMessageQ            0x10002a3c   Data          16  rtx_conf_cm.o(.bss)
    os_idle_TCB                              0x10002e08   Data          52  rt_task.o(.bss)
    os_rdy                                   0x10002e3c   Data          24  rt_list.o(.bss)
    os_dly                                   0x10002e54   Data          24  rt_list.o(.bss)
    __libspace_start                         0x10002e6c   Data          96  libspace.o(.bss)
    __temporary_stack_top$libspace           0x10002ecc   Data           0  libspace.o(.bss)



==============================================================================

Memory Map of the image

  Image Entry point : 0x000000cd

  Load Region LR_IROM1 (Base: 0x00000000, Size: 0x00008854, Max: 0x00080000, ABSOLUTE)

    Execution Region ER_IROM1 (Base: 0x00000000, Size: 0x000087d0, Max: 0x00080000, ABSOLUTE)

    Base Addr    Size         Type   Attr      Idx    E Section Name        Object

    0x00000000   0x000000cc   Data   RO          972    RESET               startup_lpc17xx.o
    0x000000cc   0x00000008   Code   RO         2240  * !!!main             c_w.l(__main.o)
    0x000000d4   0x00000034   Code   RO         2523    !!!scatter          c_w.l(__scatter.o)
    0x00000108   0x0000001a   Code   RO         2525    !!handler_copy      c_w.l(__scatter_copy.o)
    0x00000122   0x00000002   PAD
    0x00000124   0x0000001c   Code   RO         2527    !!handler_zi        c_w.l(__scatter_zi.o)
    0x00000140   0x00000002   Code   RO         2403    .ARM.Collect$$libinit$$00000000  c_w.l(libinit.o)
    0x00000142   0x00000000   Code   RO         2417    .ARM.Collect$$libinit$$00000002  c_w.l(libinit2.o)
    0x00000142   0x00000000   Code   RO         2419    .ARM.Collect$$libinit$$00000004  c_w.l(libinit2.o)
    0x00000142   0x00000000   Code   RO         2422    .ARM.Collect$$libinit$$0000000A  c_w.l(libinit2.o)
    0x00000142   0x00000000   Code   RO         2424    .ARM.Collect$$libinit$$0000000C  c_w.l(libinit2.o)
    0x00000142   0x00000000   Code   RO         2426    .ARM.Collect$$libinit$$0000000E  c_w.l(libinit2.o)
    0x00000142   0x00000000   Code   RO         2429    .ARM.Collect$$libinit$$00000011  c_w.l(libinit2.o)
    0x00000142   0x00000000   Code   RO         2431    .ARM.Collect$$libinit$$00000013  c_w.l(libinit2.o)
    0x00000142   0x00000000   Code   RO         2433    .ARM.Collect$$libinit$$00000015  c_w.l(libinit2.o)
    0x00000142   0x00000000   Code   RO         2435    .ARM.Collect$$libinit$$00000017  c_w.l(libinit2.o)
    0x00000142   0x00000000   Code   RO         2437    .ARM.Collect$$libinit$$00000019  c_w.l(libinit2.o)
    0x00000142   0x00000000   Code   RO         2439    .ARM.Collect$$libinit$$0000001B  c_w.l(libinit2.o)
    0x00000142   0x00000000   Code   RO         2441    .ARM.Collect$$libinit$$0000001D  c_w.l(libinit2.o)
    0x00000142   0x00000000   Code   RO         2443    .ARM.Collect$$libinit$$0000001F  c_w.l(libinit2.o)
    0x00000142   0x00000000   Code   RO         2445    .ARM.Collect$$libinit$$00000021  c_w.l(libinit2.o)
    0x00000142   0x00000000   Code   RO         2447    .ARM.Collect$$libinit$$00000023  c_w.l(libinit2.o)
    0x00000142   0x00000000   Code   RO         2449    .ARM.Collect$$libinit$$00000025  c_w.l(libinit2.o)
    0x00000142   0x00000000   Code   RO         2453    .ARM.Collect$$libinit$$0000002C  c_w.l(libinit2.o)
    0x00000142   0x00000000   Code   RO         2455    .ARM.Collect$$libinit$$0000002E  c_w.l(libinit2.o)
    0x00000142   0x00000000   Code   RO         2457    .ARM.Collect$$libinit$$00000030  c_w.l(libinit2.o)
    0x00000142   0x00000000   Code   RO         2459    .ARM.Collect$$libinit$$00000032  c_w.l(libinit2.o)
    0x00000142   0x00000002   Code   RO         2460    .ARM.Collect$$libinit$$00000033  c_w.l(libinit2.o)
    0x00000144   0x00000002   Code   RO         2404    .ARM.Collect$$libshutdown$$00000000  c_w.l(libshutdown.o)
    0x00000146   0x00000000   Code   RO         2462    .ARM.Collect$$libshutdown$$00000002  c_w.l(libshutdown2.o)
    0x00000146   0x00000000   Code   RO         2464    .ARM.Collect$$libshutdown$$00000004  c_w.l(libshutdown2.o)
    0x00000146   0x00000000   Code   RO         2467    .ARM.Collect$$libshutdown$$00000007  c_w.l(libshutdown2.o)
    0x00000146   0x00000000   Code   RO         2470    .ARM.Collect$$libshutdown$$0000000A  c_w.l(libshutdown2.o)
    0x00000146   0x00000000   Code   RO         2472    .ARM.Collect$$libshutdown$$0000000C  c_w.l(libshutdown2.o)
    0x00000146   0x00000000   Code   RO         2475    .ARM.Collect$$libshutdown$$0000000F  c_w.l(libshutdown2.o)
    0x00000146   0x00000002   Code   RO         2476    .ARM.Collect$$libshutdown$$00000010  c_w.l(libshutdown2.o)
    0x00000148   0x00000000   Code   RO         2298    .ARM.Collect$$rtentry$$00000000  c_w.l(__rtentry.o)
    0x00000148   0x00000000   Code   RO         2347    .ARM.Collect$$rtentry$$00000002  c_w.l(__rtentry2.o)
    0x00000148   0x00000006   Code   RO         2359    .ARM.Collect$$rtentry$$00000004  c_w.l(__rtentry4.o)
    0x0000014e   0x00000000   Code   RO         2349    .ARM.Collect$$rtentry$$00000009  c_w.l(__rtentry2.o)
    0x0000014e   0x00000004   Code   RO         2350    .ARM.Collect$$rtentry$$0000000A  c_w.l(__rtentry2.o)
    0x00000152   0x00000008   Code   RO         2351    .ARM.Collect$$rtentry$$0000000B  c_w.l(__rtentry2.o)
    0x0000015a   0x00000008   Code   RO         2353    .ARM.Collect$$rtentry$$0000000D  c_w.l(__rtentry2.o)
    0x00000162   0x00000002   Code   RO         2299    .ARM.Collect$$rtexit$$00000000  c_w.l(rtexit.o)
    0x00000164   0x00000000   Code   RO         2362    .ARM.Collect$$rtexit$$00000002  c_w.l(rtexit2.o)
    0x00000164   0x00000004   Code   RO         2363    .ARM.Collect$$rtexit$$00000003  c_w.l(rtexit2.o)
    0x00000168   0x00000006   Code   RO         2364    .ARM.Collect$$rtexit$$00000004  c_w.l(rtexit2.o)
    0x0000016e   0x00000002   PAD
    0x00000170   0x0000001c   Code   RO          330    .emb_text           rtx_conf_cm.o
    0x0000018c   0x00000130   Code   RO         2214    .emb_text           RTX_CM3.lib(hal_cm3.o)
    0x000002bc   0x0000003c   Code   RO          974    .text               startup_lpc17xx.o
    0x000002f8   0x00000004   Code   RO         2375    .text               c_w.l(rt_errno_addr_twolibspace.o)
    0x000002fc   0x00000004   Code   RO          973    .ARM.__at_0x02FC    startup_lpc17xx.o
    0x00000300   0x00000008   Code   RO         2229    .text               c_w.l(libspace.o)
    0x00000308   0x000000ee   Code   RO         2232    .text               c_w.l(lludivv7m.o)
    0x000003f6   0x00000012   Code   RO         2234    .text               c_w.l(exit.o)
    0x00000408   0x0000004e   Code   RO         2236    .text               c_w.l(rt_memclr_w.o)
    0x00000456   0x00000006   Code   RO         2238    .text               c_w.l(heapauxi.o)
    0x0000045c   0x00000016   Code   RO         2305    .text               c_w.l(_rserrno.o)
    0x00000472   0x00000002   PAD
    0x00000474   0x0000000c   Code   RO         2389    .text               c_w.l(sys_exit.o)
    0x00000480   0x0000004a   Code   RO         2391    .text               c_w.l(sys_stackheap_outer.o)
    0x000004ca   0x00000002   Code   RO         2407    .text               c_w.l(use_no_semi.o)
    0x000004cc   0x00000000   Code   RO         2409    .text               c_w.l(indicate_semi.o)
    0x000004cc   0x00000004   Code   RO         2224    SVC_TABLE           RTX_CM3.lib(svc_table.o)
    0x000004d0   0x00000020   Code   RO          793    i.Clear_Channel_active_flag  gpdma_lpc17xx.o
    0x000004f0   0x00000180   Code   RO          794    i.DMA_IRQHandler    gpdma_lpc17xx.o
    0x00000670   0x00000030   Code   RO          129    i.GLCD_ClearScreen  glcd_mcb1700.o
    0x000006a0   0x00000080   Code   RO          134    i.GLCD_DrawPixel    glcd_mcb1700.o
    0x00000720   0x000005b6   Code   RO          140    i.GLCD_Initialize   glcd_mcb1700.o
    0x00000cd6   0x00000002   PAD
    0x00000cd8   0x00000010   Code   RO          141    i.GLCD_SetBackgroundColor  glcd_mcb1700.o
    0x00000ce8   0x00000010   Code   RO          142    i.GLCD_SetFont      glcd_mcb1700.o
    0x00000cf8   0x00000010   Code   RO          143    i.GLCD_SetForegroundColor  glcd_mcb1700.o
    0x00000d08   0x000000ac   Code   RO          144    i.GLCD_SetWindow    glcd_mcb1700.o
    0x00000db4   0x00000012   Code   RO          147    i.GLCD_WindowMax    glcd_mcb1700.o
    0x00000dc6   0x00000002   PAD
    0x00000dc8   0x000000f4   Code   RO          795    i.GPDMA_ChannelConfigure  gpdma_lpc17xx.o
    0x00000ebc   0x00000030   Code   RO          796    i.GPDMA_ChannelDisable  gpdma_lpc17xx.o
    0x00000eec   0x00000030   Code   RO          798    i.GPDMA_ChannelGetCount  gpdma_lpc17xx.o
    0x00000f1c   0x000000b0   Code   RO          800    i.GPDMA_Initialize  gpdma_lpc17xx.o
    0x00000fcc   0x00000044   Code   RO          801    i.GPDMA_PeripheralSelect  gpdma_lpc17xx.o
    0x00001010   0x00000080   Code   RO          802    i.GPDMA_Uninitialize  gpdma_lpc17xx.o
    0x00001090   0x00000020   Code   RO          883    i.GPIO_PinRead      gpio_lpc17xx.o
    0x000010b0   0x00000028   Code   RO          884    i.GPIO_PinWrite     gpio_lpc17xx.o
    0x000010d8   0x0000002c   Code   RO          885    i.GPIO_PortClock    gpio_lpc17xx.o
    0x00001104   0x00000038   Code   RO          888    i.GPIO_SetDir       gpio_lpc17xx.o
    0x0000113c   0x00000044   Code   RO          391    i.GetSSPClockFreq   ssp_lpc17xx.o
    0x00001180   0x00000044   Code   RO          578    i.GetUsartClockFreq  uart_lpc17xx.o
    0x000011c4   0x00000038   Code   RO            4    i.Init_UART         main_test_pwm.o
    0x000011fc   0x000000fc   Code   RO          937    i.PIN_Configure     pin_lpc17xx.o
    0x000012f8   0x00000018   Code   RO          392    i.SSP1_Control      ssp_lpc17xx.o
    0x00001310   0x00000014   Code   RO          393    i.SSP1_GPDMA_Rx_SignalEvent  ssp_lpc17xx.o
    0x00001324   0x00000014   Code   RO          394    i.SSP1_GPDMA_Tx_SignalEvent  ssp_lpc17xx.o
    0x00001338   0x00000010   Code   RO          395    i.SSP1_GetDataCount  ssp_lpc17xx.o
    0x00001348   0x00000010   Code   RO          396    i.SSP1_GetStatus    ssp_lpc17xx.o
    0x00001358   0x00000010   Code   RO          397    i.SSP1_IRQHandler   ssp_lpc17xx.o
    0x00001368   0x00000014   Code   RO          398    i.SSP1_Initialize   ssp_lpc17xx.o
    0x0000137c   0x00000014   Code   RO          399    i.SSP1_PowerControl  ssp_lpc17xx.o
    0x00001390   0x00000018   Code   RO          400    i.SSP1_Receive      ssp_lpc17xx.o
    0x000013a8   0x00000018   Code   RO          401    i.SSP1_Send         ssp_lpc17xx.o
    0x000013c0   0x0000001c   Code   RO          402    i.SSP1_Transfer     ssp_lpc17xx.o
    0x000013dc   0x00000010   Code   RO          403    i.SSP1_Uninitialize  ssp_lpc17xx.o
    0x000013ec   0x0000000c   Code   RO          404    i.SSP_GetCapabilities  ssp_lpc17xx.o
    0x000013f8   0x00000010   Code   RO          405    i.SSP_GetVersion    ssp_lpc17xx.o
    0x00001408   0x0000051e   Code   RO          406    i.SSPx_Control      ssp_lpc17xx.o
    0x00001926   0x00000036   Code   RO          407    i.SSPx_GPDMA_Rx_SignalEvent  ssp_lpc17xx.o
    0x0000195c   0x0000001c   Code   RO          408    i.SSPx_GPDMA_Tx_SignalEvent  ssp_lpc17xx.o
    0x00001978   0x0000002c   Code   RO          409    i.SSPx_GetDataCount  ssp_lpc17xx.o
    0x000019a4   0x0000005a   Code   RO          410    i.SSPx_GetStatus    ssp_lpc17xx.o
    0x000019fe   0x00000104   Code   RO          411    i.SSPx_IRQHandler   ssp_lpc17xx.o
    0x00001b02   0x000000a8   Code   RO          412    i.SSPx_Initialize   ssp_lpc17xx.o
    0x00001baa   0x00000002   PAD
    0x00001bac   0x000001bc   Code   RO          413    i.SSPx_PowerControl  ssp_lpc17xx.o
    0x00001d68   0x0000015c   Code   RO          414    i.SSPx_Receive      ssp_lpc17xx.o
    0x00001ec4   0x00000154   Code   RO          415    i.SSPx_Send         ssp_lpc17xx.o
    0x00002018   0x00000152   Code   RO          416    i.SSPx_Transfer     ssp_lpc17xx.o
    0x0000216a   0x00000070   Code   RO          417    i.SSPx_Uninitialize  ssp_lpc17xx.o
    0x000021da   0x00000002   PAD
    0x000021dc   0x00000038   Code   RO          803    i.Set_Channel_active_flag  gpdma_lpc17xx.o
    0x00002214   0x00000140   Code   RO          984    i.SystemInit        system_lpc17xx.o
    0x00002354   0x000000a0   Code   RO            5    i.Thread_Data_Lidar  main_test_pwm.o
    0x000023f4   0x0000012c   Code   RO            6    i.Thread_Print_Lidar  main_test_pwm.o
    0x00002520   0x00000010   Code   RO          579    i.UART0_IRQHandler  uart_lpc17xx.o
    0x00002530   0x00000018   Code   RO          580    i.USART0_Control    uart_lpc17xx.o
    0x00002548   0x00000014   Code   RO          581    i.USART0_GPDMA_Rx_Event  uart_lpc17xx.o
    0x0000255c   0x00000014   Code   RO          582    i.USART0_GPDMA_Tx_Event  uart_lpc17xx.o
    0x00002570   0x00000010   Code   RO          583    i.USART0_GetCapabilities  uart_lpc17xx.o
    0x00002580   0x00000010   Code   RO          584    i.USART0_GetModemStatus  uart_lpc17xx.o
    0x00002590   0x00000010   Code   RO          585    i.USART0_GetRxCount  uart_lpc17xx.o
    0x000025a0   0x00000010   Code   RO          586    i.USART0_GetStatus  uart_lpc17xx.o
    0x000025b0   0x00000010   Code   RO          587    i.USART0_GetTxCount  uart_lpc17xx.o
    0x000025c0   0x00000014   Code   RO          588    i.USART0_Initialize  uart_lpc17xx.o
    0x000025d4   0x00000014   Code   RO          589    i.USART0_PowerControl  uart_lpc17xx.o
    0x000025e8   0x00000018   Code   RO          590    i.USART0_Receive    uart_lpc17xx.o
    0x00002600   0x00000018   Code   RO          591    i.USART0_Send       uart_lpc17xx.o
    0x00002618   0x00000014   Code   RO          592    i.USART0_SetModemControl  uart_lpc17xx.o
    0x0000262c   0x0000001c   Code   RO          593    i.USART0_Transfer   uart_lpc17xx.o
    0x00002648   0x00000010   Code   RO          594    i.USART0_Uninitialize  uart_lpc17xx.o
    0x00002658   0x00000644   Code   RO          595    i.USART_Control     uart_lpc17xx.o
    0x00002c9c   0x00000086   Code   RO          596    i.USART_GPDMA_Rx_Event  uart_lpc17xx.o
    0x00002d22   0x0000004a   Code   RO          597    i.USART_GPDMA_Tx_Event  uart_lpc17xx.o
    0x00002d6c   0x00000006   Code   RO          598    i.USART_GetCapabilities  uart_lpc17xx.o
    0x00002d72   0x000000ec   Code   RO          599    i.USART_GetModemStatus  uart_lpc17xx.o
    0x00002e5e   0x0000001c   Code   RO          600    i.USART_GetRxCount  uart_lpc17xx.o
    0x00002e7a   0x000000bc   Code   RO          601    i.USART_GetStatus   uart_lpc17xx.o
    0x00002f36   0x0000001c   Code   RO          602    i.USART_GetTxCount  uart_lpc17xx.o
    0x00002f52   0x00000216   Code   RO          603    i.USART_IRQHandler  uart_lpc17xx.o
    0x00003168   0x000000fe   Code   RO          604    i.USART_Initialize  uart_lpc17xx.o
    0x00003266   0x00000002   PAD
    0x00003268   0x00000230   Code   RO          605    i.USART_PowerControl  uart_lpc17xx.o
    0x00003498   0x00000110   Code   RO          606    i.USART_Receive     uart_lpc17xx.o
    0x000035a8   0x00000068   Code   RO          607    i.USART_RxLineIntHandler  uart_lpc17xx.o
    0x00003610   0x0000019c   Code   RO          608    i.USART_Send        uart_lpc17xx.o
    0x000037ac   0x00000134   Code   RO          609    i.USART_SetBaudrate  uart_lpc17xx.o
    0x000038e0   0x000000a0   Code   RO          610    i.USART_SetModemControl  uart_lpc17xx.o
    0x00003980   0x0000007a   Code   RO          611    i.USART_Transfer    uart_lpc17xx.o
    0x000039fa   0x000000e2   Code   RO          612    i.USART_Uninitialize  uart_lpc17xx.o
    0x00003adc   0x00000010   Code   RO          613    i.USARTx_GetVersion  uart_lpc17xx.o
    0x00003aec   0x00000028   Code   RO         2385    i.__ARM_fpclassify  m_ws.l(fpclassify.o)
    0x00003b14   0x0000001c   Code   RO          418    i.__NVIC_ClearPendingIRQ  ssp_lpc17xx.o
    0x00003b30   0x0000001c   Code   RO          614    i.__NVIC_ClearPendingIRQ  uart_lpc17xx.o
    0x00003b4c   0x0000001c   Code   RO          804    i.__NVIC_ClearPendingIRQ  gpdma_lpc17xx.o
    0x00003b68   0x00000388   Code   RO         2335    i.__ieee754_rem_pio2  m_ws.l(rred.o)
    0x00003ef0   0x000000fc   Code   RO         2318    i.__kernel_cos      m_ws.l(cos_i.o)
    0x00003fec   0x000000aa   Code   RO         2387    i.__kernel_poly     m_ws.l(poly.o)
    0x00004096   0x00000002   PAD
    0x00004098   0x000000ec   Code   RO         2340    i.__kernel_sin      m_ws.l(sin_i.o)
    0x00004184   0x00000006   Code   RO         2322    i.__mathlib_dbl_infnan  m_ws.l(dunder.o)
    0x0000418a   0x0000000c   Code   RO         2324    i.__mathlib_dbl_invalid  m_ws.l(dunder.o)
    0x00004196   0x00000002   PAD
    0x00004198   0x00000010   Code   RO         2327    i.__mathlib_dbl_underflow  m_ws.l(dunder.o)
    0x000041a8   0x0000002c   Code   RO          331    i.__user_perthread_libspace  rtx_conf_cm.o
    0x000041d4   0x00000046   Code   RO         2113    i._init_box         RTX_CM3.lib(rt_membox.o)
    0x0000421a   0x00000002   PAD
    0x0000421c   0x00000020   Code   RO          332    i._mutex_acquire    rtx_conf_cm.o
    0x0000423c   0x0000001c   Code   RO          334    i._mutex_release    rtx_conf_cm.o
    0x00004258   0x0000009c   Code   RO         2283    i.cos               m_ws.l(cos.o)
    0x000042f4   0x00000030   Code   RO         2166    i.dbg_init          RTX_CM3.lib(hal_cm.o)
    0x00004324   0x00000020   Code   RO         2167    i.dbg_task_notify   RTX_CM3.lib(hal_cm.o)
    0x00004344   0x00000010   Code   RO         2168    i.dbg_task_switch   RTX_CM3.lib(hal_cm.o)
    0x00004354   0x0000002c   Code   RO          148    i.delay_ms          glcd_mcb1700.o
    0x00004380   0x0000002a   Code   RO         1019    i.isrMessageGet     RTX_CM3.lib(rt_cmsis.o)
    0x000043aa   0x0000002c   Code   RO         1020    i.isrMessagePut     RTX_CM3.lib(rt_cmsis.o)
    0x000043d6   0x00000002   PAD
    0x000043d8   0x00000056   Code   RO         1968    i.isr_mbx_receive   RTX_CM3.lib(rt_mailbox.o)
    0x0000442e   0x0000000e   Code   RO         1969    i.isr_mbx_send      RTX_CM3.lib(rt_mailbox.o)
    0x0000443c   0x000000c4   Code   RO            7    i.main              main_test_pwm.o
    0x00004500   0x00000018   Code   RO         1023    i.osDelay           RTX_CM3.lib(rt_cmsis.o)
    0x00004518   0x00000024   Code   RO         1024    i.osKernelInitialize  RTX_CM3.lib(rt_cmsis.o)
    0x0000453c   0x0000006c   Code   RO         1026    i.osKernelStart     RTX_CM3.lib(rt_cmsis.o)
    0x000045a8   0x0000001c   Code   RO         1028    i.osMailAlloc       RTX_CM3.lib(rt_cmsis.o)
    0x000045c4   0x0000002c   Code   RO         1030    i.osMailCreate      RTX_CM3.lib(rt_cmsis.o)
    0x000045f0   0x0000001c   Code   RO         1031    i.osMailFree        RTX_CM3.lib(rt_cmsis.o)
    0x0000460c   0x00000016   Code   RO         1032    i.osMailGet         RTX_CM3.lib(rt_cmsis.o)
    0x00004622   0x00000014   Code   RO         1033    i.osMailPut         RTX_CM3.lib(rt_cmsis.o)
    0x00004636   0x00000002   PAD
    0x00004638   0x00000018   Code   RO         1035    i.osMessageGet      RTX_CM3.lib(rt_cmsis.o)
    0x00004650   0x00000018   Code   RO         1036    i.osMessagePut      RTX_CM3.lib(rt_cmsis.o)
    0x00004668   0x0000002c   Code   RO         1052    i.osThreadCreate    RTX_CM3.lib(rt_cmsis.o)
    0x00004694   0x00000018   Code   RO         1053    i.osThreadExit      RTX_CM3.lib(rt_cmsis.o)
    0x000046ac   0x00000022   Code   RO          335    i.os_error          rtx_conf_cm.o
    0x000046ce   0x00000004   Code   RO          336    i.os_idle_demon     rtx_conf_cm.o
    0x000046d2   0x00000002   PAD
    0x000046d4   0x00000028   Code   RO         1760    i.os_tick_init      RTX_CM3.lib(rt_system.o)
    0x000046fc   0x00000002   Code   RO         1761    i.os_tick_irqack    RTX_CM3.lib(rt_system.o)
    0x000046fe   0x00000002   PAD
    0x00004700   0x0000005c   Code   RO            8    i.pwm_init_lidar    main_test_pwm.o
    0x0000475c   0x00000044   Code   RO          149    i.rd_dat            glcd_mcb1700.o
    0x000047a0   0x000000c8   Code   RO          150    i.rd_id_man         glcd_mcb1700.o
    0x00004868   0x00000010   Code   RO          151    i.rd_reg            glcd_mcb1700.o
    0x00004878   0x0000001a   Code   RO         2114    i.rt_alloc_box      RTX_CM3.lib(rt_membox.o)
    0x00004892   0x0000003e   Code   RO         2142    i.rt_alloc_mem      RTX_CM3.lib(rt_memory.o)
    0x000048d0   0x00000038   Code   RO         1641    i.rt_block          RTX_CM3.lib(rt_task.o)
    0x00004908   0x00000048   Code   RO         2091    i.rt_chk_robin      RTX_CM3.lib(rt_robin.o)
    0x00004950   0x00000070   Code   RO         1892    i.rt_dec_dly        RTX_CM3.lib(rt_list.o)
    0x000049c0   0x00000044   Code   RO         1642    i.rt_dispatch       RTX_CM3.lib(rt_task.o)
    0x00004a04   0x00000006   Code   RO         2058    i.rt_dly_wait       RTX_CM3.lib(rt_time.o)
    0x00004a0a   0x00000002   PAD
    0x00004a0c   0x00000050   Code   RO         1853    i.rt_evt_psh        RTX_CM3.lib(rt_event.o)
    0x00004a5c   0x0000002c   Code   RO         2115    i.rt_free_box       RTX_CM3.lib(rt_membox.o)
    0x00004a88   0x00000028   Code   RO         2143    i.rt_free_mem       RTX_CM3.lib(rt_memory.o)
    0x00004ab0   0x00000028   Code   RO         1893    i.rt_get_first      RTX_CM3.lib(rt_list.o)
    0x00004ad8   0x00000048   Code   RO         1643    i.rt_init_context   RTX_CM3.lib(rt_task.o)
    0x00004b20   0x0000001a   Code   RO         2144    i.rt_init_mem       RTX_CM3.lib(rt_memory.o)
    0x00004b3a   0x00000002   PAD
    0x00004b3c   0x00000018   Code   RO         2092    i.rt_init_robin     RTX_CM3.lib(rt_robin.o)
    0x00004b54   0x00000080   Code   RO         2169    i.rt_init_stack     RTX_CM3.lib(hal_cm.o)
    0x00004bd4   0x00000008   Code   RO         1970    i.rt_mbx_check      RTX_CM3.lib(rt_mailbox.o)
    0x00004bdc   0x0000001a   Code   RO         1971    i.rt_mbx_init       RTX_CM3.lib(rt_mailbox.o)
    0x00004bf6   0x00000002   PAD
    0x00004bf8   0x000000f0   Code   RO         1972    i.rt_mbx_psh        RTX_CM3.lib(rt_mailbox.o)
    0x00004ce8   0x00000098   Code   RO         1973    i.rt_mbx_send       RTX_CM3.lib(rt_mailbox.o)
    0x00004d80   0x000000b4   Code   RO         1974    i.rt_mbx_wait       RTX_CM3.lib(rt_mailbox.o)
    0x00004e34   0x00000044   Code   RO         1070    i.rt_ms2tick        RTX_CM3.lib(rt_cmsis.o)
    0x00004e78   0x000000d8   Code   RO         1727    i.rt_mut_release    RTX_CM3.lib(rt_mutex.o)
    0x00004f50   0x00000078   Code   RO         1728    i.rt_mut_wait       RTX_CM3.lib(rt_mutex.o)
    0x00004fc8   0x0000007c   Code   RO         1764    i.rt_pop_req        RTX_CM3.lib(rt_system.o)
    0x00005044   0x00000020   Code   RO         1765    i.rt_psh_req        RTX_CM3.lib(rt_system.o)
    0x00005064   0x0000005c   Code   RO         1895    i.rt_psq_enq        RTX_CM3.lib(rt_list.o)
    0x000050c0   0x00000048   Code   RO         1896    i.rt_put_dly        RTX_CM3.lib(rt_list.o)
    0x00005108   0x00000036   Code   RO         1897    i.rt_put_prio       RTX_CM3.lib(rt_list.o)
    0x0000513e   0x00000002   PAD
    0x00005140   0x00000014   Code   RO         1898    i.rt_put_rdy_first  RTX_CM3.lib(rt_list.o)
    0x00005154   0x00000034   Code   RO         1899    i.rt_resort_prio    RTX_CM3.lib(rt_list.o)
    0x00005188   0x00000006   Code   RO         2170    i.rt_ret_val        RTX_CM3.lib(hal_cm.o)
    0x0000518e   0x00000008   Code   RO         2171    i.rt_ret_val2       RTX_CM3.lib(hal_cm.o)
    0x00005196   0x00000028   Code   RO         1900    i.rt_rmv_dly        RTX_CM3.lib(rt_list.o)
    0x000051be   0x00000002   PAD
    0x000051c0   0x00000030   Code   RO         1901    i.rt_rmv_list       RTX_CM3.lib(rt_list.o)
    0x000051f0   0x00000034   Code   RO         2019    i.rt_sem_psh        RTX_CM3.lib(rt_semaphore.o)
    0x00005224   0x00000024   Code   RO         1767    i.rt_stk_check      RTX_CM3.lib(rt_system.o)
    0x00005248   0x00000028   Code   RO         1644    i.rt_switch_req     RTX_CM3.lib(rt_task.o)
    0x00005270   0x000000cc   Code   RO         1645    i.rt_sys_init       RTX_CM3.lib(rt_task.o)
    0x0000533c   0x00000078   Code   RO         1646    i.rt_sys_start      RTX_CM3.lib(rt_task.o)
    0x000053b4   0x00000040   Code   RO         1769    i.rt_systick        RTX_CM3.lib(rt_system.o)
    0x000053f4   0x00000012   Code   RO         1071    i.rt_tid2ptcb       RTX_CM3.lib(rt_cmsis.o)
    0x00005406   0x00000002   PAD
    0x00005408   0x00000034   Code   RO         1072    i.rt_timer_insert   RTX_CM3.lib(rt_cmsis.o)
    0x0000543c   0x00000088   Code   RO         1647    i.rt_tsk_create     RTX_CM3.lib(rt_task.o)
    0x000054c4   0x0000017c   Code   RO         1648    i.rt_tsk_delete     RTX_CM3.lib(rt_task.o)
    0x00005640   0x0000007c   Code   RO         1650    i.rt_tsk_prio       RTX_CM3.lib(rt_task.o)
    0x000056bc   0x00000010   Code   RO         1651    i.rt_tsk_self       RTX_CM3.lib(rt_task.o)
    0x000056cc   0x000000a0   Code   RO         2291    i.sin               m_ws.l(sin.o)
    0x0000576c   0x0000002c   Code   RO          152    i.spi_tran          glcd_mcb1700.o
    0x00005798   0x00000088   Code   RO          153    i.spi_tran_man      glcd_mcb1700.o
    0x00005820   0x00000012   Code   RO         1074    i.svcDelay          RTX_CM3.lib(rt_cmsis.o)
    0x00005832   0x00000002   PAD
    0x00005834   0x00000070   Code   RO         1075    i.svcKernelInitialize  RTX_CM3.lib(rt_cmsis.o)
    0x000058a4   0x00000048   Code   RO         1077    i.svcKernelStart    RTX_CM3.lib(rt_cmsis.o)
    0x000058ec   0x00000042   Code   RO         1079    i.svcMailCreate     RTX_CM3.lib(rt_cmsis.o)
    0x0000592e   0x00000024   Code   RO         1080    i.svcMessageCreate  RTX_CM3.lib(rt_cmsis.o)
    0x00005952   0x0000003a   Code   RO         1081    i.svcMessageGet     RTX_CM3.lib(rt_cmsis.o)
    0x0000598c   0x00000036   Code   RO         1082    i.svcMessagePut     RTX_CM3.lib(rt_cmsis.o)
    0x000059c2   0x00000002   PAD
    0x000059c4   0x0000006c   Code   RO         1095    i.svcThreadCreate   RTX_CM3.lib(rt_cmsis.o)
    0x00005a30   0x0000001c   Code   RO         1096    i.svcThreadGetId    RTX_CM3.lib(rt_cmsis.o)
    0x00005a4c   0x00000038   Code   RO         1099    i.svcThreadTerminate  RTX_CM3.lib(rt_cmsis.o)
    0x00005a84   0x00000058   Code   RO         1106    i.sysMailAlloc      RTX_CM3.lib(rt_cmsis.o)
    0x00005adc   0x00000060   Code   RO         1107    i.sysMailFree       RTX_CM3.lib(rt_cmsis.o)
    0x00005b3c   0x0000005c   Code   RO         1110    i.sysTimerTick      RTX_CM3.lib(rt_cmsis.o)
    0x00005b98   0x0000004c   Code   RO          154    i.wr_cmd            glcd_mcb1700.o
    0x00005be4   0x0000004c   Code   RO          155    i.wr_dat            glcd_mcb1700.o
    0x00005c30   0x00000034   Code   RO          156    i.wr_dat_only       glcd_mcb1700.o
    0x00005c64   0x00000018   Code   RO          157    i.wr_dat_start      glcd_mcb1700.o
    0x00005c7c   0x00000014   Code   RO          158    i.wr_dat_stop       glcd_mcb1700.o
    0x00005c90   0x00000090   Code   RO          159    i.wr_reg            glcd_mcb1700.o
    0x00005d20   0x00000062   Code   RO         2242    x$fpl$d2f           fz_ws.l(d2f.o)
    0x00005d82   0x00000002   PAD
    0x00005d84   0x00000150   Code   RO         2377    x$fpl$dadd          fz_ws.l(daddsub_clz.o)
    0x00005ed4   0x00000010   Code   RO         2405    x$fpl$dcheck1       fz_ws.l(dcheck1.o)
    0x00005ee4   0x000002b0   Code   RO         2245    x$fpl$ddiv          fz_ws.l(ddiv.o)
    0x00006194   0x0000005e   Code   RO         2248    x$fpl$dfix          fz_ws.l(dfix.o)
    0x000061f2   0x0000002e   Code   RO         2253    x$fpl$dflt          fz_ws.l(dflt_clz.o)
    0x00006220   0x00000026   Code   RO         2252    x$fpl$dfltu         fz_ws.l(dflt_clz.o)
    0x00006246   0x00000002   PAD
    0x00006248   0x00000154   Code   RO         2258    x$fpl$dmul          fz_ws.l(dmul.o)
    0x0000639c   0x0000009c   Code   RO         2307    x$fpl$dnaninf       fz_ws.l(dnaninf.o)
    0x00006438   0x0000000c   Code   RO         2309    x$fpl$dretinf       fz_ws.l(dretinf.o)
    0x00006444   0x00000016   Code   RO         2378    x$fpl$drsb          fz_ws.l(daddsub_clz.o)
    0x0000645a   0x00000002   PAD
    0x0000645c   0x000001d4   Code   RO         2379    x$fpl$dsub          fz_ws.l(daddsub_clz.o)
    0x00006630   0x00000056   Code   RO         2260    x$fpl$f2d           fz_ws.l(f2d.o)
    0x00006686   0x00000002   PAD
    0x00006688   0x000000c4   Code   RO         2262    x$fpl$fadd          fz_ws.l(faddsub_clz.o)
    0x0000674c   0x00000018   Code   RO         2311    x$fpl$fcmpinf       fz_ws.l(fcmpi.o)
    0x00006764   0x0000003e   Code   RO         2268    x$fpl$ffixu         fz_ws.l(ffixu.o)
    0x000067a2   0x00000002   PAD
    0x000067a4   0x00000030   Code   RO         2273    x$fpl$fflt          fz_ws.l(fflt_clz.o)
    0x000067d4   0x00000068   Code   RO         2278    x$fpl$fleqf         fz_ws.l(fleqf.o)
    0x0000683c   0x0000008c   Code   RO         2313    x$fpl$fnaninf       fz_ws.l(fnaninf.o)
    0x000068c8   0x0000000a   Code   RO         2315    x$fpl$fretinf       fz_ws.l(fretinf.o)
    0x000068d2   0x00000062   Code   RO         2280    x$fpl$frleqf        fz_ws.l(frleqf.o)
    0x00006934   0x000000ea   Code   RO         2264    x$fpl$fsub          fz_ws.l(faddsub_clz.o)
    0x00006a1e   0x00000064   Code   RO         2477    x$fpl$retnan        fz_ws.l(retnan.o)
    0x00006a82   0x0000005c   Code   RO         2383    x$fpl$scalbn        fz_ws.l(scalbn.o)
    0x00006ade   0x00000030   Code   RO         2487    x$fpl$trapveneer    fz_ws.l(trapv.o)
    0x00006b0e   0x00000000   Code   RO         2317    x$fpl$usenofp       fz_ws.l(usenofp.o)
    0x00006b0e   0x00000002   PAD
    0x00006b10   0x0000002c   Data   RO           10    .constdata          main_test_pwm.o
    0x00006b3c   0x000018a0   Data   RO          117    .constdata          glcd_fonts.o
    0x000083dc   0x00000068   Data   RO          338    .constdata          rtx_conf_cm.o
    0x00008444   0x0000007c   Data   RO          420    .constdata          ssp_lpc17xx.o
    0x000084c0   0x000001d0   Data   RO          616    .constdata          uart_lpc17xx.o
    0x00008690   0x00000030   Data   RO         2319    .constdata          m_ws.l(cos_i.o)
    0x000086c0   0x000000c8   Data   RO         2337    .constdata          m_ws.l(rred.o)
    0x00008788   0x00000028   Data   RO         2341    .constdata          m_ws.l(sin_i.o)
    0x000087b0   0x00000020   Data   RO         2521    Region$$Table       anon$$obj.o


    Execution Region RW_IRAM1 (Base: 0x10000000, Size: 0x000030d0, Max: 0x00008000, ABSOLUTE)

    Base Addr    Size         Type   Attr      Idx    E Section Name        Object

    0x10000000   0x00000014   Data   RW           11    .data               main_test_pwm.o
    0x10000014   0x00000011   Data   RW          160    .data               glcd_mcb1700.o
    0x10000025   0x00000003   PAD
    0x10000028   0x00000014   Data   RW          339    .data               rtx_conf_cm.o
    0x1000003c   0x00000010   Data   RW          421    .data               ssp_lpc17xx.o
    0x1000004c   0x00000004   Data   RW          617    .data               uart_lpc17xx.o
    0x10000050   0x00000008   Data   RW          806    .data               gpdma_lpc17xx.o
    0x10000058   0x00000004   Data   RW          985    .data               system_lpc17xx.o
    0x1000005c   0x00000008   Data   RW         1113    .data               RTX_CM3.lib(rt_cmsis.o)
    0x10000064   0x00000008   Data   RW         1653    .data               RTX_CM3.lib(rt_task.o)
    0x1000006c   0x00000008   Data   RW         1772    .data               RTX_CM3.lib(rt_system.o)
    0x10000074   0x00000004   Data   RW         2062    .data               RTX_CM3.lib(rt_time.o)
    0x10000078   0x00000008   Data   RW         2093    .data               RTX_CM3.lib(rt_robin.o)
    0x10000080   0x00000001   Data   RW         2172    .data               RTX_CM3.lib(hal_cm.o)
    0x10000081   0x00000003   PAD
    0x10000084   0x0000009c   Zero   RW            9    .bss                main_test_pwm.o
    0x10000120   0x00002bec   Zero   RW          337    .bss                rtx_conf_cm.o
    0x10002d0c   0x00000028   Zero   RW          419    .bss                ssp_lpc17xx.o
    0x10002d34   0x00000034   Zero   RW          615    .bss                uart_lpc17xx.o
    0x10002d68   0x000000a0   Zero   RW          805    .bss                gpdma_lpc17xx.o
    0x10002e08   0x00000034   Zero   RW         1652    .bss                RTX_CM3.lib(rt_task.o)
    0x10002e3c   0x00000030   Zero   RW         1902    .bss                RTX_CM3.lib(rt_list.o)
    0x10002e6c   0x00000060   Zero   RW         2230    .bss                c_w.l(libspace.o)
    0x10002ecc   0x00000004   PAD
    0x10002ed0   0x00000000   Zero   RW          971    HEAP                startup_lpc17xx.o
    0x10002ed0   0x00000200   Zero   RW          970    STACK               startup_lpc17xx.o


==============================================================================

Image component sizes


      Code (inc. data)   RO Data    RW Data    ZI Data      Debug   Object Name

         0          0       6304          0          0        736   glcd_fonts.o
      2776        102          0         17          0      18209   glcd_mcb1700.o
      1212         94          0          8        160       8082   gpdma_lpc17xx.o
       172         18          0          0          0       2294   gpio_lpc17xx.o
       804        112         44         20        156      37239   main_test_pwm.o
       252          6          0          0          0        804   pin_lpc17xx.o
       170         38        104         20      11244       9515   rtx_conf_cm.o
      3904        106        124         16         40      53059   ssp_lpc17xx.o
        64         26        204          0        512        956   startup_lpc17xx.o
       320         18          0          4          0        763   system_lpc17xx.o
      5674        152        464          4         52      32679   uart_lpc17xx.o

    ----------------------------------------------------------------------
     15360        672       7276         92      12164     164336   Object Totals
         0          0         32          0          0          0   (incl. Generated)
        12          0          0          3          0          0   (incl. Padding)

    ----------------------------------------------------------------------

      Code (inc. data)   RO Data    RW Data    ZI Data      Debug   Library Member Name

       238         24          0          1          0       3268   hal_cm.o
       304         36          0          0          0        760   hal_cm3.o
      1534        164          0          8          0      38062   rt_cmsis.o
        80          4          0          0          0        653   rt_event.o
       530         34          0          0         48       8169   rt_list.o
       706         14          0          0          0       4731   rt_mailbox.o
       140          0          0          0          0       1901   rt_membox.o
       128          0          0          0          0       2275   rt_memory.o
       336         14          0          0          0       1631   rt_mutex.o
        96         22          0          8          0       1134   rt_robin.o
        52          4          0          0          0        565   rt_semaphore.o
       298         52          0          8          0       6151   rt_system.o
      1216        174          0          8         52       9565   rt_task.o
         6          0          0          4          0        644   rt_time.o
         4          4          0          0          0        200   svc_table.o
         8          0          0          0          0         68   __main.o
         0          0          0          0          0          0   __rtentry.o
        20          0          0          0          0          0   __rtentry2.o
         6          0          0          0          0          0   __rtentry4.o
        52          8          0          0          0          0   __scatter.o
        26          0          0          0          0          0   __scatter_copy.o
        28          0          0          0          0          0   __scatter_zi.o
        22          0          0          0          0        100   _rserrno.o
        18          0          0          0          0         80   exit.o
         6          0          0          0          0        152   heapauxi.o
         0          0          0          0          0          0   indicate_semi.o
         2          0          0          0          0          0   libinit.o
         2          0          0          0          0          0   libinit2.o
         2          0          0          0          0          0   libshutdown.o
         2          0          0          0          0          0   libshutdown2.o
         8          4          0          0         96         68   libspace.o
       238          0          0          0          0        100   lludivv7m.o
         4          0          0          0          0         68   rt_errno_addr_twolibspace.o
        78          0          0          0          0         80   rt_memclr_w.o
         2          0          0          0          0          0   rtexit.o
        10          0          0          0          0          0   rtexit2.o
        12          4          0          0          0         68   sys_exit.o
        74          0          0          0          0         80   sys_stackheap_outer.o
         2          0          0          0          0         68   use_no_semi.o
        98          4          0          0          0         92   d2f.o
       826         16          0          0          0        348   daddsub_clz.o
        16          4          0          0          0         68   dcheck1.o
       688        140          0          0          0        208   ddiv.o
        94          4          0          0          0         92   dfix.o
        84          0          0          0          0        136   dflt_clz.o
       340         12          0          0          0        104   dmul.o
       156          4          0          0          0         92   dnaninf.o
        12          0          0          0          0         68   dretinf.o
        86          4          0          0          0         84   f2d.o
       430          8          0          0          0        168   faddsub_clz.o
        24          0          0          0          0         68   fcmpi.o
        62          4          0          0          0         84   ffixu.o
        48          0          0          0          0         68   fflt_clz.o
       104          4          0          0          0         84   fleqf.o
       140          4          0          0          0         84   fnaninf.o
        10          0          0          0          0         68   fretinf.o
        98          0          0          0          0         68   frleqf.o
       100          0          0          0          0         68   retnan.o
        92          0          0          0          0         68   scalbn.o
        48          0          0          0          0         68   trapv.o
         0          0          0          0          0          0   usenofp.o
       156          8          0          0          0        104   cos.o
       252         22         48          0          0        124   cos_i.o
        34          6          0          0          0        204   dunder.o
        40          0          0          0          0         68   fpclassify.o
       170          0          0          0          0         96   poly.o
       904         76        200          0          0        140   rred.o
       160         10          0          0          0        108   sin.o
       236         12         40          0          0        128   sin_i.o

    ----------------------------------------------------------------------
     11844        904        288         40        200      83801   Library Totals
        46          0          0          3          4          0   (incl. Padding)

    ----------------------------------------------------------------------

      Code (inc. data)   RO Data    RW Data    ZI Data      Debug   Library Name

      5668        546          0         37        100      79709   RTX_CM3.lib
       622         16          0          0         96        932   c_w.l
      3556        208          0          0          0       2188   fz_ws.l
      1952        134        288          0          0        972   m_ws.l

    ----------------------------------------------------------------------
     11844        904        288         40        200      83801   Library Totals

    ----------------------------------------------------------------------

==============================================================================


      Code (inc. data)   RO Data    RW Data    ZI Data      Debug   

     27204       1576       7564        132      12364     236329   Grand Totals
     27204       1576       7564        132      12364     236329   ELF Image Totals
     27204       1576       7564        132          0          0   ROM Totals

==============================================================================

    Total RO  Size (Code + RO Data)                34768 (  33.95kB)
    Total RW  Size (RW Data + ZI Data)             12496 (  12.20kB)
    Total ROM Size (Code + RO Data + RW Data)      34900 (  34.08kB)

==============================================================================

