Component: ARM Compiler 5.06 update 1 (build 61) Tool: armlink [4d35a8]

==============================================================================

Section Cross References

    lib_dfplayer.o(i.choisir_music) refers to uart_lpc17xx.o(.constdata) for Driver_USART2
    lib_dfplayer.o(i.init_UART2) refers to uart_lpc17xx.o(.constdata) for Driver_USART2
    thread.o(i.CANthreadR) refers to lib_dfplayer.o(i.init_UART2) for init_UART2
    thread.o(i.CANthreadR) refers to rt_cmsis.o(i.osDelay) for osDelay
    thread.o(i.CANthreadR) refers to rt_cmsis.o(i.osSignalWait) for osSignalWait
    thread.o(i.CANthreadR) refers to lib_dfplayer.o(i.choisir_music) for choisir_music
    thread.o(i.CANthreadR) refers to can_lpc17xx.o(.constdata) for Driver_CAN1
    thread.o(i.CANthreadT) refers to rt_cmsis.o(i.osDelay) for osDelay
    thread.o(i.CANthreadT) refers to rt_cmsis.o(i.osSignalWait) for osSignalWait
    thread.o(i.CANthreadT) refers to can_lpc17xx.o(.constdata) for Driver_CAN2
    thread.o(i.InitCan1) refers to can_lpc17xx.o(.constdata) for Driver_CAN1
    thread.o(i.InitCan1) refers to thread.o(i.myCAN1_callback) for myCAN1_callback
    thread.o(i.Thread1) refers to lib_dfplayer.o(i.init_UART2) for init_UART2
    thread.o(i.Thread1) refers to rt_cmsis.o(i.osDelay) for osDelay
    thread.o(i.Thread1) refers to lib_dfplayer.o(i.choisir_music) for choisir_music
    thread.o(i.Thread1) refers to rt_cmsis.o(i.osThreadYield) for osThreadYield
    thread.o(i.main) refers to rt_cmsis.o(i.osKernelInitialize) for osKernelInitialize
    thread.o(i.main) refers to thread.o(i.InitCan1) for InitCan1
    thread.o(i.main) refers to lib_dfplayer.o(i.init_UART2) for init_UART2
    thread.o(i.main) refers to lib_dfplayer.o(i.choisir_music) for choisir_music
    thread.o(i.main) refers to rt_cmsis.o(i.osThreadCreate) for osThreadCreate
    thread.o(i.main) refers to rt_cmsis.o(i.osKernelStart) for osKernelStart
    thread.o(i.main) refers to rt_cmsis.o(i.osDelay) for osDelay
    thread.o(i.main) refers to thread.o(.constdata) for os_thread_def_CANthreadR
    thread.o(i.main) refers to thread.o(.data) for id_CANthreadR
    thread.o(i.myCAN1_callback) refers to rt_cmsis.o(i.osSignalSet) for osSignalSet
    thread.o(i.myCAN1_callback) refers to thread.o(.data) for id_CANthreadR
    thread.o(.constdata) refers to thread.o(i.Thread1) for Thread1
    thread.o(.constdata) refers to thread.o(i.CANthreadR) for CANthreadR
    thread.o(.constdata) refers to thread.o(i.CANthreadT) for CANthreadT
    rtx_conf_cm.o(.emb_text) refers to rt_cmsis.o(i.osKernelInitialize) for osKernelInitialize
    rtx_conf_cm.o(.emb_text) refers to rt_cmsis.o(i.osThreadCreate) for osThreadCreate
    rtx_conf_cm.o(.emb_text) refers to rt_cmsis.o(i.osKernelStart) for osKernelStart
    rtx_conf_cm.o(.emb_text) refers to exit.o(.text) for exit
    rtx_conf_cm.o(.emb_text) refers to rtx_conf_cm.o(.constdata) for os_thread_def_main
    rtx_conf_cm.o(i.__user_perthread_libspace) refers to rt_task.o(i.rt_tsk_self) for rt_tsk_self
    rtx_conf_cm.o(i.__user_perthread_libspace) refers to rt_cmsis.o(.data) for os_running
    rtx_conf_cm.o(i.__user_perthread_libspace) refers to rtx_conf_cm.o(.bss) for .bss
    rtx_conf_cm.o(i.__user_perthread_libspace) refers to libspace.o(.bss) for __libspace_start
    rtx_conf_cm.o(i._mutex_acquire) refers to rt_cmsis.o(.data) for os_running
    rtx_conf_cm.o(i._mutex_acquire) refers to rt_mutex.o(i.rt_mut_wait) for rt_mut_wait
    rtx_conf_cm.o(i._mutex_initialize) refers to rt_mutex.o(i.rt_mut_init) for rt_mut_init
    rtx_conf_cm.o(i._mutex_initialize) refers to rtx_conf_cm.o(.data) for .data
    rtx_conf_cm.o(i._mutex_initialize) refers to rtx_conf_cm.o(.bss) for .bss
    rtx_conf_cm.o(i._mutex_release) refers to rt_cmsis.o(.data) for os_running
    rtx_conf_cm.o(i._mutex_release) refers to rt_mutex.o(i.rt_mut_release) for rt_mut_release
    rtx_conf_cm.o(.constdata) refers to rt_cmsis.o(i.osTimerThread) for osTimerThread
    rtx_conf_cm.o(.constdata) refers to rtx_conf_cm.o(.bss) for os_messageQ_q_osTimerMessageQ
    rtx_conf_cm.o(.constdata) refers to thread.o(i.main) for main
    can_lpc17xx.o(i.CAN1_Control) refers to can_lpc17xx.o(i.CANx_Control) for CANx_Control
    can_lpc17xx.o(i.CAN1_GetClock) refers to can_lpc17xx.o(i.CANx_GetClock) for CANx_GetClock
    can_lpc17xx.o(i.CAN1_GetStatus) refers to can_lpc17xx.o(i.CANx_GetStatus) for CANx_GetStatus
    can_lpc17xx.o(i.CAN1_Initialize) refers to can_lpc17xx.o(i.CANx_Initialize) for CANx_Initialize
    can_lpc17xx.o(i.CAN1_MessageRead) refers to can_lpc17xx.o(i.CANx_MessageRead) for CANx_MessageRead
    can_lpc17xx.o(i.CAN1_MessageSend) refers to can_lpc17xx.o(i.CANx_MessageSend) for CANx_MessageSend
    can_lpc17xx.o(i.CAN1_ObjectConfigure) refers to can_lpc17xx.o(i.CANx_ObjectConfigure) for CANx_ObjectConfigure
[...]
    CANx_ResetRuntimeInfo                    0x00001a0d   Thumb Code    64  can_lpc17xx.o(i.CANx_ResetRuntimeInfo)
    i.CANx_SetBitrate                        0x00001a68   Section        0  can_lpc17xx.o(i.CANx_SetBitrate)
    CANx_SetBitrate                          0x00001a69   Thumb Code   300  can_lpc17xx.o(i.CANx_SetBitrate)
    i.CANx_SetMode                           0x00001b9c   Section        0  can_lpc17xx.o(i.CANx_SetMode)
    CANx_SetMode                             0x00001b9d   Thumb Code   294  can_lpc17xx.o(i.CANx_SetMode)
    i.CANx_Uninitialize                      0x00001cdc   Section        0  can_lpc17xx.o(i.CANx_Uninitialize)
    CANx_Uninitialize                        0x00001cdd   Thumb Code    84  can_lpc17xx.o(i.CANx_Uninitialize)
    i.Clear_Channel_active_flag              0x00001d34   Section        0  gpdma_lpc17xx.o(i.Clear_Channel_active_flag)
    Clear_Channel_active_flag                0x00001d35   Thumb Code    28  gpdma_lpc17xx.o(i.Clear_Channel_active_flag)
    i.DMA_IRQHandler                         0x00001d54   Section        0  gpdma_lpc17xx.o(i.DMA_IRQHandler)
    i.GPDMA_ChannelConfigure                 0x00001ed4   Section        0  gpdma_lpc17xx.o(i.GPDMA_ChannelConfigure)
    i.GPDMA_ChannelDisable                   0x00001fc8   Section        0  gpdma_lpc17xx.o(i.GPDMA_ChannelDisable)
    i.GPDMA_ChannelGetCount                  0x00001ff8   Section        0  gpdma_lpc17xx.o(i.GPDMA_ChannelGetCount)
    i.GPDMA_Initialize                       0x00002028   Section        0  gpdma_lpc17xx.o(i.GPDMA_Initialize)
    i.GPDMA_PeripheralSelect                 0x000020d8   Section        0  gpdma_lpc17xx.o(i.GPDMA_PeripheralSelect)
    i.GPDMA_Uninitialize                     0x0000211c   Section        0  gpdma_lpc17xx.o(i.GPDMA_Uninitialize)
    i.GetUsartClockFreq                      0x0000219c   Section        0  uart_lpc17xx.o(i.GetUsartClockFreq)
    GetUsartClockFreq                        0x0000219d   Thumb Code    62  uart_lpc17xx.o(i.GetUsartClockFreq)
    i.InitCan1                               0x000021e0   Section        0  thread.o(i.InitCan1)
    i.PIN_Configure                          0x0000223c   Section        0  pin_lpc17xx.o(i.PIN_Configure)
    i.Set_Channel_active_flag                0x00002338   Section        0  gpdma_lpc17xx.o(i.Set_Channel_active_flag)
    Set_Channel_active_flag                  0x00002339   Thumb Code    50  gpdma_lpc17xx.o(i.Set_Channel_active_flag)
    i.SystemInit                             0x00002370   Section        0  system_lpc17xx.o(i.SystemInit)
    i.Thread1                                0x000024b0   Section        0  thread.o(i.Thread1)
    i.UART2_IRQHandler                       0x000024d0   Section        0  uart_lpc17xx.o(i.UART2_IRQHandler)
    i.USART2_Control                         0x000024e0   Section        0  uart_lpc17xx.o(i.USART2_Control)
    USART2_Control                           0x000024e1   Thumb Code    18  uart_lpc17xx.o(i.USART2_Control)
    i.USART2_GPDMA_Rx_Event                  0x000024f8   Section        0  uart_lpc17xx.o(i.USART2_GPDMA_Rx_Event)
    i.USART2_GPDMA_Tx_Event                  0x0000250c   Section        0  uart_lpc17xx.o(i.USART2_GPDMA_Tx_Event)
    i.USART2_GetCapabilities                 0x00002520   Section        0  uart_lpc17xx.o(i.USART2_GetCapabilities)
    USART2_GetCapabilities                   0x00002521   Thumb Code    12  uart_lpc17xx.o(i.USART2_GetCapabilities)
    i.USART2_GetModemStatus                  0x00002530   Section        0  uart_lpc17xx.o(i.USART2_GetModemStatus)
    USART2_GetModemStatus                    0x00002531   Thumb Code    12  uart_lpc17xx.o(i.USART2_GetModemStatus)
    i.USART2_GetRxCount                      0x00002540   Section        0  uart_lpc17xx.o(i.USART2_GetRxCount)
    USART2_GetRxCount                        0x00002541   Thumb Code    10  uart_lpc17xx.o(i.USART2_GetRxCount)
    i.USART2_GetStatus                       0x00002550   Section        0  uart_lpc17xx.o(i.USART2_GetStatus)
    USART2_GetStatus                         0x00002551   Thumb Code    12  uart_lpc17xx.o(i.USART2_GetStatus)
    i.USART2_GetTxCount                      0x00002560   Section        0  uart_lpc17xx.o(i.USART2_GetTxCount)
    USART2_GetTxCount                        0x00002561   Thumb Code    10  uart_lpc17xx.o(i.USART2_GetTxCount)
    i.USART2_Initialize                      0x00002570   Section        0  uart_lpc17xx.o(i.USART2_Initialize)
    USART2_Initialize                        0x00002571   Thumb Code    14  uart_lpc17xx.o(i.USART2_Initialize)
    i.USART2_PowerControl                    0x00002584   Section        0  uart_lpc17xx.o(i.USART2_PowerControl)
    USART2_PowerControl                      0x00002585   Thumb Code    14  uart_lpc17xx.o(i.USART2_PowerControl)
    i.USART2_Receive                         0x00002598   Section        0  uart_lpc17xx.o(i.USART2_Receive)
    USART2_Receive                           0x00002599   Thumb Code    18  uart_lpc17xx.o(i.USART2_Receive)
    i.USART2_Send                            0x000025b0   Section        0  uart_lpc17xx.o(i.USART2_Send)
    USART2_Send                              0x000025b1   Thumb Code    18  uart_lpc17xx.o(i.USART2_Send)
    i.USART2_SetModemControl                 0x000025c8   Section        0  uart_lpc17xx.o(i.USART2_SetModemControl)
    USART2_SetModemControl                   0x000025c9   Thumb Code    14  uart_lpc17xx.o(i.USART2_SetModemControl)
    i.USART2_Transfer                        0x000025dc   Section        0  uart_lpc17xx.o(i.USART2_Transfer)
    USART2_Transfer                          0x000025dd   Thumb Code    22  uart_lpc17xx.o(i.USART2_Transfer)
    i.USART2_Uninitialize                    0x000025f8   Section        0  uart_lpc17xx.o(i.USART2_Uninitialize)
    USART2_Uninitialize                      0x000025f9   Thumb Code    10  uart_lpc17xx.o(i.USART2_Uninitialize)
    i.USART_Control                          0x00002608   Section        0  uart_lpc17xx.o(i.USART_Control)
    USART_Control                            0x00002609   Thumb Code  1598  uart_lpc17xx.o(i.USART_Control)
    i.USART_GPDMA_Rx_Event                   0x00002c4c   Section        0  uart_lpc17xx.o(i.USART_GPDMA_Rx_Event)
    USART_GPDMA_Rx_Event                     0x00002c4d   Thumb Code   134  uart_lpc17xx.o(i.USART_GPDMA_Rx_Event)
    i.USART_GPDMA_Tx_Event                   0x00002cd2   Section        0  uart_lpc17xx.o(i.USART_GPDMA_Tx_Event)
    USART_GPDMA_Tx_Event                     0x00002cd3   Thumb Code    74  uart_lpc17xx.o(i.USART_GPDMA_Tx_Event)
    i.USART_GetCapabilities                  0x00002d1c   Section        0  uart_lpc17xx.o(i.USART_GetCapabilities)
    USART_GetCapabilities                    0x00002d1d   Thumb Code     6  uart_lpc17xx.o(i.USART_GetCapabilities)
    i.USART_GetModemStatus                   0x00002d22   Section        0  uart_lpc17xx.o(i.USART_GetModemStatus)
    USART_GetModemStatus                     0x00002d23   Thumb Code   236  uart_lpc17xx.o(i.USART_GetModemStatus)
    i.USART_GetRxCount                       0x00002e0e   Section        0  uart_lpc17xx.o(i.USART_GetRxCount)
    USART_GetRxCount                         0x00002e0f   Thumb Code    28  uart_lpc17xx.o(i.USART_GetRxCount)
    i.USART_GetStatus                        0x00002e2a   Section        0  uart_lpc17xx.o(i.USART_GetStatus)
    USART_GetStatus                          0x00002e2b   Thumb Code   188  uart_lpc17xx.o(i.USART_GetStatus)
    i.USART_GetTxCount                       0x00002ee6   Section        0  uart_lpc17xx.o(i.USART_GetTxCount)
    USART_GetTxCount                         0x00002ee7   Thumb Code    28  uart_lpc17xx.o(i.USART_GetTxCount)
    i.USART_IRQHandler                       0x00002f02   Section        0  uart_lpc17xx.o(i.USART_IRQHandler)
    USART_IRQHandler                         0x00002f03   Thumb Code   534  uart_lpc17xx.o(i.USART_IRQHandler)
    i.USART_Initialize                       0x00003118   Section        0  uart_lpc17xx.o(i.USART_Initialize)
    USART_Initialize                         0x00003119   Thumb Code   254  uart_lpc17xx.o(i.USART_Initialize)
    i.USART_PowerControl                     0x00003218   Section        0  uart_lpc17xx.o(i.USART_PowerControl)
    USART_PowerControl                       0x00003219   Thumb Code   556  uart_lpc17xx.o(i.USART_PowerControl)
    i.USART_Receive                          0x00003448   Section        0  uart_lpc17xx.o(i.USART_Receive)
    USART_Receive                            0x00003449   Thumb Code   272  uart_lpc17xx.o(i.USART_Receive)
    i.USART_RxLineIntHandler                 0x00003558   Section        0  uart_lpc17xx.o(i.USART_RxLineIntHandler)
    USART_RxLineIntHandler                   0x00003559   Thumb Code   104  uart_lpc17xx.o(i.USART_RxLineIntHandler)
    i.USART_Send                             0x000035c0   Section        0  uart_lpc17xx.o(i.USART_Send)
    USART_Send                               0x000035c1   Thumb Code   412  uart_lpc17xx.o(i.USART_Send)
    i.USART_SetBaudrate                      0x0000375c   Section        0  uart_lpc17xx.o(i.USART_SetBaudrate)
    i.USART_SetModemControl                  0x00003890   Section        0  uart_lpc17xx.o(i.USART_SetModemControl)
    USART_SetModemControl                    0x00003891   Thumb Code   160  uart_lpc17xx.o(i.USART_SetModemControl)
    i.USART_Transfer                         0x00003930   Section        0  uart_lpc17xx.o(i.USART_Transfer)
    USART_Transfer                           0x00003931   Thumb Code   122  uart_lpc17xx.o(i.USART_Transfer)
    i.USART_Uninitialize                     0x000039aa   Section        0  uart_lpc17xx.o(i.USART_Uninitialize)
    USART_Uninitialize                       0x000039ab   Thumb Code   226  uart_lpc17xx.o(i.USART_Uninitialize)
    i.USARTx_GetVersion                      0x00003a8c   Section        0  uart_lpc17xx.o(i.USARTx_GetVersion)
    USARTx_GetVersion                        0x00003a8d   Thumb Code    10  uart_lpc17xx.o(i.USARTx_GetVersion)
    i.__NVIC_ClearPendingIRQ                 0x00003a9c   Section        0  uart_lpc17xx.o(i.__NVIC_ClearPendingIRQ)
    __NVIC_ClearPendingIRQ                   0x00003a9d   Thumb Code    22  uart_lpc17xx.o(i.__NVIC_ClearPendingIRQ)
    i.__NVIC_ClearPendingIRQ                 0x00003ab8   Section        0  gpdma_lpc17xx.o(i.__NVIC_ClearPendingIRQ)
    __NVIC_ClearPendingIRQ                   0x00003ab9   Thumb Code    22  gpdma_lpc17xx.o(i.__NVIC_ClearPendingIRQ)
    i._init_box                              0x00003ad4   Section        0  rt_membox.o(i._init_box)
    i._mutex_acquire                         0x00003b1c   Section        0  rtx_conf_cm.o(i._mutex_acquire)
    __tagsym$$used                           0x00003b1d   Number         0  rtx_conf_cm.o(i._mutex_acquire)
    i._mutex_release                         0x00003b3c   Section        0  rtx_conf_cm.o(i._mutex_release)
    __tagsym$$used                           0x00003b3d   Number         0  rtx_conf_cm.o(i._mutex_release)
    i.choisir_music                          0x00003b58   Section        0  lib_dfplayer.o(i.choisir_music)
    i.dbg_init                               0x00003be0   Section        0  hal_cm.o(i.dbg_init)
    i.dbg_task_notify                        0x00003c10   Section        0  hal_cm.o(i.dbg_task_notify)
    i.dbg_task_switch                        0x00003c30   Section        0  hal_cm.o(i.dbg_task_switch)
    i.init_UART2                             0x00003c40   Section        0  lib_dfplayer.o(i.init_UART2)
    i.isrMessageGet                          0x00003c78   Section        0  rt_cmsis.o(i.isrMessageGet)
    i.isrMessagePut                          0x00003ca2   Section        0  rt_cmsis.o(i.isrMessagePut)
    i.isrSignalSet                           0x00003cce   Section        0  rt_cmsis.o(i.isrSignalSet)
    i.isr_evt_set                            0x00003cf4   Section        0  rt_event.o(i.isr_evt_set)
    i.isr_mbx_receive                        0x00003d1c   Section        0  rt_mailbox.o(i.isr_mbx_receive)
    i.isr_mbx_send                           0x00003d72   Section        0  rt_mailbox.o(i.isr_mbx_send)
    i.main                                   0x00003d80   Section        0  thread.o(i.main)
    i.myCAN1_callback                        0x00003df0   Section        0  thread.o(i.myCAN1_callback)
    i.osDelay                                0x00003e10   Section        0  rt_cmsis.o(i.osDelay)
    i.osKernelInitialize                     0x00003e28   Section        0  rt_cmsis.o(i.osKernelInitialize)
    i.osKernelStart                          0x00003e4c   Section        0  rt_cmsis.o(i.osKernelStart)
    i.osMessageGet                           0x00003eb8   Section        0  rt_cmsis.o(i.osMessageGet)
    i.osSignalSet                            0x00003ed0   Section        0  rt_cmsis.o(i.osSignalSet)
    i.osSignalWait                           0x00003ee8   Section        0  rt_cmsis.o(i.osSignalWait)
    i.osThreadCreate                         0x00003f00   Section        0  rt_cmsis.o(i.osThreadCreate)
    i.osThreadExit                           0x00003f2c   Section        0  rt_cmsis.o(i.osThreadExit)
    i.osThreadYield                          0x00003f44   Section        0  rt_cmsis.o(i.osThreadYield)
    i.osTimerCall                            0x00003f5c   Section        0  rt_cmsis.o(i.osTimerCall)
    i.osTimerThread                          0x00003f68   Section        0  rt_cmsis.o(i.osTimerThread)
    i.os_error                               0x00003f94   Section        0  rtx_conf_cm.o(i.os_error)
    i.os_idle_demon                          0x00003fb6   Section        0  rtx_conf_cm.o(i.os_idle_demon)
    i.os_tick_init                           0x00003fbc   Section        0  rt_system.o(i.os_tick_init)
    i.rt_alloc_box                           0x00003fe4   Section        0  rt_membox.o(i.rt_alloc_box)
    i.rt_alloc_mem                           0x00003ffe   Section        0  rt_memory.o(i.rt_alloc_mem)
    i.rt_block                               0x0000403c   Section        0  rt_task.o(i.rt_block)
    i.rt_chk_robin                           0x00004074   Section        0  rt_robin.o(i.rt_chk_robin)
    i.rt_dec_dly                             0x000040bc   Section        0  rt_list.o(i.rt_dec_dly)
    i.rt_dispatch                            0x0000412c   Section        0  rt_task.o(i.rt_dispatch)
    i.rt_dly_wait                            0x00004170   Section        0  rt_time.o(i.rt_dly_wait)
    i.rt_evt_psh                             0x00004178   Section        0  rt_event.o(i.rt_evt_psh)
    i.rt_evt_set                             0x000041c8   Section        0  rt_event.o(i.rt_evt_set)
    i.rt_evt_wait                            0x00004224   Section        0  rt_event.o(i.rt_evt_wait)
    i.rt_free_box                            0x00004260   Section        0  rt_membox.o(i.rt_free_box)
    i.rt_free_mem                            0x0000428c   Section        0  rt_memory.o(i.rt_free_mem)
    i.rt_get_first                           0x000042b4   Section        0  rt_list.o(i.rt_get_first)
    i.rt_get_same_rdy_prio                   0x000042dc   Section        0  rt_list.o(i.rt_get_same_rdy_prio)
    i.rt_id2obj                              0x00004300   Section        0  rt_cmsis.o(i.rt_id2obj)
    rt_id2obj                                0x00004301   Thumb Code     8  rt_cmsis.o(i.rt_id2obj)
    i.rt_init_context                        0x00004308   Section        0  rt_task.o(i.rt_init_context)
    rt_init_context                          0x00004309   Thumb Code    66  rt_task.o(i.rt_init_context)
    i.rt_init_mem                            0x00004350   Section        0  rt_memory.o(i.rt_init_mem)
    i.rt_init_robin                          0x0000436c   Section        0  rt_robin.o(i.rt_init_robin)
    i.rt_init_stack                          0x00004384   Section        0  hal_cm.o(i.rt_init_stack)
    i.rt_mbx_check                           0x00004404   Section        0  rt_mailbox.o(i.rt_mbx_check)
    i.rt_mbx_init                            0x0000440c   Section        0  rt_mailbox.o(i.rt_mbx_init)
    i.rt_mbx_psh                             0x00004428   Section        0  rt_mailbox.o(i.rt_mbx_psh)
    i.rt_mbx_wait                            0x00004518   Section        0  rt_mailbox.o(i.rt_mbx_wait)
    i.rt_ms2tick                             0x000045cc   Section        0  rt_cmsis.o(i.rt_ms2tick)
    rt_ms2tick                               0x000045cd   Thumb Code    58  rt_cmsis.o(i.rt_ms2tick)
    i.rt_mut_release                         0x00004610   Section        0  rt_mutex.o(i.rt_mut_release)
    i.rt_mut_wait                            0x000046e8   Section        0  rt_mutex.o(i.rt_mut_wait)
    i.rt_pop_req                             0x00004760   Section        0  rt_system.o(i.rt_pop_req)
    i.rt_psh_req                             0x000047dc   Section        0  rt_system.o(i.rt_psh_req)
    i.rt_psq_enq                             0x000047fc   Section        0  rt_list.o(i.rt_psq_enq)
    i.rt_put_dly                             0x00004858   Section        0  rt_list.o(i.rt_put_dly)
    i.rt_put_prio                            0x000048a0   Section        0  rt_list.o(i.rt_put_prio)
    i.rt_put_rdy_first                       0x000048d8   Section        0  rt_list.o(i.rt_put_rdy_first)
    i.rt_resort_prio                         0x000048ec   Section        0  rt_list.o(i.rt_resort_prio)
    i.rt_ret_val                             0x00004920   Section        0  hal_cm.o(i.rt_ret_val)
    i.rt_ret_val2                            0x00004926   Section        0  hal_cm.o(i.rt_ret_val2)
    i.rt_rmv_dly                             0x0000492e   Section        0  rt_list.o(i.rt_rmv_dly)
    i.rt_rmv_list                            0x00004958   Section        0  rt_list.o(i.rt_rmv_list)
    i.rt_sem_psh                             0x00004988   Section        0  rt_semaphore.o(i.rt_sem_psh)
    i.rt_stk_check                           0x000049bc   Section        0  rt_system.o(i.rt_stk_check)
    i.rt_switch_req                          0x000049e0   Section        0  rt_task.o(i.rt_switch_req)
    i.rt_sys_init                            0x00004a08   Section        0  rt_task.o(i.rt_sys_init)
    i.rt_sys_start                           0x00004ad4   Section        0  rt_task.o(i.rt_sys_start)
    i.rt_systick                             0x00004b4c   Section        0  rt_system.o(i.rt_systick)
    i.rt_tid2ptcb                            0x00004b8c   Section        0  rt_cmsis.o(i.rt_tid2ptcb)
    rt_tid2ptcb                              0x00004b8d   Thumb Code    18  rt_cmsis.o(i.rt_tid2ptcb)
    i.rt_timer_insert                        0x00004ba0   Section        0  rt_cmsis.o(i.rt_timer_insert)
    rt_timer_insert                          0x00004ba1   Thumb Code    48  rt_cmsis.o(i.rt_timer_insert)
    i.rt_tsk_create                          0x00004bd4   Section        0  rt_task.o(i.rt_tsk_create)
    i.rt_tsk_delete                          0x00004c5c   Section        0  rt_task.o(i.rt_tsk_delete)
    i.rt_tsk_pass                            0x00004dd8   Section        0  rt_task.o(i.rt_tsk_pass)
    i.rt_tsk_prio                            0x00004e08   Section        0  rt_task.o(i.rt_tsk_prio)
    i.rt_tsk_self                            0x00004e84   Section        0  rt_task.o(i.rt_tsk_self)
    i.svcDelay                               0x00004e94   Section        0  rt_cmsis.o(i.svcDelay)
    i.svcKernelInitialize                    0x00004ea8   Section        0  rt_cmsis.o(i.svcKernelInitialize)
    i.svcKernelStart                         0x00004f18   Section        0  rt_cmsis.o(i.svcKernelStart)
    i.svcMessageCreate                       0x00004f60   Section        0  rt_cmsis.o(i.svcMessageCreate)
    i.svcMessageGet                          0x00004f84   Section        0  rt_cmsis.o(i.svcMessageGet)
    i.svcSignalSet                           0x00004fbe   Section        0  rt_cmsis.o(i.svcSignalSet)
    i.svcSignalWait                          0x00004fe4   Section        0  rt_cmsis.o(i.svcSignalWait)
    i.svcThreadCreate                        0x00005038   Section        0  rt_cmsis.o(i.svcThreadCreate)
    i.svcThreadGetId                         0x000050a4   Section        0  rt_cmsis.o(i.svcThreadGetId)
    i.svcThreadTerminate                     0x000050c0   Section        0  rt_cmsis.o(i.svcThreadTerminate)
    i.svcThreadYield                         0x000050f8   Section        0  rt_cmsis.o(i.svcThreadYield)
    i.svcTimerCall                           0x00005102   Section        0  rt_cmsis.o(i.svcTimerCall)
    i.sysTimerTick                           0x0000511c   Section        0  rt_cmsis.o(i.sysTimerTick)
    .constdata                               0x00005178   Section       48  thread.o(.constdata)
    .constdata                               0x000051a8   Section      104  rtx_conf_cm.o(.constdata)
    __tagsym$$used                           0x000051c4   Number         0  rtx_conf_cm.o(.constdata)
    __tagsym$$used                           0x000051c8   Number         0  rtx_conf_cm.o(.constdata)
    __tagsym$$used                           0x000051cc   Number         0  rtx_conf_cm.o(.constdata)
    __tagsym$$used                           0x000051d0   Number         0  rtx_conf_cm.o(.constdata)
    .constdata                               0x00005210   Section      144  can_lpc17xx.o(.constdata)
    can_driver_version                       0x00005210   Data           4  can_lpc17xx.o(.constdata)
    can_driver_capabilities                  0x00005214   Data           4  can_lpc17xx.o(.constdata)
    can_object_capabilities_rx               0x00005218   Data           4  can_lpc17xx.o(.constdata)
    can_object_capabilities_tx               0x0000521c   Data           4  can_lpc17xx.o(.constdata)
    ptr_CANx                                 0x00005220   Data           8  can_lpc17xx.o(.constdata)
    .constdata                               0x000052a0   Section      464  uart_lpc17xx.o(.constdata)
    usart_driver_version                     0x000052a0   Data           4  uart_lpc17xx.o(.constdata)
    fract_div_lookup_table                   0x000052a4   Data         288  uart_lpc17xx.o(.constdata)
    USART2_DMA_Tx                            0x000053c4   Data           8  uart_lpc17xx.o(.constdata)
    USART2_DMA_Rx                            0x000053cc   Data           8  uart_lpc17xx.o(.constdata)
    USART2_Resources                         0x000053d4   Data         100  uart_lpc17xx.o(.constdata)
    .data                                    0x10000000   Section       12  thread.o(.data)
    .data                                    0x1000000c   Section       20  rtx_conf_cm.o(.data)
    nr_mutex                                 0x1000001c   Data           4  rtx_conf_cm.o(.data)
    .data                                    0x10000020   Section       40  can_lpc17xx.o(.data)
    can_driver_powered                       0x10000020   Data           2  can_lpc17xx.o(.data)
    can_driver_initialized                   0x10000022   Data           2  can_lpc17xx.o(.data)
    can_obj_tx_alloc                         0x10000024   Data           6  can_lpc17xx.o(.data)
    can_obj_tx_alloc_lock                    0x1000002a   Data           2  can_lpc17xx.o(.data)
    can_no_retransmission                    0x1000002c   Data           2  can_lpc17xx.o(.data)
    can_loopback                             0x1000002e   Data           2  can_lpc17xx.o(.data)
    can_obj_cfg_msk                          0x10000030   Data           2  can_lpc17xx.o(.data)
    can_unit_state                           0x10000032   Data           2  can_lpc17xx.o(.data)
    can_last_error_code                      0x10000034   Data           2  can_lpc17xx.o(.data)
    CAN_SignalUnitEvent                      0x10000038   Data           8  can_lpc17xx.o(.data)
    CAN_SignalObjectEvent                    0x10000040   Data           8  can_lpc17xx.o(.data)
    .data                                    0x10000048   Section        4  uart_lpc17xx.o(.data)
    USART2_pin_tx                            0x10000048   Data           2  uart_lpc17xx.o(.data)
    USART2_pin_rx                            0x1000004a   Data           2  uart_lpc17xx.o(.data)
    .data                                    0x1000004c   Section        8  gpdma_lpc17xx.o(.data)
    Channel_active                           0x1000004c   Data           4  gpdma_lpc17xx.o(.data)
    Init_cnt                                 0x10000050   Data           4  gpdma_lpc17xx.o(.data)
    .data                                    0x10000054   Section        4  system_lpc17xx.o(.data)
    .data                                    0x10000058   Section        8  rt_cmsis.o(.data)
    .data                                    0x10000060   Section        8  rt_task.o(.data)
    .data                                    0x10000068   Section        8  rt_system.o(.data)
    os_lock                                  0x10000068   Data           1  rt_system.o(.data)
    os_psh_flag                              0x10000069   Data           1  rt_system.o(.data)
    pend_flags                               0x1000006a   Data           1  rt_system.o(.data)
    .data                                    0x10000070   Section        4  rt_time.o(.data)
    .data                                    0x10000074   Section        8  rt_robin.o(.data)
    .data                                    0x1000007c   Section        1  hal_cm.o(.data)
    .bss                                     0x10000080   Section     8416  rtx_conf_cm.o(.bss)
    std_libspace                             0x10001e40   Data         672  rtx_conf_cm.o(.bss)
    std_libmutex                             0x100020e0   Data         128  rtx_conf_cm.o(.bss)
    .bss                                     0x10002160   Section       52  uart_lpc17xx.o(.bss)
    USART2_Info                              0x10002160   Data          52  uart_lpc17xx.o(.bss)
    .bss                                     0x10002194   Section      160  gpdma_lpc17xx.o(.bss)
    Channel_info                             0x10002194   Data         160  gpdma_lpc17xx.o(.bss)
    .bss                                     0x10002234   Section       52  rt_task.o(.bss)
    .bss                                     0x10002268   Section       48  rt_list.o(.bss)
    .bss                                     0x10002298   Section       96  libspace.o(.bss)
    HEAP                                     0x100022f8   Section        0  startup_lpc17xx.o(HEAP)
    STACK                                    0x100022f8   Section      512  startup_lpc17xx.o(STACK)
    Heap_Mem                                 0x100022f8   Data           0  startup_lpc17xx.o(HEAP)
    Stack_Mem                                0x100022f8   Data         512  startup_lpc17xx.o(STACK)
    __initial_sp                             0x100024f8   Data           0  startup_lpc17xx.o(STACK)

    Global Symbols

    Symbol Name                              Value     Ov Type        Size  Object(Section)

    BuildAttributes$$THM_ISAv4$P$D$K$B$S$PE$A:L22UL41UL21$X:L11$S22US41US21$IEEE1$IW$USESV6$~STKCKD$USESV7$~SHL$OSPACE$ROPI$EBA8$UX$STANDARDLIB$REQ8$PRES8$EABIv2 0x00000000   Number         0  anon$$obj.o ABSOLUTE
    __ARM_use_no_argv                        0x00000000   Number         0  thread.o ABSOLUTE
    __Vectors                                0x00000000   Data           4  startup_lpc17xx.o(RESET)
    __ARM_exceptions_init                     - Undefined Weak Reference
    __alloca_initialize                       - Undefined Weak Reference
    __arm_preinit_                            - Undefined Weak Reference
    __cpp_initialize__aeabi_                  - Undefined Weak Reference
    __cxa_finalize                            - Undefined Weak Reference
    __rt_locale                               - Undefined Weak Reference
    __sigvec_lookup                           - Undefined Weak Reference
    _atexit_init                              - Undefined Weak Reference
    _call_atexit_fns                          - Undefined Weak Reference
    _clock_init                               - Undefined Weak Reference
    _fp_trap_init                             - Undefined Weak Reference
    _fp_trap_shutdown                         - Undefined Weak Reference
    _get_lc_collate                           - Undefined Weak Reference
    _get_lc_ctype                             - Undefined Weak Reference
    _get_lc_monetary                          - Undefined Weak Reference
    _get_lc_numeric                           - Undefined Weak Reference
    _get_lc_time                              - Undefined Weak Reference
    _getenv_init                              - Undefined Weak Reference
    _handle_redirection                       - Undefined Weak Reference
    _init_alloc                               - Undefined Weak Reference
    _init_user_alloc                          - Undefined Weak Reference
    _initio                                   - Undefined Weak Reference
    _rand_init                                - Undefined Weak Reference
    _signal_finish                            - Undefined Weak Reference
    _signal_init                              - Undefined Weak Reference
    _terminate_alloc                          - Undefined Weak Reference
    _terminate_user_alloc                     - Undefined Weak Reference
    _terminateio                              - Undefined Weak Reference
    __main                                   0x000000cd   Thumb Code     8  __main.o(!!!main)
    __scatterload                            0x000000d5   Thumb Code     0  __scatter.o(!!!scatter)
    __scatterload_rt2                        0x000000d5   Thumb Code    44  __scatter.o(!!!scatter)
    __scatterload_rt2_thumb_only             0x000000d5   Thumb Code     0  __scatter.o(!!!scatter)
    __scatterload_null                       0x000000e3   Thumb Code     0  __scatter.o(!!!scatter)
    __scatterload_copy                       0x00000109   Thumb Code    26  __scatter_copy.o(!!handler_copy)
    __scatterload_zeroinit                   0x00000125   Thumb Code    28  __scatter_zi.o(!!handler_zi)
    __rt_lib_init                            0x00000141   Thumb Code     0  libinit.o(.ARM.Collect$$libinit$$00000000)
    __rt_lib_init_alloca_1                   0x00000143   Thumb Code     0  libinit2.o(.ARM.Collect$$libinit$$0000002E)
    __rt_lib_init_argv_1                     0x00000143   Thumb Code     0  libinit2.o(.ARM.Collect$$libinit$$0000002C)
    __rt_lib_init_atexit_1                   0x00000143   Thumb Code     0  libinit2.o(.ARM.Collect$$libinit$$0000001B)
    __rt_lib_init_clock_1                    0x00000143   Thumb Code     0  libinit2.o(.ARM.Collect$$libinit$$00000021)
    __rt_lib_init_cpp_1                      0x00000143   Thumb Code     0  libinit2.o(.ARM.Collect$$libinit$$00000032)
    __rt_lib_init_exceptions_1               0x00000143   Thumb Code     0  libinit2.o(.ARM.Collect$$libinit$$00000030)
    __rt_lib_init_fp_1                       0x00000143   Thumb Code     0  libinit2.o(.ARM.Collect$$libinit$$00000002)
    __rt_lib_init_fp_trap_1                  0x00000143   Thumb Code     0  libinit2.o(.ARM.Collect$$libinit$$0000001F)
    __rt_lib_init_getenv_1                   0x00000143   Thumb Code     0  libinit2.o(.ARM.Collect$$libinit$$00000023)
    __rt_lib_init_heap_1                     0x00000143   Thumb Code     0  libinit2.o(.ARM.Collect$$libinit$$0000000A)
    __rt_lib_init_lc_collate_1               0x00000143   Thumb Code     0  libinit2.o(.ARM.Collect$$libinit$$00000011)
    __rt_lib_init_lc_ctype_1                 0x00000143   Thumb Code     0  libinit2.o(.ARM.Collect$$libinit$$00000013)
    __rt_lib_init_lc_monetary_1              0x00000143   Thumb Code     0  libinit2.o(.ARM.Collect$$libinit$$00000015)
    __rt_lib_init_lc_numeric_1               0x00000143   Thumb Code     0  libinit2.o(.ARM.Collect$$libinit$$00000017)
    __rt_lib_init_lc_time_1                  0x00000143   Thumb Code     0  libinit2.o(.ARM.Collect$$libinit$$00000019)
    __rt_lib_init_preinit_1                  0x00000143   Thumb Code     0  libinit2.o(.ARM.Collect$$libinit$$00000004)
    __rt_lib_init_rand_1                     0x00000143   Thumb Code     0  libinit2.o(.ARM.Collect$$libinit$$0000000E)
    __rt_lib_init_return                     0x00000143   Thumb Code     0  libinit2.o(.ARM.Collect$$libinit$$00000033)
    __rt_lib_init_signal_1                   0x00000143   Thumb Code     0  libinit2.o(.ARM.Collect$$libinit$$0000001D)
    __rt_lib_init_stdio_1                    0x00000143   Thumb Code     0  libinit2.o(.ARM.Collect$$libinit$$00000025)
    __rt_lib_init_user_alloc_1               0x00000143   Thumb Code     0  libinit2.o(.ARM.Collect$$libinit$$0000000C)
    __rt_lib_shutdown                        0x00000145   Thumb Code     0  libshutdown.o(.ARM.Collect$$libshutdown$$00000000)
    __rt_lib_shutdown_cpp_1                  0x00000147   Thumb Code     0  libshutdown2.o(.ARM.Collect$$libshutdown$$00000002)
    __rt_lib_shutdown_fp_trap_1              0x00000147   Thumb Code     0  libshutdown2.o(.ARM.Collect$$libshutdown$$00000007)
    __rt_lib_shutdown_heap_1                 0x00000147   Thumb Code     0  libshutdown2.o(.ARM.Collect$$libshutdown$$0000000F)
    __rt_lib_shutdown_return                 0x00000147   Thumb Code     0  libshutdown2.o(.ARM.Collect$$libshutdown$$00000010)
    __rt_lib_shutdown_signal_1               0x00000147   Thumb Code     0  libshutdown2.o(.ARM.Collect$$libshutdown$$0000000A)
    __rt_lib_shutdown_stdio_1                0x00000147   Thumb Code     0  libshutdown2.o(.ARM.Collect$$libshutdown$$00000004)
    __rt_lib_shutdown_user_alloc_1           0x00000147   Thumb Code     0  libshutdown2.o(.ARM.Collect$$libshutdown$$0000000C)
    __rt_entry                               0x00000149   Thumb Code     0  __rtentry.o(.ARM.Collect$$rtentry$$00000000)
    __rt_entry_presh_1                       0x00000149   Thumb Code     0  __rtentry2.o(.ARM.Collect$$rtentry$$00000002)
    __rt_entry_sh                            0x00000149   Thumb Code     0  __rtentry4.o(.ARM.Collect$$rtentry$$00000004)
    __rt_entry_li                            0x0000014f   Thumb Code     0  __rtentry2.o(.ARM.Collect$$rtentry$$0000000A)
    __rt_entry_postsh_1                      0x0000014f   Thumb Code     0  __rtentry2.o(.ARM.Collect$$rtentry$$00000009)
    __rt_entry_postli_1                      0x00000153   Thumb Code     0  __rtentry2.o(.ARM.Collect$$rtentry$$0000000B)
    __rt_entry_main                          0x0000015b   Thumb Code     0  __rtentry2.o(.ARM.Collect$$rtentry$$0000000D)
    __rt_exit                                0x00000163   Thumb Code     0  rtexit.o(.ARM.Collect$$rtexit$$00000000)
    __rt_exit_ls                             0x00000165   Thumb Code     0  rtexit2.o(.ARM.Collect$$rtexit$$00000003)
    __rt_exit_prels_1                        0x00000165   Thumb Code     0  rtexit2.o(.ARM.Collect$$rtexit$$00000002)
    __rt_exit_exit                           0x00000169   Thumb Code     0  rtexit2.o(.ARM.Collect$$rtexit$$00000004)
    _platform_post_lib_init                  0x00000171   Thumb Code    24  rtx_conf_cm.o(.emb_text)
    rt_set_PSP                               0x0000018d   Thumb Code     6  hal_cm3.o(.emb_text)
    rt_get_PSP                               0x00000193   Thumb Code     6  hal_cm3.o(.emb_text)
    os_set_env                               0x00000199   Thumb Code    24  hal_cm3.o(.emb_text)
    _alloc_box                               0x000001b5   Thumb Code    28  hal_cm3.o(.emb_text)
    _free_box                                0x000001d5   Thumb Code    28  hal_cm3.o(.emb_text)
    SVC_Handler                              0x000001f5   Thumb Code   108  hal_cm3.o(.emb_text)
    PendSV_Handler                           0x0000026d   Thumb Code    56  hal_cm3.o(.emb_text)
    SysTick_Handler                          0x000002a9   Thumb Code     8  hal_cm3.o(.emb_text)
    OS_Tick_Handler                          0x000002b1   Thumb Code    12  hal_cm3.o(.emb_text)
    Reset_Handler                            0x000002bd   Thumb Code     8  startup_lpc17xx.o(.text)
    NMI_Handler                              0x000002c5   Thumb Code     2  startup_lpc17xx.o(.text)
    HardFault_Handler                        0x000002c7   Thumb Code     2  startup_lpc17xx.o(.text)
    MemManage_Handler                        0x000002c9   Thumb Code     2  startup_lpc17xx.o(.text)
    BusFault_Handler                         0x000002cb   Thumb Code     2  startup_lpc17xx.o(.text)
    UsageFault_Handler                       0x000002cd   Thumb Code     2  startup_lpc17xx.o(.text)
    DebugMon_Handler                         0x000002d1   Thumb Code     2  startup_lpc17xx.o(.text)
    ADC_IRQHandler                           0x000002d7   Thumb Code     0  startup_lpc17xx.o(.text)
    BOD_IRQHandler                           0x000002d7   Thumb Code     0  startup_lpc17xx.o(.text)
    CANActivity_IRQHandler                   0x000002d7   Thumb Code     0  startup_lpc17xx.o(.text)
    EINT0_IRQHandler                         0x000002d7   Thumb Code     0  startup_lpc17xx.o(.text)
    EINT1_IRQHandler                         0x000002d7   Thumb Code     0  startup_lpc17xx.o(.text)
    EINT2_IRQHandler                         0x000002d7   Thumb Code     0  startup_lpc17xx.o(.text)
    EINT3_IRQHandler                         0x000002d7   Thumb Code     0  startup_lpc17xx.o(.text)
    ENET_IRQHandler                          0x000002d7   Thumb Code     0  startup_lpc17xx.o(.text)
    I2C0_IRQHandler                          0x000002d7   Thumb Code     0  startup_lpc17xx.o(.text)
    I2C1_IRQHandler                          0x000002d7   Thumb Code     0  startup_lpc17xx.o(.text)
    I2C2_IRQHandler                          0x000002d7   Thumb Code     0  startup_lpc17xx.o(.text)
    I2S_IRQHandler                           0x000002d7   Thumb Code     0  startup_lpc17xx.o(.text)
    MCPWM_IRQHandler                         0x000002d7   Thumb Code     0  startup_lpc17xx.o(.text)
    PLL0_IRQHandler                          0x000002d7   Thumb Code     0  startup_lpc17xx.o(.text)
    PLL1_IRQHandler                          0x000002d7   Thumb Code     0  startup_lpc17xx.o(.text)
    PWM1_IRQHandler                          0x000002d7   Thumb Code     0  startup_lpc17xx.o(.text)
    QEI_IRQHandler                           0x000002d7   Thumb Code     0  startup_lpc17xx.o(.text)
    RIT_IRQHandler                           0x000002d7   Thumb Code     0  startup_lpc17xx.o(.text)
    RTC_IRQHandler                           0x000002d7   Thumb Code     0  startup_lpc17xx.o(.text)
    SPI_IRQHandler                           0x000002d7   Thumb Code     0  startup_lpc17xx.o(.text)
    SSP0_IRQHandler                          0x000002d7   Thumb Code     0  startup_lpc17xx.o(.text)
    SSP1_IRQHandler                          0x000002d7   Thumb Code     0  startup_lpc17xx.o(.text)
    TIMER0_IRQHandler                        0x000002d7   Thumb Code     0  startup_lpc17xx.o(.text)
    TIMER1_IRQHandler                        0x000002d7   Thumb Code     0  startup_lpc17xx.o(.text)
    TIMER2_IRQHandler                        0x000002d7   Thumb Code     0  startup_lpc17xx.o(.text)
    TIMER3_IRQHandler                        0x000002d7   Thumb Code     0  startup_lpc17xx.o(.text)
    UART0_IRQHandler                         0x000002d7   Thumb Code     0  startup_lpc17xx.o(.text)
    UART1_IRQHandler                         0x000002d7   Thumb Code     0  startup_lpc17xx.o(.text)
    UART3_IRQHandler                         0x000002d7   Thumb Code     0  startup_lpc17xx.o(.text)
    USBActivity_IRQHandler                   0x000002d7   Thumb Code     0  startup_lpc17xx.o(.text)
    USB_IRQHandler                           0x000002d7   Thumb Code     0  startup_lpc17xx.o(.text)
    WDT_IRQHandler                           0x000002d7   Thumb Code     0  startup_lpc17xx.o(.text)
    __user_initial_stackheap                 0x000002d9   Thumb Code     0  startup_lpc17xx.o(.text)
    __I$use$semihosting                      0x000002f9   Thumb Code     0  use_no_semi.o(.text)
    __use_no_semihosting_swi                 0x000002f9   Thumb Code     2  use_no_semi.o(.text)
    __semihosting_library_function           0x000002fb   Thumb Code     0  indicate_semi.o(.text)
    os_tick_irqack                           0x000002fb   Thumb Code     2  rt_system.o(i.os_tick_irqack)
    __user_libspace                          0x00000301   Thumb Code     8  libspace.o(.text)
    __user_perproc_libspace                  0x00000301   Thumb Code     0  libspace.o(.text)
    __aeabi_uldivmod                         0x00000309   Thumb Code     0  lludivv7m.o(.text)
    _ll_udiv                                 0x00000309   Thumb Code   238  lludivv7m.o(.text)
    exit                                     0x000003f7   Thumb Code    18  exit.o(.text)
    __aeabi_memcpy                           0x00000409   Thumb Code     0  rt_memcpy_v6.o(.text)
    __rt_memcpy                              0x00000409   Thumb Code   138  rt_memcpy_v6.o(.text)
    _memcpy_lastbytes                        0x0000046f   Thumb Code     0  rt_memcpy_v6.o(.text)
    __RL_RTX_VER                             0x00000482   Number         0  rt_system.o ABSOLUTE
    __use_two_region_memory                  0x00000493   Thumb Code     2  heapauxi.o(.text)
    __rt_heap_escrow$2region                 0x00000495   Thumb Code     2  heapauxi.o(.text)
    __rt_heap_expand$2region                 0x00000497   Thumb Code     2  heapauxi.o(.text)
    __aeabi_memcpy4                          0x00000499   Thumb Code     0  rt_memcpy_w.o(.text)
    __aeabi_memcpy8                          0x00000499   Thumb Code     0  rt_memcpy_w.o(.text)
    __rt_memcpy_w                            0x00000499   Thumb Code   100  rt_memcpy_w.o(.text)
    _memcpy_lastbytes_aligned                0x000004e1   Thumb Code     0  rt_memcpy_w.o(.text)
    _sys_exit                                0x000004fd   Thumb Code     8  sys_exit.o(.text)
    __user_setup_stackheap                   0x00000509   Thumb Code    74  sys_stackheap_outer.o(.text)
    SVC_Count                                0x00000554   Data           4  svc_table.o(SVC_TABLE)
    SVC_Table                                0x00000558   Data           0  svc_table.o(SVC_TABLE)
    CAN1_ObjectGetCapabilities               0x000005dd   Thumb Code    16  can_lpc17xx.o(i.CAN1_ObjectGetCapabilities)
    CAN2_ObjectGetCapabilities               0x000006c9   Thumb Code    16  can_lpc17xx.o(i.CAN2_ObjectGetCapabilities)
    CAN_IRQHandler                           0x0000074d   Thumb Code   468  can_lpc17xx.o(i.CAN_IRQHandler)
    CANthreadR                               0x0000093d   Thumb Code    62  thread.o(i.CANthreadR)
    CANthreadT                               0x00000981   Thumb Code    60  thread.o(i.CANthreadT)
    CANx_GetClock                            0x00000e7d   Thumb Code   156  can_lpc17xx.o(i.CANx_GetClock)
    CANx_ObjectGetCapabilities               0x000013f9   Thumb Code    34  can_lpc17xx.o(i.CANx_ObjectGetCapabilities)
    DMA_IRQHandler                           0x00001d55   Thumb Code   372  gpdma_lpc17xx.o(i.DMA_IRQHandler)
    GPDMA_ChannelConfigure                   0x00001ed5   Thumb Code   232  gpdma_lpc17xx.o(i.GPDMA_ChannelConfigure)
    GPDMA_ChannelDisable                     0x00001fc9   Thumb Code    44  gpdma_lpc17xx.o(i.GPDMA_ChannelDisable)
    GPDMA_ChannelGetCount                    0x00001ff9   Thumb Code    38  gpdma_lpc17xx.o(i.GPDMA_ChannelGetCount)
    GPDMA_Initialize                         0x00002029   Thumb Code   154  gpdma_lpc17xx.o(i.GPDMA_Initialize)
    GPDMA_PeripheralSelect                   0x000020d9   Thumb Code    62  gpdma_lpc17xx.o(i.GPDMA_PeripheralSelect)
    GPDMA_Uninitialize                       0x0000211d   Thumb Code   116  gpdma_lpc17xx.o(i.GPDMA_Uninitialize)
    InitCan1                                 0x000021e1   Thumb Code    74  thread.o(i.InitCan1)
    PIN_Configure                            0x0000223d   Thumb Code   246  pin_lpc17xx.o(i.PIN_Configure)
    SystemInit                               0x00002371   Thumb Code   302  system_lpc17xx.o(i.SystemInit)
    Thread1                                  0x000024b1   Thumb Code    32  thread.o(i.Thread1)
    UART2_IRQHandler                         0x000024d1   Thumb Code    10  uart_lpc17xx.o(i.UART2_IRQHandler)
    USART2_GPDMA_Rx_Event                    0x000024f9   Thumb Code    14  uart_lpc17xx.o(i.USART2_GPDMA_Rx_Event)
    USART2_GPDMA_Tx_Event                    0x0000250d   Thumb Code    14  uart_lpc17xx.o(i.USART2_GPDMA_Tx_Event)
    USART_SetBaudrate                        0x0000375d   Thumb Code   302  uart_lpc17xx.o(i.USART_SetBaudrate)
    _init_box                                0x00003ad5   Thumb Code    70  rt_membox.o(i._init_box)
    _mutex_acquire                           0x00003b1d   Thumb Code    22  rtx_conf_cm.o(i._mutex_acquire)
    _mutex_release                           0x00003b3d   Thumb Code    18  rtx_conf_cm.o(i._mutex_release)
    choisir_music                            0x00003b59   Thumb Code   130  lib_dfplayer.o(i.choisir_music)
    dbg_init                                 0x00003be1   Thumb Code    34  hal_cm.o(i.dbg_init)
    dbg_task_notify                          0x00003c11   Thumb Code    32  hal_cm.o(i.dbg_task_notify)
    dbg_task_switch                          0x00003c31   Thumb Code    16  hal_cm.o(i.dbg_task_switch)
    init_UART2                               0x00003c41   Thumb Code    52  lib_dfplayer.o(i.init_UART2)
    isrMessageGet                            0x00003c79   Thumb Code    42  rt_cmsis.o(i.isrMessageGet)
    isrMessagePut                            0x00003ca3   Thumb Code    44  rt_cmsis.o(i.isrMessagePut)
    isrSignalSet                             0x00003ccf   Thumb Code    36  rt_cmsis.o(i.isrSignalSet)
    isr_evt_set                              0x00003cf5   Thumb Code    34  rt_event.o(i.isr_evt_set)
    isr_mbx_receive                          0x00003d1d   Thumb Code    86  rt_mailbox.o(i.isr_mbx_receive)
    isr_mbx_send                             0x00003d73   Thumb Code    14  rt_mailbox.o(i.isr_mbx_send)
    main                                     0x00003d81   Thumb Code    86  thread.o(i.main)
    myCAN1_callback                          0x00003df1   Thumb Code    26  thread.o(i.myCAN1_callback)
    osDelay                                  0x00003e11   Thumb Code    18  rt_cmsis.o(i.osDelay)
    osKernelInitialize                       0x00003e29   Thumb Code    30  rt_cmsis.o(i.osKernelInitialize)
    osKernelStart                            0x00003e4d   Thumb Code    98  rt_cmsis.o(i.osKernelStart)
    osMessageGet                             0x00003eb9   Thumb Code    18  rt_cmsis.o(i.osMessageGet)
    osSignalSet                              0x00003ed1   Thumb Code    18  rt_cmsis.o(i.osSignalSet)
    osSignalWait                             0x00003ee9   Thumb Code    18  rt_cmsis.o(i.osSignalWait)
    osThreadCreate                           0x00003f01   Thumb Code    36  rt_cmsis.o(i.osThreadCreate)
    osThreadExit                             0x00003f2d   Thumb Code    14  rt_cmsis.o(i.osThreadExit)
    osThreadYield                            0x00003f45   Thumb Code    18  rt_cmsis.o(i.osThreadYield)
    osTimerCall                              0x00003f5d   Thumb Code     8  rt_cmsis.o(i.osTimerCall)
    osTimerThread                            0x00003f69   Thumb Code    38  rt_cmsis.o(i.osTimerThread)
    os_error                                 0x00003f95   Thumb Code    34  rtx_conf_cm.o(i.os_error)
    os_idle_demon                            0x00003fb7   Thumb Code     4  rtx_conf_cm.o(i.os_idle_demon)
    os_tick_init                             0x00003fbd   Thumb Code    32  rt_system.o(i.os_tick_init)
    rt_alloc_box                             0x00003fe5   Thumb Code    26  rt_membox.o(i.rt_alloc_box)
    rt_alloc_mem                             0x00003fff   Thumb Code    62  rt_memory.o(i.rt_alloc_mem)
    rt_block                                 0x0000403d   Thumb Code    48  rt_task.o(i.rt_block)
    rt_chk_robin                             0x00004075   Thumb Code    60  rt_robin.o(i.rt_chk_robin)
    rt_dec_dly                               0x000040bd   Thumb Code   102  rt_list.o(i.rt_dec_dly)
    rt_dispatch                              0x0000412d   Thumb Code    60  rt_task.o(i.rt_dispatch)
    rt_dly_wait                              0x00004171   Thumb Code     6  rt_time.o(i.rt_dly_wait)
    rt_evt_psh                               0x00004179   Thumb Code    76  rt_event.o(i.rt_evt_psh)
    rt_evt_set                               0x000041c9   Thumb Code    88  rt_event.o(i.rt_evt_set)
    rt_evt_wait                              0x00004225   Thumb Code    56  rt_event.o(i.rt_evt_wait)
    rt_free_box                              0x00004261   Thumb Code    44  rt_membox.o(i.rt_free_box)
    rt_free_mem                              0x0000428d   Thumb Code    40  rt_memory.o(i.rt_free_mem)
    rt_get_first                             0x000042b5   Thumb Code    40  rt_list.o(i.rt_get_first)
    rt_get_same_rdy_prio                     0x000042dd   Thumb Code    26  rt_list.o(i.rt_get_same_rdy_prio)
    rt_init_mem                              0x00004351   Thumb Code    26  rt_memory.o(i.rt_init_mem)
    rt_init_robin                            0x0000436d   Thumb Code    14  rt_robin.o(i.rt_init_robin)
    rt_init_stack                            0x00004385   Thumb Code   118  hal_cm.o(i.rt_init_stack)
    rt_mbx_check                             0x00004405   Thumb Code     8  rt_mailbox.o(i.rt_mbx_check)
    rt_mbx_init                              0x0000440d   Thumb Code    26  rt_mailbox.o(i.rt_mbx_init)
    rt_mbx_psh                               0x00004429   Thumb Code   236  rt_mailbox.o(i.rt_mbx_psh)
    rt_mbx_wait                              0x00004519   Thumb Code   174  rt_mailbox.o(i.rt_mbx_wait)
    rt_mut_release                           0x00004611   Thumb Code   208  rt_mutex.o(i.rt_mut_release)
    rt_mut_wait                              0x000046e9   Thumb Code   114  rt_mutex.o(i.rt_mut_wait)
    rt_pop_req                               0x00004761   Thumb Code   112  rt_system.o(i.rt_pop_req)
    rt_psh_req                               0x000047dd   Thumb Code    22  rt_system.o(i.rt_psh_req)
    rt_psq_enq                               0x000047fd   Thumb Code    88  rt_list.o(i.rt_psq_enq)
    rt_put_dly                               0x00004859   Thumb Code    68  rt_list.o(i.rt_put_dly)
    rt_put_prio                              0x000048a1   Thumb Code    54  rt_list.o(i.rt_put_prio)
    rt_put_rdy_first                         0x000048d9   Thumb Code    14  rt_list.o(i.rt_put_rdy_first)
    rt_resort_prio                           0x000048ed   Thumb Code    46  rt_list.o(i.rt_resort_prio)
    rt_ret_val                               0x00004921   Thumb Code     6  hal_cm.o(i.rt_ret_val)
    rt_ret_val2                              0x00004927   Thumb Code     8  hal_cm.o(i.rt_ret_val2)
    rt_rmv_dly                               0x0000492f   Thumb Code    40  rt_list.o(i.rt_rmv_dly)
    rt_rmv_list                              0x00004959   Thumb Code    44  rt_list.o(i.rt_rmv_list)
    rt_sem_psh                               0x00004989   Thumb Code    48  rt_semaphore.o(i.rt_sem_psh)
    rt_stk_check                             0x000049bd   Thumb Code    28  rt_system.o(i.rt_stk_check)
    rt_switch_req                            0x000049e1   Thumb Code    30  rt_task.o(i.rt_switch_req)
    rt_sys_init                              0x00004a09   Thumb Code   138  rt_task.o(i.rt_sys_init)
    rt_sys_start                             0x00004ad5   Thumb Code   110  rt_task.o(i.rt_sys_start)
    rt_systick                               0x00004b4d   Thumb Code    50  rt_system.o(i.rt_systick)
    rt_tsk_create                            0x00004bd5   Thumb Code   118  rt_task.o(i.rt_tsk_create)
    rt_tsk_delete                            0x00004c5d   Thumb Code   352  rt_task.o(i.rt_tsk_delete)
    rt_tsk_pass                              0x00004dd9   Thumb Code    38  rt_task.o(i.rt_tsk_pass)
    rt_tsk_prio                              0x00004e09   Thumb Code   108  rt_task.o(i.rt_tsk_prio)
    rt_tsk_self                              0x00004e85   Thumb Code    12  rt_task.o(i.rt_tsk_self)
    svcDelay                                 0x00004e95   Thumb Code    18  rt_cmsis.o(i.svcDelay)
    svcKernelInitialize                      0x00004ea9   Thumb Code    80  rt_cmsis.o(i.svcKernelInitialize)
    svcKernelStart                           0x00004f19   Thumb Code    62  rt_cmsis.o(i.svcKernelStart)
    svcMessageCreate                         0x00004f61   Thumb Code    36  rt_cmsis.o(i.svcMessageCreate)
    svcMessageGet                            0x00004f85   Thumb Code    58  rt_cmsis.o(i.svcMessageGet)
    svcSignalSet                             0x00004fbf   Thumb Code    36  rt_cmsis.o(i.svcSignalSet)
    svcSignalWait                            0x00004fe5   Thumb Code    80  rt_cmsis.o(i.svcSignalWait)
    svcThreadCreate                          0x00005039   Thumb Code    96  rt_cmsis.o(i.svcThreadCreate)
    svcThreadGetId                           0x000050a5   Thumb Code    22  rt_cmsis.o(i.svcThreadGetId)
    svcThreadTerminate                       0x000050c1   Thumb Code    50  rt_cmsis.o(i.svcThreadTerminate)
    svcThreadYield                           0x000050f9   Thumb Code    10  rt_cmsis.o(i.svcThreadYield)
    svcTimerCall                             0x00005103   Thumb Code    24  rt_cmsis.o(i.svcTimerCall)
    sysTimerTick                             0x0000511d   Thumb Code    84  rt_cmsis.o(i.sysTimerTick)
    os_thread_def_Thread1                    0x00005178   Data          16  thread.o(.constdata)
    os_thread_def_CANthreadR                 0x00005188   Data          16  thread.o(.constdata)
    os_thread_def_CANthreadT                 0x00005198   Data          16  thread.o(.constdata)
    os_maxtaskrun                            0x000051a8   Data           2  rtx_conf_cm.o(.constdata)
    os_stackinfo                             0x000051ac   Data           4  rtx_conf_cm.o(.constdata)
    os_rrobin                                0x000051b0   Data           4  rtx_conf_cm.o(.constdata)
    os_tickfreq                              0x000051b4   Data           4  rtx_conf_cm.o(.constdata)
    os_tickus_i                              0x000051b8   Data           2  rtx_conf_cm.o(.constdata)
    os_tickus_f                              0x000051ba   Data           2  rtx_conf_cm.o(.constdata)
    os_trv                                   0x000051bc   Data           4  rtx_conf_cm.o(.constdata)
    os_flags                                 0x000051c0   Data           1  rtx_conf_cm.o(.constdata)
    CMSIS_RTOS_API_Version                   0x000051c4   Data           4  rtx_conf_cm.o(.constdata)
    CMSIS_RTOS_RTX_Version                   0x000051c8   Data           4  rtx_conf_cm.o(.constdata)
    os_clockrate                             0x000051cc   Data           4  rtx_conf_cm.o(.constdata)
    os_timernum                              0x000051d0   Data           4  rtx_conf_cm.o(.constdata)
    mp_tcb_size                              0x000051d4   Data           2  rtx_conf_cm.o(.constdata)
    mp_stk_size                              0x000051d8   Data           4  rtx_conf_cm.o(.constdata)
    os_stack_sz                              0x000051dc   Data           4  rtx_conf_cm.o(.constdata)
    os_fifo_size                             0x000051e0   Data           1  rtx_conf_cm.o(.constdata)
    os_thread_def_osTimerThread              0x000051e4   Data          16  rtx_conf_cm.o(.constdata)
    os_messageQ_def_osTimerMessageQ          0x000051f4   Data           8  rtx_conf_cm.o(.constdata)
    mp_tmr_size                              0x000051fc   Data           2  rtx_conf_cm.o(.constdata)
    os_thread_def_main                       0x00005200   Data          16  rtx_conf_cm.o(.constdata)
    Driver_CAN1                              0x00005228   Data          60  can_lpc17xx.o(.constdata)
    Driver_CAN2                              0x00005264   Data          60  can_lpc17xx.o(.constdata)
    Driver_USART2                            0x00005438   Data          56  uart_lpc17xx.o(.constdata)
    Region$$Table$$Base                      0x00005470   Number         0  anon$$obj.o(Region$$Table)
    Region$$Table$$Limit                     0x00005490   Number         0  anon$$obj.o(Region$$Table)
    tid_Thread1                              0x10000000   Data           4  thread.o(.data)
    id_CANthreadR                            0x10000004   Data           4  thread.o(.data)
    id_CANthreadT                            0x10000008   Data           4  thread.o(.data)
    osThreadId_osTimerThread                 0x1000000c   Data           4  rtx_conf_cm.o(.data)
    osMessageQId_osTimerMessageQ             0x10000010   Data           4  rtx_conf_cm.o(.data)
    os_tmr                                   0x10000014   Data           4  rtx_conf_cm.o(.data)
    m_tmr                                    0x10000018   Data           4  rtx_conf_cm.o(.data)
    SystemCoreClock                          0x10000054   Data           4  system_lpc17xx.o(.data)
    os_initialized                           0x10000058   Data           1  rt_cmsis.o(.data)
    os_running                               0x10000059   Data           1  rt_cmsis.o(.data)
    os_timer_head                            0x1000005c   Data           4  rt_cmsis.o(.data)
    os_tsk                                   0x10000060   Data           8  rt_task.o(.data)
    os_tick_irqn                             0x1000006c   Data           4  rt_system.o(.data)
    os_time                                  0x10000070   Data           4  rt_time.o(.data)
    os_robin                                 0x10000074   Data           8  rt_robin.o(.data)
    dbg_msg                                  0x1000007c   Data           1  hal_cm.o(.data)
    mp_tcb                                   0x10000080   Data         376  rtx_conf_cm.o(.bss)
    mp_stk                                   0x100001f8   Data        6016  rtx_conf_cm.o(.bss)
    os_stack_mem                             0x10001978   Data        1032  rtx_conf_cm.o(.bss)
    os_fifo                                  0x10001d80   Data         132  rtx_conf_cm.o(.bss)
    os_active_TCB                            0x10001e04   Data          28  rtx_conf_cm.o(.bss)
    os_messageQ_q_osTimerMessageQ            0x10001e20   Data          32  rtx_conf_cm.o(.bss)
    os_idle_TCB                              0x10002234   Data          52  rt_task.o(.bss)
    os_rdy                                   0x10002268   Data          24  rt_list.o(.bss)
    os_dly                                   0x10002280   Data          24  rt_list.o(.bss)
    __libspace_start                         0x10002298   Data          96  libspace.o(.bss)
    __temporary_stack_top$libspace           0x100022f8   Data           0  libspace.o(.bss)



==============================================================================

Memory Map of the image

  Image Entry point : 0x000000cd

  Load Region LR_IROM1 (Base: 0x00000000, Size: 0x00005510, Max: 0x00080000, ABSOLUTE)

    Execution Region ER_IROM1 (Base: 0x00000000, Size: 0x00005490, Max: 0x00080000, ABSOLUTE)

    Base Addr    Size         Type   Attr      Idx    E Section Name        Object

    0x00000000   0x000000cc   Data   RO          834    RESET               startup_lpc17xx.o
    0x000000cc   0x00000008   Code   RO         2102  * !!!main             c_w.l(__main.o)
    0x000000d4   0x00000034   Code   RO         2265    !!!scatter          c_w.l(__scatter.o)
    0x00000108   0x0000001a   Code   RO         2267    !!handler_copy      c_w.l(__scatter_copy.o)
    0x00000122   0x00000002   PAD
    0x00000124   0x0000001c   Code   RO         2269    !!handler_zi        c_w.l(__scatter_zi.o)
    0x00000140   0x00000002   Code   RO         2151    .ARM.Collect$$libinit$$00000000  c_w.l(libinit.o)
    0x00000142   0x00000000   Code   RO         2163    .ARM.Collect$$libinit$$00000002  c_w.l(libinit2.o)
    0x00000142   0x00000000   Code   RO         2165    .ARM.Collect$$libinit$$00000004  c_w.l(libinit2.o)
    0x00000142   0x00000000   Code   RO         2168    .ARM.Collect$$libinit$$0000000A  c_w.l(libinit2.o)
    0x00000142   0x00000000   Code   RO         2170    .ARM.Collect$$libinit$$0000000C  c_w.l(libinit2.o)
    0x00000142   0x00000000   Code   RO         2172    .ARM.Collect$$libinit$$0000000E  c_w.l(libinit2.o)
    0x00000142   0x00000000   Code   RO         2175    .ARM.Collect$$libinit$$00000011  c_w.l(libinit2.o)
    0x00000142   0x00000000   Code   RO         2177    .ARM.Collect$$libinit$$00000013  c_w.l(libinit2.o)
    0x00000142   0x00000000   Code   RO         2179    .ARM.Collect$$libinit$$00000015  c_w.l(libinit2.o)
    0x00000142   0x00000000   Code   RO         2181    .ARM.Collect$$libinit$$00000017  c_w.l(libinit2.o)
    0x00000142   0x00000000   Code   RO         2183    .ARM.Collect$$libinit$$00000019  c_w.l(libinit2.o)
    0x00000142   0x00000000   Code   RO         2185    .ARM.Collect$$libinit$$0000001B  c_w.l(libinit2.o)
    0x00000142   0x00000000   Code   RO         2187    .ARM.Collect$$libinit$$0000001D  c_w.l(libinit2.o)
    0x00000142   0x00000000   Code   RO         2189    .ARM.Collect$$libinit$$0000001F  c_w.l(libinit2.o)
    0x00000142   0x00000000   Code   RO         2191    .ARM.Collect$$libinit$$00000021  c_w.l(libinit2.o)
    0x00000142   0x00000000   Code   RO         2193    .ARM.Collect$$libinit$$00000023  c_w.l(libinit2.o)
    0x00000142   0x00000000   Code   RO         2195    .ARM.Collect$$libinit$$00000025  c_w.l(libinit2.o)
    0x00000142   0x00000000   Code   RO         2199    .ARM.Collect$$libinit$$0000002C  c_w.l(libinit2.o)
    0x00000142   0x00000000   Code   RO         2201    .ARM.Collect$$libinit$$0000002E  c_w.l(libinit2.o)
    0x00000142   0x00000000   Code   RO         2203    .ARM.Collect$$libinit$$00000030  c_w.l(libinit2.o)
    0x00000142   0x00000000   Code   RO         2205    .ARM.Collect$$libinit$$00000032  c_w.l(libinit2.o)
    0x00000142   0x00000002   Code   RO         2206    .ARM.Collect$$libinit$$00000033  c_w.l(libinit2.o)
    0x00000144   0x00000002   Code   RO         2152    .ARM.Collect$$libshutdown$$00000000  c_w.l(libshutdown.o)
    0x00000146   0x00000000   Code   RO         2208    .ARM.Collect$$libshutdown$$00000002  c_w.l(libshutdown2.o)
    0x00000146   0x00000000   Code   RO         2210    .ARM.Collect$$libshutdown$$00000004  c_w.l(libshutdown2.o)
    0x00000146   0x00000000   Code   RO         2213    .ARM.Collect$$libshutdown$$00000007  c_w.l(libshutdown2.o)
    0x00000146   0x00000000   Code   RO         2216    .ARM.Collect$$libshutdown$$0000000A  c_w.l(libshutdown2.o)
    0x00000146   0x00000000   Code   RO         2218    .ARM.Collect$$libshutdown$$0000000C  c_w.l(libshutdown2.o)
    0x00000146   0x00000000   Code   RO         2221    .ARM.Collect$$libshutdown$$0000000F  c_w.l(libshutdown2.o)
    0x00000146   0x00000002   Code   RO         2222    .ARM.Collect$$libshutdown$$00000010  c_w.l(libshutdown2.o)
    0x00000148   0x00000000   Code   RO         2104    .ARM.Collect$$rtentry$$00000000  c_w.l(__rtentry.o)
    0x00000148   0x00000000   Code   RO         2114    .ARM.Collect$$rtentry$$00000002  c_w.l(__rtentry2.o)
    0x00000148   0x00000006   Code   RO         2126    .ARM.Collect$$rtentry$$00000004  c_w.l(__rtentry4.o)
    0x0000014e   0x00000000   Code   RO         2116    .ARM.Collect$$rtentry$$00000009  c_w.l(__rtentry2.o)
    0x0000014e   0x00000004   Code   RO         2117    .ARM.Collect$$rtentry$$0000000A  c_w.l(__rtentry2.o)
    0x00000152   0x00000008   Code   RO         2118    .ARM.Collect$$rtentry$$0000000B  c_w.l(__rtentry2.o)
    0x0000015a   0x00000008   Code   RO         2120    .ARM.Collect$$rtentry$$0000000D  c_w.l(__rtentry2.o)
    0x00000162   0x00000002   Code   RO         2105    .ARM.Collect$$rtexit$$00000000  c_w.l(rtexit.o)
    0x00000164   0x00000000   Code   RO         2129    .ARM.Collect$$rtexit$$00000002  c_w.l(rtexit2.o)
    0x00000164   0x00000004   Code   RO         2130    .ARM.Collect$$rtexit$$00000003  c_w.l(rtexit2.o)
    0x00000168   0x00000006   Code   RO         2131    .ARM.Collect$$rtexit$$00000004  c_w.l(rtexit2.o)
    0x0000016e   0x00000002   PAD
    0x00000170   0x0000001c   Code   RO          168    .emb_text           rtx_conf_cm.o
    0x0000018c   0x00000130   Code   RO         2076    .emb_text           RTX_CM3.lib(hal_cm3.o)
    0x000002bc   0x0000003c   Code   RO          836    .text               startup_lpc17xx.o
    0x000002f8   0x00000002   Code   RO         2153    .text               c_w.l(use_no_semi.o)
    0x000002fa   0x00000000   Code   RO         2155    .text               c_w.l(indicate_semi.o)
    0x000002fa   0x00000002   Code   RO         1623    i.os_tick_irqack    RTX_CM3.lib(rt_system.o)
    0x000002fc   0x00000004   Code   RO          835    .ARM.__at_0x02FC    startup_lpc17xx.o
    0x00000300   0x00000008   Code   RO         2091    .text               c_w.l(libspace.o)
    0x00000308   0x000000ee   Code   RO         2094    .text               c_w.l(lludivv7m.o)
    0x000003f6   0x00000012   Code   RO         2096    .text               c_w.l(exit.o)
    0x00000408   0x0000008a   Code   RO         2098    .text               c_w.l(rt_memcpy_v6.o)
    0x00000492   0x00000006   Code   RO         2100    .text               c_w.l(heapauxi.o)
    0x00000498   0x00000064   Code   RO         2111    .text               c_w.l(rt_memcpy_w.o)
    0x000004fc   0x0000000c   Code   RO         2137    .text               c_w.l(sys_exit.o)
    0x00000508   0x0000004a   Code   RO         2139    .text               c_w.l(sys_stackheap_outer.o)
    0x00000552   0x00000002   PAD
    0x00000554   0x00000004   Code   RO         2086    SVC_TABLE           RTX_CM3.lib(svc_table.o)
    0x00000558   0x00000012   Code   RO          229    i.CAN1_Control      can_lpc17xx.o
    0x0000056a   0x0000000a   Code   RO          230    i.CAN1_GetClock     can_lpc17xx.o
    0x00000574   0x0000000c   Code   RO          231    i.CAN1_GetStatus    can_lpc17xx.o
    0x00000580   0x00000012   Code   RO          232    i.CAN1_Initialize   can_lpc17xx.o
    0x00000592   0x0000001c   Code   RO          233    i.CAN1_MessageRead  can_lpc17xx.o
    0x000005ae   0x0000001c   Code   RO          234    i.CAN1_MessageSend  can_lpc17xx.o
    0x000005ca   0x00000012   Code   RO          235    i.CAN1_ObjectConfigure  can_lpc17xx.o
    0x000005dc   0x00000010   Code   RO          236    i.CAN1_ObjectGetCapabilities  can_lpc17xx.o
    0x000005ec   0x0000001c   Code   RO          237    i.CAN1_ObjectSetFilter  can_lpc17xx.o
    0x00000608   0x0000000e   Code   RO          238    i.CAN1_PowerControl  can_lpc17xx.o
    0x00000616   0x00000016   Code   RO          239    i.CAN1_SetBitrate   can_lpc17xx.o
    0x0000062c   0x0000000e   Code   RO          240    i.CAN1_SetMode      can_lpc17xx.o
    0x0000063a   0x0000000a   Code   RO          241    i.CAN1_Uninitialize  can_lpc17xx.o
    0x00000644   0x00000012   Code   RO          242    i.CAN2_Control      can_lpc17xx.o
    0x00000656   0x0000000a   Code   RO          243    i.CAN2_GetClock     can_lpc17xx.o
    0x00000660   0x0000000c   Code   RO          244    i.CAN2_GetStatus    can_lpc17xx.o
    0x0000066c   0x00000012   Code   RO          245    i.CAN2_Initialize   can_lpc17xx.o
    0x0000067e   0x0000001c   Code   RO          246    i.CAN2_MessageRead  can_lpc17xx.o
    0x0000069a   0x0000001c   Code   RO          247    i.CAN2_MessageSend  can_lpc17xx.o
    0x000006b6   0x00000012   Code   RO          248    i.CAN2_ObjectConfigure  can_lpc17xx.o
    0x000006c8   0x00000010   Code   RO          249    i.CAN2_ObjectGetCapabilities  can_lpc17xx.o
    0x000006d8   0x0000001c   Code   RO          250    i.CAN2_ObjectSetFilter  can_lpc17xx.o
    0x000006f4   0x0000000e   Code   RO          251    i.CAN2_PowerControl  can_lpc17xx.o
    0x00000702   0x00000016   Code   RO          252    i.CAN2_SetBitrate   can_lpc17xx.o
    0x00000718   0x0000000e   Code   RO          253    i.CAN2_SetMode      can_lpc17xx.o
    0x00000726   0x0000000a   Code   RO          254    i.CAN2_Uninitialize  can_lpc17xx.o
    0x00000730   0x0000000c   Code   RO          255    i.CAN_GetCapabilities  can_lpc17xx.o
    0x0000073c   0x00000010   Code   RO          256    i.CAN_GetVersion    can_lpc17xx.o
    0x0000074c   0x000001f0   Code   RO          257    i.CAN_IRQHandler    can_lpc17xx.o
    0x0000093c   0x00000044   Code   RO           92    i.CANthreadR        thread.o
    0x00000980   0x00000040   Code   RO           93    i.CANthreadT        thread.o
    0x000009c0   0x00000438   Code   RO          258    i.CANx_AddFilter    can_lpc17xx.o
    0x00000df8   0x00000084   Code   RO          259    i.CANx_Control      can_lpc17xx.o
    0x00000e7c   0x000000a4   Code   RO          260    i.CANx_GetClock     can_lpc17xx.o
    0x00000f20   0x000000d8   Code   RO          261    i.CANx_GetStatus    can_lpc17xx.o
    0x00000ff8   0x0000007c   Code   RO          262    i.CANx_Initialize   can_lpc17xx.o
    0x00001074   0x000000b4   Code   RO          263    i.CANx_MessageRead  can_lpc17xx.o
    0x00001128   0x00000240   Code   RO          264    i.CANx_MessageSend  can_lpc17xx.o
    0x00001368   0x00000090   Code   RO          265    i.CANx_ObjectConfigure  can_lpc17xx.o
    0x000013f8   0x0000002c   Code   RO          266    i.CANx_ObjectGetCapabilities  can_lpc17xx.o
    0x00001424   0x000000a8   Code   RO          267    i.CANx_ObjectSetFilter  can_lpc17xx.o
    0x000014cc   0x00000148   Code   RO          268    i.CANx_PowerControl  can_lpc17xx.o
    0x00001614   0x000003f8   Code   RO          269    i.CANx_RemoveFilter  can_lpc17xx.o
    0x00001a0c   0x0000005c   Code   RO          270    i.CANx_ResetRuntimeInfo  can_lpc17xx.o
    0x00001a68   0x00000134   Code   RO          271    i.CANx_SetBitrate   can_lpc17xx.o
    0x00001b9c   0x00000140   Code   RO          272    i.CANx_SetMode      can_lpc17xx.o
    0x00001cdc   0x00000058   Code   RO          273    i.CANx_Uninitialize  can_lpc17xx.o
    0x00001d34   0x00000020   Code   RO          709    i.Clear_Channel_active_flag  gpdma_lpc17xx.o
    0x00001d54   0x00000180   Code   RO          710    i.DMA_IRQHandler    gpdma_lpc17xx.o
    0x00001ed4   0x000000f4   Code   RO          711    i.GPDMA_ChannelConfigure  gpdma_lpc17xx.o
    0x00001fc8   0x00000030   Code   RO          712    i.GPDMA_ChannelDisable  gpdma_lpc17xx.o
    0x00001ff8   0x00000030   Code   RO          714    i.GPDMA_ChannelGetCount  gpdma_lpc17xx.o
    0x00002028   0x000000b0   Code   RO          716    i.GPDMA_Initialize  gpdma_lpc17xx.o
    0x000020d8   0x00000044   Code   RO          717    i.GPDMA_PeripheralSelect  gpdma_lpc17xx.o
    0x0000211c   0x00000080   Code   RO          718    i.GPDMA_Uninitialize  gpdma_lpc17xx.o
    0x0000219c   0x00000044   Code   RO          497    i.GetUsartClockFreq  uart_lpc17xx.o
    0x000021e0   0x0000005c   Code   RO           94    i.InitCan1          thread.o
    0x0000223c   0x000000fc   Code   RO          799    i.PIN_Configure     pin_lpc17xx.o
    0x00002338   0x00000038   Code   RO          719    i.Set_Channel_active_flag  gpdma_lpc17xx.o
    0x00002370   0x00000140   Code   RO          846    i.SystemInit        system_lpc17xx.o
    0x000024b0   0x00000020   Code   RO           95    i.Thread1           thread.o
    0x000024d0   0x00000010   Code   RO          498    i.UART2_IRQHandler  uart_lpc17xx.o
    0x000024e0   0x00000018   Code   RO          499    i.USART2_Control    uart_lpc17xx.o
    0x000024f8   0x00000014   Code   RO          500    i.USART2_GPDMA_Rx_Event  uart_lpc17xx.o
    0x0000250c   0x00000014   Code   RO          501    i.USART2_GPDMA_Tx_Event  uart_lpc17xx.o
    0x00002520   0x00000010   Code   RO          502    i.USART2_GetCapabilities  uart_lpc17xx.o
    0x00002530   0x00000010   Code   RO          503    i.USART2_GetModemStatus  uart_lpc17xx.o
    0x00002540   0x00000010   Code   RO          504    i.USART2_GetRxCount  uart_lpc17xx.o
    0x00002550   0x00000010   Code   RO          505    i.USART2_GetStatus  uart_lpc17xx.o
    0x00002560   0x00000010   Code   RO          506    i.USART2_GetTxCount  uart_lpc17xx.o
    0x00002570   0x00000014   Code   RO          507    i.USART2_Initialize  uart_lpc17xx.o
    0x00002584   0x00000014   Code   RO          508    i.USART2_PowerControl  uart_lpc17xx.o
    0x00002598   0x00000018   Code   RO          509    i.USART2_Receive    uart_lpc17xx.o
    0x000025b0   0x00000018   Code   RO          510    i.USART2_Send       uart_lpc17xx.o
    0x000025c8   0x00000014   Code   RO          511    i.USART2_SetModemControl  uart_lpc17xx.o
    0x000025dc   0x0000001c   Code   RO          512    i.USART2_Transfer   uart_lpc17xx.o
    0x000025f8   0x00000010   Code   RO          513    i.USART2_Uninitialize  uart_lpc17xx.o
    0x00002608   0x00000644   Code   RO          514    i.USART_Control     uart_lpc17xx.o
    0x00002c4c   0x00000086   Code   RO          515    i.USART_GPDMA_Rx_Event  uart_lpc17xx.o
    0x00002cd2   0x0000004a   Code   RO          516    i.USART_GPDMA_Tx_Event  uart_lpc17xx.o
    0x00002d1c   0x00000006   Code   RO          517    i.USART_GetCapabilities  uart_lpc17xx.o
    0x00002d22   0x000000ec   Code   RO          518    i.USART_GetModemStatus  uart_lpc17xx.o
    0x00002e0e   0x0000001c   Code   RO          519    i.USART_GetRxCount  uart_lpc17xx.o
    0x00002e2a   0x000000bc   Code   RO          520    i.USART_GetStatus   uart_lpc17xx.o
    0x00002ee6   0x0000001c   Code   RO          521    i.USART_GetTxCount  uart_lpc17xx.o
    0x00002f02   0x00000216   Code   RO          522    i.USART_IRQHandler  uart_lpc17xx.o
    0x00003118   0x000000fe   Code   RO          523    i.USART_Initialize  uart_lpc17xx.o
    0x00003216   0x00000002   PAD
    0x00003218   0x00000230   Code   RO          524    i.USART_PowerControl  uart_lpc17xx.o
    0x00003448   0x00000110   Code   RO          525    i.USART_Receive     uart_lpc17xx.o
    0x00003558   0x00000068   Code   RO          526    i.USART_RxLineIntHandler  uart_lpc17xx.o
    0x000035c0   0x0000019c   Code   RO          527    i.USART_Send        uart_lpc17xx.o
    0x0000375c   0x00000134   Code   RO          528    i.USART_SetBaudrate  uart_lpc17xx.o
    0x00003890   0x000000a0   Code   RO          529    i.USART_SetModemControl  uart_lpc17xx.o
    0x00003930   0x0000007a   Code   RO          530    i.USART_Transfer    uart_lpc17xx.o
    0x000039aa   0x000000e2   Code   RO          531    i.USART_Uninitialize  uart_lpc17xx.o
    0x00003a8c   0x00000010   Code   RO          532    i.USARTx_GetVersion  uart_lpc17xx.o
    0x00003a9c   0x0000001c   Code   RO          533    i.__NVIC_ClearPendingIRQ  uart_lpc17xx.o
    0x00003ab8   0x0000001c   Code   RO          720    i.__NVIC_ClearPendingIRQ  gpdma_lpc17xx.o
    0x00003ad4   0x00000046   Code   RO         1975    i._init_box         RTX_CM3.lib(rt_membox.o)
    0x00003b1a   0x00000002   PAD
    0x00003b1c   0x00000020   Code   RO          170    i._mutex_acquire    rtx_conf_cm.o
    0x00003b3c   0x0000001c   Code   RO          172    i._mutex_release    rtx_conf_cm.o
    0x00003b58   0x00000088   Code   RO            4    i.choisir_music     lib_dfplayer.o
    0x00003be0   0x00000030   Code   RO         2028    i.dbg_init          RTX_CM3.lib(hal_cm.o)
    0x00003c10   0x00000020   Code   RO         2029    i.dbg_task_notify   RTX_CM3.lib(hal_cm.o)
    0x00003c30   0x00000010   Code   RO         2030    i.dbg_task_switch   RTX_CM3.lib(hal_cm.o)
    0x00003c40   0x00000038   Code   RO            5    i.init_UART2        lib_dfplayer.o
    0x00003c78   0x0000002a   Code   RO          881    i.isrMessageGet     RTX_CM3.lib(rt_cmsis.o)
    0x00003ca2   0x0000002c   Code   RO          882    i.isrMessagePut     RTX_CM3.lib(rt_cmsis.o)
    0x00003cce   0x00000024   Code   RO          884    i.isrSignalSet      RTX_CM3.lib(rt_cmsis.o)
    0x00003cf2   0x00000002   PAD
    0x00003cf4   0x00000028   Code   RO         1712    i.isr_evt_set       RTX_CM3.lib(rt_event.o)
    0x00003d1c   0x00000056   Code   RO         1830    i.isr_mbx_receive   RTX_CM3.lib(rt_mailbox.o)
    0x00003d72   0x0000000e   Code   RO         1831    i.isr_mbx_send      RTX_CM3.lib(rt_mailbox.o)
    0x00003d80   0x00000070   Code   RO           96    i.main              thread.o
    0x00003df0   0x00000020   Code   RO           97    i.myCAN1_callback   thread.o
    0x00003e10   0x00000018   Code   RO          885    i.osDelay           RTX_CM3.lib(rt_cmsis.o)
    0x00003e28   0x00000024   Code   RO          886    i.osKernelInitialize  RTX_CM3.lib(rt_cmsis.o)
    0x00003e4c   0x0000006c   Code   RO          888    i.osKernelStart     RTX_CM3.lib(rt_cmsis.o)
    0x00003eb8   0x00000018   Code   RO          897    i.osMessageGet      RTX_CM3.lib(rt_cmsis.o)
    0x00003ed0   0x00000018   Code   RO          912    i.osSignalSet       RTX_CM3.lib(rt_cmsis.o)
    0x00003ee8   0x00000018   Code   RO          913    i.osSignalWait      RTX_CM3.lib(rt_cmsis.o)
    0x00003f00   0x0000002c   Code   RO          914    i.osThreadCreate    RTX_CM3.lib(rt_cmsis.o)
    0x00003f2c   0x00000018   Code   RO          915    i.osThreadExit      RTX_CM3.lib(rt_cmsis.o)
    0x00003f44   0x00000018   Code   RO          920    i.osThreadYield     RTX_CM3.lib(rt_cmsis.o)
    0x00003f5c   0x0000000c   Code   RO          921    i.osTimerCall       RTX_CM3.lib(rt_cmsis.o)
    0x00003f68   0x0000002c   Code   RO          926    i.osTimerThread     RTX_CM3.lib(rt_cmsis.o)
    0x00003f94   0x00000022   Code   RO          173    i.os_error          rtx_conf_cm.o
    0x00003fb6   0x00000004   Code   RO          174    i.os_idle_demon     rtx_conf_cm.o
    0x00003fba   0x00000002   PAD
    0x00003fbc   0x00000028   Code   RO         1622    i.os_tick_init      RTX_CM3.lib(rt_system.o)
    0x00003fe4   0x0000001a   Code   RO         1976    i.rt_alloc_box      RTX_CM3.lib(rt_membox.o)
    0x00003ffe   0x0000003e   Code   RO         2004    i.rt_alloc_mem      RTX_CM3.lib(rt_memory.o)
    0x0000403c   0x00000038   Code   RO         1503    i.rt_block          RTX_CM3.lib(rt_task.o)
    0x00004074   0x00000048   Code   RO         1953    i.rt_chk_robin      RTX_CM3.lib(rt_robin.o)
    0x000040bc   0x00000070   Code   RO         1754    i.rt_dec_dly        RTX_CM3.lib(rt_list.o)
    0x0000412c   0x00000044   Code   RO         1504    i.rt_dispatch       RTX_CM3.lib(rt_task.o)
    0x00004170   0x00000006   Code   RO         1920    i.rt_dly_wait       RTX_CM3.lib(rt_time.o)
    0x00004176   0x00000002   PAD
    0x00004178   0x00000050   Code   RO         1715    i.rt_evt_psh        RTX_CM3.lib(rt_event.o)
    0x000041c8   0x0000005c   Code   RO         1716    i.rt_evt_set        RTX_CM3.lib(rt_event.o)
    0x00004224   0x0000003c   Code   RO         1717    i.rt_evt_wait       RTX_CM3.lib(rt_event.o)
    0x00004260   0x0000002c   Code   RO         1977    i.rt_free_box       RTX_CM3.lib(rt_membox.o)
    0x0000428c   0x00000028   Code   RO         2005    i.rt_free_mem       RTX_CM3.lib(rt_memory.o)
    0x000042b4   0x00000028   Code   RO         1755    i.rt_get_first      RTX_CM3.lib(rt_list.o)
    0x000042dc   0x00000024   Code   RO         1756    i.rt_get_same_rdy_prio  RTX_CM3.lib(rt_list.o)
    0x00004300   0x00000008   Code   RO          931    i.rt_id2obj         RTX_CM3.lib(rt_cmsis.o)
    0x00004308   0x00000048   Code   RO         1505    i.rt_init_context   RTX_CM3.lib(rt_task.o)
    0x00004350   0x0000001a   Code   RO         2006    i.rt_init_mem       RTX_CM3.lib(rt_memory.o)
    0x0000436a   0x00000002   PAD
    0x0000436c   0x00000018   Code   RO         1954    i.rt_init_robin     RTX_CM3.lib(rt_robin.o)
    0x00004384   0x00000080   Code   RO         2031    i.rt_init_stack     RTX_CM3.lib(hal_cm.o)
    0x00004404   0x00000008   Code   RO         1832    i.rt_mbx_check      RTX_CM3.lib(rt_mailbox.o)
    0x0000440c   0x0000001a   Code   RO         1833    i.rt_mbx_init       RTX_CM3.lib(rt_mailbox.o)
    0x00004426   0x00000002   PAD
    0x00004428   0x000000f0   Code   RO         1834    i.rt_mbx_psh        RTX_CM3.lib(rt_mailbox.o)
    0x00004518   0x000000b4   Code   RO         1836    i.rt_mbx_wait       RTX_CM3.lib(rt_mailbox.o)
    0x000045cc   0x00000044   Code   RO          932    i.rt_ms2tick        RTX_CM3.lib(rt_cmsis.o)
    0x00004610   0x000000d8   Code   RO         1589    i.rt_mut_release    RTX_CM3.lib(rt_mutex.o)
    0x000046e8   0x00000078   Code   RO         1590    i.rt_mut_wait       RTX_CM3.lib(rt_mutex.o)
    0x00004760   0x0000007c   Code   RO         1626    i.rt_pop_req        RTX_CM3.lib(rt_system.o)
    0x000047dc   0x00000020   Code   RO         1627    i.rt_psh_req        RTX_CM3.lib(rt_system.o)
    0x000047fc   0x0000005c   Code   RO         1757    i.rt_psq_enq        RTX_CM3.lib(rt_list.o)
    0x00004858   0x00000048   Code   RO         1758    i.rt_put_dly        RTX_CM3.lib(rt_list.o)
    0x000048a0   0x00000036   Code   RO         1759    i.rt_put_prio       RTX_CM3.lib(rt_list.o)
    0x000048d6   0x00000002   PAD
    0x000048d8   0x00000014   Code   RO         1760    i.rt_put_rdy_first  RTX_CM3.lib(rt_list.o)
    0x000048ec   0x00000034   Code   RO         1761    i.rt_resort_prio    RTX_CM3.lib(rt_list.o)
    0x00004920   0x00000006   Code   RO         2032    i.rt_ret_val        RTX_CM3.lib(hal_cm.o)
    0x00004926   0x00000008   Code   RO         2033    i.rt_ret_val2       RTX_CM3.lib(hal_cm.o)
    0x0000492e   0x00000028   Code   RO         1762    i.rt_rmv_dly        RTX_CM3.lib(rt_list.o)
    0x00004956   0x00000002   PAD
    0x00004958   0x00000030   Code   RO         1763    i.rt_rmv_list       RTX_CM3.lib(rt_list.o)
    0x00004988   0x00000034   Code   RO         1881    i.rt_sem_psh        RTX_CM3.lib(rt_semaphore.o)
    0x000049bc   0x00000024   Code   RO         1629    i.rt_stk_check      RTX_CM3.lib(rt_system.o)
    0x000049e0   0x00000028   Code   RO         1506    i.rt_switch_req     RTX_CM3.lib(rt_task.o)
    0x00004a08   0x000000cc   Code   RO         1507    i.rt_sys_init       RTX_CM3.lib(rt_task.o)
    0x00004ad4   0x00000078   Code   RO         1508    i.rt_sys_start      RTX_CM3.lib(rt_task.o)
    0x00004b4c   0x00000040   Code   RO         1631    i.rt_systick        RTX_CM3.lib(rt_system.o)
    0x00004b8c   0x00000012   Code   RO          933    i.rt_tid2ptcb       RTX_CM3.lib(rt_cmsis.o)
    0x00004b9e   0x00000002   PAD
    0x00004ba0   0x00000034   Code   RO          934    i.rt_timer_insert   RTX_CM3.lib(rt_cmsis.o)
    0x00004bd4   0x00000088   Code   RO         1509    i.rt_tsk_create     RTX_CM3.lib(rt_task.o)
    0x00004c5c   0x0000017c   Code   RO         1510    i.rt_tsk_delete     RTX_CM3.lib(rt_task.o)
    0x00004dd8   0x00000030   Code   RO         1511    i.rt_tsk_pass       RTX_CM3.lib(rt_task.o)
    0x00004e08   0x0000007c   Code   RO         1512    i.rt_tsk_prio       RTX_CM3.lib(rt_task.o)
    0x00004e84   0x00000010   Code   RO         1513    i.rt_tsk_self       RTX_CM3.lib(rt_task.o)
    0x00004e94   0x00000012   Code   RO          936    i.svcDelay          RTX_CM3.lib(rt_cmsis.o)
    0x00004ea6   0x00000002   PAD
    0x00004ea8   0x00000070   Code   RO          937    i.svcKernelInitialize  RTX_CM3.lib(rt_cmsis.o)
    0x00004f18   0x00000048   Code   RO          939    i.svcKernelStart    RTX_CM3.lib(rt_cmsis.o)
    0x00004f60   0x00000024   Code   RO          942    i.svcMessageCreate  RTX_CM3.lib(rt_cmsis.o)
    0x00004f84   0x0000003a   Code   RO          943    i.svcMessageGet     RTX_CM3.lib(rt_cmsis.o)
    0x00004fbe   0x00000024   Code   RO          955    i.svcSignalSet      RTX_CM3.lib(rt_cmsis.o)
    0x00004fe2   0x00000002   PAD
    0x00004fe4   0x00000054   Code   RO          956    i.svcSignalWait     RTX_CM3.lib(rt_cmsis.o)
    0x00005038   0x0000006c   Code   RO          957    i.svcThreadCreate   RTX_CM3.lib(rt_cmsis.o)
    0x000050a4   0x0000001c   Code   RO          958    i.svcThreadGetId    RTX_CM3.lib(rt_cmsis.o)
    0x000050c0   0x00000038   Code   RO          961    i.svcThreadTerminate  RTX_CM3.lib(rt_cmsis.o)
    0x000050f8   0x0000000a   Code   RO          962    i.svcThreadYield    RTX_CM3.lib(rt_cmsis.o)
    0x00005102   0x00000018   Code   RO          963    i.svcTimerCall      RTX_CM3.lib(rt_cmsis.o)
    0x0000511a   0x00000002   PAD
    0x0000511c   0x0000005c   Code   RO          972    i.sysTimerTick      RTX_CM3.lib(rt_cmsis.o)
    0x00005178   0x00000030   Data   RO           98    .constdata          thread.o
    0x000051a8   0x00000068   Data   RO          176    .constdata          rtx_conf_cm.o
    0x00005210   0x00000090   Data   RO          274    .constdata          can_lpc17xx.o
    0x000052a0   0x000001d0   Data   RO          535    .constdata          uart_lpc17xx.o
    0x00005470   0x00000020   Data   RO         2263    Region$$Table       anon$$obj.o


    Execution Region RW_IRAM1 (Base: 0x10000000, Size: 0x000024f8, Max: 0x00008000, ABSOLUTE)

    Base Addr    Size         Type   Attr      Idx    E Section Name        Object

    0x10000000   0x0000000c   Data   RW           99    .data               thread.o
    0x1000000c   0x00000014   Data   RW          177    .data               rtx_conf_cm.o
    0x10000020   0x00000028   Data   RW          275    .data               can_lpc17xx.o
    0x10000048   0x00000004   Data   RW          536    .data               uart_lpc17xx.o
    0x1000004c   0x00000008   Data   RW          722    .data               gpdma_lpc17xx.o
    0x10000054   0x00000004   Data   RW          847    .data               system_lpc17xx.o
    0x10000058   0x00000008   Data   RW          975    .data               RTX_CM3.lib(rt_cmsis.o)
    0x10000060   0x00000008   Data   RW         1515    .data               RTX_CM3.lib(rt_task.o)
    0x10000068   0x00000008   Data   RW         1634    .data               RTX_CM3.lib(rt_system.o)
    0x10000070   0x00000004   Data   RW         1924    .data               RTX_CM3.lib(rt_time.o)
    0x10000074   0x00000008   Data   RW         1955    .data               RTX_CM3.lib(rt_robin.o)
    0x1000007c   0x00000001   Data   RW         2034    .data               RTX_CM3.lib(hal_cm.o)
    0x1000007d   0x00000003   PAD
    0x10000080   0x000020e0   Zero   RW          175    .bss                rtx_conf_cm.o
    0x10002160   0x00000034   Zero   RW          534    .bss                uart_lpc17xx.o
    0x10002194   0x000000a0   Zero   RW          721    .bss                gpdma_lpc17xx.o
    0x10002234   0x00000034   Zero   RW         1514    .bss                RTX_CM3.lib(rt_task.o)
    0x10002268   0x00000030   Zero   RW         1764    .bss                RTX_CM3.lib(rt_list.o)
    0x10002298   0x00000060   Zero   RW         2092    .bss                c_w.l(libspace.o)
    0x100022f8   0x00000000   Zero   RW          833    HEAP                startup_lpc17xx.o
    0x100022f8   0x00000200   Zero   RW          832    STACK               startup_lpc17xx.o


==============================================================================

Image component sizes


      Code (inc. data)   RO Data    RW Data    ZI Data      Debug   Object Name

      5976        288        144         40          0      59045   can_lpc17xx.o
      1212         94          0          8        160       8082   gpdma_lpc17xx.o
       192         10          0          0          0      40669   lib_dfplayer.o
       252          6          0          0          0        804   pin_lpc17xx.o
       126         26        104         20       8416       9219   rtx_conf_cm.o
        64         26        204          0        512       1052   startup_lpc17xx.o
       320         18          0          4          0        859   system_lpc17xx.o
       400         60         48         12          0      13486   thread.o
      5674        152        464          4         52      26727   uart_lpc17xx.o

    ----------------------------------------------------------------------
     14220        680        996         88       9140     159943   Object Totals
         0          0         32          0          0          0   (incl. Generated)
         4          0          0          0          0          0   (incl. Padding)

    ----------------------------------------------------------------------

      Code (inc. data)   RO Data    RW Data    ZI Data      Debug   Library Member Name

       238         24          0          1          0       3268   hal_cm.o
       304         36          0          0          0        760   hal_cm3.o
      1390        166          0          8          0      37443   rt_cmsis.o
       272         18          0          0          0       2618   rt_event.o
       566         44          0          0         48       8700   rt_list.o
       554         10          0          0          0       3901   rt_mailbox.o
       140          0          0          0          0       1901   rt_membox.o
       128          0          0          0          0       2275   rt_memory.o
       336         14          0          0          0       1631   rt_mutex.o
        96         22          0          8          0       1134   rt_robin.o
        52          4          0          0          0        565   rt_semaphore.o
       298         52          0          8          0       6151   rt_system.o
      1264        184          0          8         52      10055   rt_task.o
         6          0          0          4          0        644   rt_time.o
         4          4          0          0          0        200   svc_table.o
         8          0          0          0          0         68   __main.o
         0          0          0          0          0          0   __rtentry.o
        20          0          0          0          0          0   __rtentry2.o
         6          0          0          0          0          0   __rtentry4.o
        52          8          0          0          0          0   __scatter.o
        26          0          0          0          0          0   __scatter_copy.o
        28          0          0          0          0          0   __scatter_zi.o
        18          0          0          0          0         80   exit.o
         6          0          0          0          0        152   heapauxi.o
         0          0          0          0          0          0   indicate_semi.o
         2          0          0          0          0          0   libinit.o
         2          0          0          0          0          0   libinit2.o
         2          0          0          0          0          0   libshutdown.o
         2          0          0          0          0          0   libshutdown2.o
         8          4          0          0         96         68   libspace.o
       238          0          0          0          0        100   lludivv7m.o
       138          0          0          0          0         68   rt_memcpy_v6.o
       100          0          0          0          0         80   rt_memcpy_w.o
         2          0          0          0          0          0   rtexit.o
        10          0          0          0          0          0   rtexit2.o
        12          4          0          0          0         68   sys_exit.o
        74          0          0          0          0         80   sys_stackheap_outer.o
         2          0          0          0          0         68   use_no_semi.o

    ----------------------------------------------------------------------
      6432        594          0         40        196      82078   Library Totals
        28          0          0          3          0          0   (incl. Padding)

    ----------------------------------------------------------------------

      Code (inc. data)   RO Data    RW Data    ZI Data      Debug   Library Name

      5648        578          0         37        100      81246   RTX_CM3.lib
       756         16          0          0         96        832   c_w.l

    ----------------------------------------------------------------------
      6432        594          0         40        196      82078   Library Totals

    ----------------------------------------------------------------------

==============================================================================


      Code (inc. data)   RO Data    RW Data    ZI Data      Debug   

     20652       1274        996        128       9336     232033   Grand Totals
     20652       1274        996        128       9336     232033   ELF Image Totals
     20652       1274        996        128          0          0   ROM Totals

==============================================================================

    Total RO  Size (Code + RO Data)                21648 (  21.14kB)
    Total RW  Size (RW Data + ZI Data)              9464 (   9.24kB)
    Total ROM Size (Code + RO Data + RW Data)      21776 (  21.27kB)

==============================================================================

