<html>
<body>
<pre>
<h1>µVision Build Log</h1>
<h2>Tool Versions:</h2>
IDE-Version: ÂµVision V5.39.0.0
Copyright (C) 2023 ARM Ltd and ARM Germany GmbH. All rights reserved.
License Information: Maël Kouassi, IUT de Cachan, LIC=----
 
Tool Versions:
Toolchain:       MDK-Lite  Version: 5.39.0.0
Toolchain Path:  C:\Keil_v5\ARM\ARMCLANG\Bin
C Compiler:      ArmClang.exe V6.21
Assembler:       Armasm.exe V6.21
Linker/Locator:  ArmLink.exe V6.21
Library Manager: ArmAr.exe V6.21
Hex Converter:   FromElf.exe V6.21
CPU DLL:         SARMCM3.DLL V5.39.0.0
Dialog DLL:      DCM.DLL V1.17.5.0
Target DLL:      STLink\ST-LINKIII-KEIL_SWO.dll V3.2.0.0
Dialog DLL:      TCM.DLL V1.56.4.0
 
<h2>Project:</h2>
D:\KEIL\Projet_Voiture_Lum\IT2R-lumiere\RE V1\REV1.uvprojx
Project File Date:  04/02/2024

<h2>Output:</h2>
*** Using Compiler 'V6.21', folder: 'C:\Keil_v5\ARM\ARMCLANG\Bin'
Build target 'Target 1'
main.c(3): warning: In file included from...
C:/Users/maelk/AppData/Local/Arm/Packs/ARM/CMSIS/5.6.0/CMSIS/RTOS/RTX/INC\cmsis_os.h(73): warning: '__NO_RETURN' macro redefined [-Wmacro-redefined]
   73 | #define __NO_RETURN __attribute__((noreturn))
      |         ^
C:/Users/maelk/AppData/Local/Arm/Packs/ARM/CMSIS/5.6.0/CMSIS/Core/Include/cmsis_armclang.h(50): note: previous definition is here
   50 |   #define __NO_RETURN                            __attribute__((__noreturn__))
      |           ^
1 warning generated.
compiling main.c...
linking...
Program Size: Code=21190 RO-data=770 RW-data=56 ZI-data=20872  
".\Objects\REV1.axf" - 0 Error(s), 1 Warning(s).

<h2>Software Packages used:</h2>

Package Vendor: ARM
                http://www.keil.com/pack/ARM.CMSIS.5.6.0.pack
                ARM::CMSIS@5.6.0
                CMSIS (Cortex Microcontroller Software Interface Standard)
   * Component: CAN Version: 1.2.0
   * Component: SPI Version: 2.2.0
   * Component: RTOS Version: 1.0.0
   * Component: CORE Version: 5.3.0
   * Component: Keil RTX Version: 4.82.0

Package Vendor: Keil
                http://www.keil.com/pack/Keil.STM32F4xx_DFP.2.14.0.pack
                Keil::STM32F4xx_DFP@2.14.0
                STMicroelectronics STM32F4 Series Device Support, Drivers and Examples
   * Component: STM32Cube Framework Version: 1.0.0
   * Component: CAN Version: 1.16
   * Component: SPI Version: 2.12
   * Component: Classic Version: 1.7.6
   * Component: ADC Version: 1.7.6
   * Component: CAN Version: 1.7.6
   * Component: Common Version: 1.7.6
   * Component: Cortex Version: 1.7.6
   * Component: DMA Version: 1.7.6
   * Component: GPIO Version: 1.7.6
   * Component: I2C Version: 1.7.6
   * Component: PWR Version: 1.7.6
   * Component: RCC Version: 1.7.6
   * Component: SPI Version: 1.7.6
   * Component: UART Version: 1.7.6
   * Component: Startup Version: 2.6.3

<h2>Collection of Component include folders:</h2>
  ./RTE/Device/STM32F407VGTx
  ./RTE/_Target_1
  C:/Users/maelk/AppData/Local/Arm/Packs/ARM/CMSIS/5.6.0/CMSIS/Core/Include
  C:/Users/maelk/AppData/Local/Arm/Packs/ARM/CMSIS/5.6.0/CMSIS/Driver/Include
  C:/Users/maelk/AppData/Local/Arm/Packs/ARM/CMSIS/5.6.0/CMSIS/RTOS/RTX/INC
  C:/Users/maelk/AppData/Local/Arm/Packs/Keil/STM32F4xx_DFP/2.14.0/Drivers/CMSIS/Device/ST/STM32F4xx/Include
  C:/Users/maelk/AppData/Local/Arm/Packs/Keil/STM32F4xx_DFP/2.14.0/Drivers/STM32F4xx_HAL_Driver/Inc

<h2>Collection of Component Files used:</h2>

   * Component: ::CMSIS Driver:CAN(API)@1.2.0
      Include file:  CMSIS/Driver/Include/Driver_CAN.h

   * Component: ::CMSIS Driver:SPI(API)@2.2.0
      Include file:  CMSIS/Driver/Include/Driver_SPI.h

   * Component: ::CMSIS:RTOS(API)@1.0.0

   * Component: ::Device:STM32Cube Framework(API)@1.0.0

   * Component: ARM::CMSIS:CORE@5.3.0

   * Component: ARM::CMSIS:RTOS:Keil RTX@4.82.0
      Source file:   CMSIS/RTOS/RTX/UserCodeTemplates/main.c
      Source file:   CMSIS/RTOS/RTX/UserCodeTemplates/MailQueue.c
      Source file:   CMSIS/RTOS/RTX/UserCodeTemplates/MemPool.c
      Include file:  CMSIS/RTOS/RTX/INC/cmsis_os.h
      Source file:   CMSIS/RTOS/RTX/UserCodeTemplates/MsgQueue.c
      Source file:   CMSIS/RTOS/RTX/UserCodeTemplates/Mutex.c
      Source file:   CMSIS/RTOS/RTX/Templates/RTX_Conf_CM.c
      Include file:  CMSIS/RTOS/RTX/UserCodeTemplates/osObjects.h
      Source file:   CMSIS/RTOS/RTX/UserCodeTemplates/Timer.c
      Source file:   CMSIS/RTOS/RTX/UserCodeTemplates/Semaphore.c
      Library file:  CMSIS/RTOS/RTX/LIB/ARM/RTX_CM4.lib
      Source file:   CMSIS/RTOS/RTX/UserCodeTemplates/Thread.c
      Source file:   CMSIS/RTOS/RTX/SRC/ARM/SVC_Table.s

   * Component: Keil::CMSIS Driver:CAN@1.16
      Source file:   CMSIS/Driver/CAN_STM32F4xx.c

   * Component: Keil::CMSIS Driver:SPI@2.12
      Source file:   CMSIS/Driver/SPI_STM32F4xx.c

   * Component: Keil::Device:STM32Cube Framework:Classic@1.7.6
      Include file:  MDK/Templates/Inc/stm32f4xx_it.h
      Source file:   MDK/Templates/Src/main.c
      Include file:  MDK/Templates/Inc/stm32f4xx_hal_conf.h
      Source file:   MDK/Templates/Src/stm32f4xx_it.c
      Include file:  MDK/Templates/Inc/main.h
      Include file:  CMSIS/Driver/Config/RTE_Device.h
      Source file:   MDK/Templates/Src/stm32f4xx_hal_msp.c
      Include file:  MDK/Templates_LL/Inc/main.h
      Source file:   MDK/Templates_LL/Src/main.c

   * Component: Keil::Device:STM32Cube HAL:ADC@1.7.6
      Source file:   Drivers/STM32F4xx_HAL_Driver/Src/stm32f4xx_hal_adc_ex.c
      Source file:   Drivers/STM32F4xx_HAL_Driver/Src/stm32f4xx_hal_adc.c

   * Component: Keil::Device:STM32Cube HAL:CAN@1.7.6
      Source file:   Drivers/STM32F4xx_HAL_Driver/Src/stm32f4xx_hal_can.c

   * Component: Keil::Device:STM32Cube HAL:Common@1.7.6
      Source file:   Drivers/STM32F4xx_HAL_Driver/Src/stm32f4xx_hal.c
      Include file:  Drivers/STM32F4xx_HAL_Driver/Inc/stm32f4xx_hal.h

   * Component: Keil::Device:STM32Cube HAL:Cortex@1.7.6
      Source file:   Drivers/STM32F4xx_HAL_Driver/Src/stm32f4xx_hal_cortex.c

   * Component: Keil::Device:STM32Cube HAL:DMA@1.7.6
      Source file:   Drivers/STM32F4xx_HAL_Driver/Src/stm32f4xx_hal_dma_ex.c
      Source file:   Drivers/STM32F4xx_HAL_Driver/Src/stm32f4xx_hal_dma.c

   * Component: Keil::Device:STM32Cube HAL:GPIO@1.7.6
      Source file:   Drivers/STM32F4xx_HAL_Driver/Src/stm32f4xx_hal_gpio.c

   * Component: Keil::Device:STM32Cube HAL:I2C@1.7.6
      Source file:   Drivers/STM32F4xx_HAL_Driver/Src/stm32f4xx_hal_i2c.c

   * Component: Keil::Device:STM32Cube HAL:PWR@1.7.6
      Source file:   Drivers/STM32F4xx_HAL_Driver/Src/stm32f4xx_hal_pwr.c
      Source file:   Drivers/STM32F4xx_HAL_Driver/Src/stm32f4xx_hal_pwr_ex.c

   * Component: Keil::Device:STM32Cube HAL:RCC@1.7.6
      Source file:   Drivers/STM32F4xx_HAL_Driver/Src/stm32f4xx_hal_rcc_ex.c
      Source file:   Drivers/STM32F4xx_HAL_Driver/Src/stm32f4xx_hal_rcc.c

   * Component: Keil::Device:STM32Cube HAL:SPI@1.7.6
      Source file:   Drivers/STM32F4xx_HAL_Driver/Src/stm32f4xx_hal_spi.c

   * Component: Keil::Device:STM32Cube HAL:UART@1.7.6
      Source file:   Drivers/STM32F4xx_HAL_Driver/Src/stm32f4xx_hal_uart.c

   * Component: Keil::Device:Startup@2.6.3
      Source file:   Drivers/CMSIS/Device/ST/STM32F4xx/Source/Templates/arm/startup_stm32f407xx.s
      Include file:  Drivers/CMSIS/Device/ST/STM32F4xx/Include/stm32f4xx.h
      Source file:   MDK/Device/Source/ARM/STM32F4xx_OTP.s
      Source file:   MDK/Device/Source/ARM/STM32F40xxx_41xxx_OPT.s
      Source file:   Drivers/CMSIS/Device/ST/STM32F4xx/Source/Templates/system_stm32f4xx.c
Build Time Elapsed:  00:00:01
</pre>
</body>
</html>
